<html>
<body>
<pre>
<h1>µVision Build Log</h1>
<h2>Tool Versions:</h2>
IDE-Version: ¦ÌVision V5.33.0.0
Copyright (C) 2020 ARM Ltd and ARM Germany GmbH. All rights reserved.
License Information: wu mingpu, 1, LIC=TIVNB-2Z0X5-CXXU6-DFSHL-SQ46K-0K0BB
 
Tool Versions:
Toolchain:       MDK-ARM Plus  Version: 5.33.0.0
Toolchain Path:  C:\Keil_v5\ARM\ARMCC\Bin
C Compiler:      Armcc.exe V5.06 update 7 (build 960)
Assembler:       Armasm.exe V5.06 update 7 (build 960)
Linker/Locator:  ArmLink.exe V5.06 update 7 (build 960)
Library Manager: ArmAr.exe V5.06 update 7 (build 960)
Hex Converter:   FromElf.exe V5.06 update 7 (build 960)
CPU DLL:         SARMCM3.DLL V5.33.0.0
Dialog DLL:      DARMCM1.DLL V1.19.4.0
Target DLL:      STLink\ST-LINKIII-KEIL_SWO.dll V3.0.8.0
Dialog DLL:      TARMCM1.DLL V1.14.3.0
 
<h2>Project:</h2>
C:\Users\renxinrui\Documents\Wmp\mcu\pro\MyflyCon\MDK-ARM\MyflyCon.uvprojx
Project File Date:  07/29/2023

<h2>Output:</h2>
*** Using Compiler 'V5.06 update 7 (build 960)', folder: 'C:\Keil_v5\ARM\ARMCC\Bin'
Build target 'MyflyCon'
compiling main.c...
../Core/Src/main.c(99): warning:  #177-D: variable "ucomp_data"  was declared but never referenced
      struct bmp280_uncomp_data ucomp_data;
../Core/Src/main.c(100): warning:  #177-D: variable "temp32"  was declared but never referenced
      int32_t temp32;
../Core/Src/main.c(101): warning:  #177-D: variable "pres32"  was declared but never referenced
      uint32_t pres32, pres64;
../Core/Src/main.c(101): warning:  #177-D: variable "pres64"  was declared but never referenced
      uint32_t pres32, pres64;
../Core/Src/main.c(103): warning:  #177-D: variable "pres"  was declared but never referenced
      double pres;
../Core/Src/main.c: 5 warnings, 0 errors
linking...
Program Size: Code=28916 RO-data=3700 RW-data=136 ZI-data=1496  
FromELF: creating hex file...
"MyflyCon\MyflyCon.axf" - 0 Error(s), 5 Warning(s).

<h2>Software Packages used:</h2>

Package Vendor: ARM
                http://www.keil.com/pack/ARM.CMSIS.5.7.0.pack
                ARM.CMSIS.5.7.0
                CMSIS (Cortex Microcontroller Software Interface Standard)
   * Component: CORE Version: 5.4.0

Package Vendor: Keil
                http://www.keil.com/pack/Keil.STM32F0xx_DFP.2.0.0.pack
                Keil.STM32F0xx_DFP.2.0.0
                STMicroelectronics STM32F0 Series Device Support, Drivers and Examples

<h2>Collection of Component include folders:</h2>
  .\RTE\_MyflyCon
  C:\Users\renxinrui\AppData\Local\Arm\Packs\ARM\CMSIS\5.7.0\CMSIS\Core\Include
  C:\Users\renxinrui\AppData\Local\Arm\Packs\Keil\STM32F0xx_DFP\2.0.0\Drivers\CMSIS\Device\ST\STM32F0xx\Include

<h2>Collection of Component Files used:</h2>

   * Component: ARM::CMSIS:CORE:5.4.0
      Include file:  CMSIS\Core\Include\tz_context.h
Build Time Elapsed:  00:00:01
</pre>
</body>
</html>
