Component: ARM Compiler 5.06 update 7 (build 960) Tool: armlink [4d3601]

==============================================================================

Section Cross References

    startup_stm32f030x8.o(RESET) refers to startup_stm32f030x8.o(STACK) for __initial_sp
    startup_stm32f030x8.o(RESET) refers to startup_stm32f030x8.o(.text) for Reset_Handler
    startup_stm32f030x8.o(RESET) refers to stm32f0xx_it.o(i.NMI_Handler) for NMI_Handler
    startup_stm32f030x8.o(RESET) refers to stm32f0xx_it.o(i.HardFault_Handler) for HardFault_Handler
    startup_stm32f030x8.o(RESET) refers to stm32f0xx_it.o(i.SVC_Handler) for SVC_Handler
    startup_stm32f030x8.o(RESET) refers to stm32f0xx_it.o(i.PendSV_Handler) for PendSV_Handler
    startup_stm32f030x8.o(RESET) refers to stm32f0xx_it.o(i.SysTick_Handler) for SysTick_Handler
    startup_stm32f030x8.o(RESET) refers to stm32f0xx_it.o(i.I2C2_IRQHandler) for I2C2_IRQHandler
    startup_stm32f030x8.o(RESET) refers to stm32f0xx_it.o(i.SPI1_IRQHandler) for SPI1_IRQHandler
    startup_stm32f030x8.o(.text) refers to system_stm32f0xx.o(i.SystemInit) for SystemInit
    startup_stm32f030x8.o(.text) refers to entry.o(.ARM.Collect$$$$00000000) for __main
    led.o(i.LedBlink) refers to stm32f0xx_hal_gpio.o(i.HAL_GPIO_TogglePin) for HAL_GPIO_TogglePin
    oled.o(i.OLED_Clear) refers to oled.o(i.OLED_WR_Byte) for OLED_WR_Byte
    oled.o(i.OLED_Display_Off) refers to oled.o(i.OLED_WR_Byte) for OLED_WR_Byte
    oled.o(i.OLED_Display_On) refers to oled.o(i.OLED_WR_Byte) for OLED_WR_Byte
    oled.o(i.OLED_DrawBMP) refers to oled.o(i.OLED_Set_Pos) for OLED_Set_Pos
    oled.o(i.OLED_DrawBMP) refers to oled.o(i.OLED_WR_Byte) for OLED_WR_Byte
    oled.o(i.OLED_Init) refers to stm32f0xx_hal_gpio.o(i.HAL_GPIO_WritePin) for HAL_GPIO_WritePin
    oled.o(i.OLED_Init) refers to stm32f0xx_hal.o(i.HAL_Delay) for HAL_Delay
    oled.o(i.OLED_Init) refers to oled.o(i.OLED_WR_Byte) for OLED_WR_Byte
    oled.o(i.OLED_Init) refers to oled.o(i.OLED_Clear) for OLED_Clear
    oled.o(i.OLED_Init) refers to oled.o(i.OLED_Set_Pos) for OLED_Set_Pos
    oled.o(i.OLED_Set_Pos) refers to oled.o(i.OLED_WR_Byte) for OLED_WR_Byte
    oled.o(i.OLED_ShowCHinese) refers to oled.o(i.OLED_Set_Pos) for OLED_Set_Pos
    oled.o(i.OLED_ShowCHinese) refers to oled.o(i.OLED_WR_Byte) for OLED_WR_Byte
    oled.o(i.OLED_ShowCHinese) refers to oled.o(.data) for .data
    oled.o(i.OLED_ShowChar) refers to oled.o(i.OLED_Set_Pos) for OLED_Set_Pos
    oled.o(i.OLED_ShowChar) refers to oled.o(i.OLED_WR_Byte) for OLED_WR_Byte
    oled.o(i.OLED_ShowChar) refers to oled.o(.constdata) for .constdata
    oled.o(i.OLED_ShowImu) refers to f2d.o(.text) for __aeabi_f2d
    oled.o(i.OLED_ShowImu) refers to printfa.o(i.__0snprintf) for __2snprintf
    oled.o(i.OLED_ShowImu) refers to oled.o(i.OLED_ShowString) for OLED_ShowString
    oled.o(i.OLED_ShowImu) refers to oled.o(.bss) for .bss
    oled.o(i.OLED_ShowNum) refers to oled.o(i.oled_pow) for oled_pow
    oled.o(i.OLED_ShowNum) refers to uidiv.o(.text) for __aeabi_uidivmod
    oled.o(i.OLED_ShowNum) refers to oled.o(i.OLED_ShowChar) for OLED_ShowChar
    oled.o(i.OLED_ShowString) refers to oled.o(i.OLED_ShowChar) for OLED_ShowChar
    oled.o(i.OLED_WR_Byte) refers to stm32f0xx_hal_gpio.o(i.HAL_GPIO_WritePin) for HAL_GPIO_WritePin
    motor.o(i.SetMotorAngle) refers to dflti.o(.text) for __aeabi_i2d
    motor.o(i.SetMotorAngle) refers to dmul.o(.text) for __aeabi_dmul
    motor.o(i.SetMotorAngle) refers to dadd.o(.text) for __aeabi_dadd
    motor.o(i.SetMotorAngle) refers to dfixi.o(.text) for __aeabi_d2iz
    motor.o(i.SetMotorAngle) refers to tim.o(.bss) for htim14
    control.o(i.MapPitchToContorl) refers to motor.o(i.SetMotorAngle) for SetMotorAngle
    mpu6050.o(i.MPU_Get_Accelerometer) refers to mpu6050.o(i.MPU_Read_Len) for MPU_Read_Len
    mpu6050.o(i.MPU_Get_Gyroscope) refers to mpu6050.o(i.MPU_Read_Len) for MPU_Read_Len
    mpu6050.o(i.MPU_Get_Temperature) refers to mpu6050.o(i.MPU_Read_Len) for MPU_Read_Len
    mpu6050.o(i.MPU_Get_Temperature) refers to dflti.o(.text) for __aeabi_i2d
    mpu6050.o(i.MPU_Get_Temperature) refers to ddiv.o(.text) for __aeabi_ddiv
    mpu6050.o(i.MPU_Get_Temperature) refers to dadd.o(.text) for __aeabi_dadd
    mpu6050.o(i.MPU_Get_Temperature) refers to d2f.o(.text) for __aeabi_d2f
    mpu6050.o(i.MPU_Get_Temperature) refers to fmul.o(.text) for __aeabi_fmul
    mpu6050.o(i.MPU_Get_Temperature) refers to ffixi.o(.text) for __aeabi_f2iz
    mpu6050.o(i.MPU_Init) refers to mpu6050.o(i.MPU_Write_Byte) for MPU_Write_Byte
    mpu6050.o(i.MPU_Init) refers to stm32f0xx_hal.o(i.HAL_Delay) for HAL_Delay
    mpu6050.o(i.MPU_Init) refers to mpu6050.o(i.MPU_Set_Gyro_Fsr) for MPU_Set_Gyro_Fsr
    mpu6050.o(i.MPU_Init) refers to mpu6050.o(i.MPU_Set_Accel_Fsr) for MPU_Set_Accel_Fsr
    mpu6050.o(i.MPU_Init) refers to mpu6050.o(i.MPU_Set_Rate) for MPU_Set_Rate
[...]
    i.PendSV_Handler                         0x08003344   Section        0  stm32f0xx_it.o(i.PendSV_Handler)
    i.SPI1_IRQHandler                        0x08003348   Section        0  stm32f0xx_it.o(i.SPI1_IRQHandler)
    i.SPI_DMAAbortOnError                    0x08003358   Section        0  stm32f0xx_hal_spi.o(i.SPI_DMAAbortOnError)
    SPI_DMAAbortOnError                      0x08003359   Thumb Code    18  stm32f0xx_hal_spi.o(i.SPI_DMAAbortOnError)
    i.SPI_EndRxTxTransaction                 0x0800336a   Section        0  stm32f0xx_hal_spi.o(i.SPI_EndRxTxTransaction)
    SPI_EndRxTxTransaction                   0x0800336b   Thumb Code    76  stm32f0xx_hal_spi.o(i.SPI_EndRxTxTransaction)
    i.SPI_WaitFifoStateUntilTimeout          0x080033b8   Section        0  stm32f0xx_hal_spi.o(i.SPI_WaitFifoStateUntilTimeout)
    SPI_WaitFifoStateUntilTimeout            0x080033b9   Thumb Code   212  stm32f0xx_hal_spi.o(i.SPI_WaitFifoStateUntilTimeout)
    i.SPI_WaitFlagStateUntilTimeout          0x08003490   Section        0  stm32f0xx_hal_spi.o(i.SPI_WaitFlagStateUntilTimeout)
    SPI_WaitFlagStateUntilTimeout            0x08003491   Thumb Code   180  stm32f0xx_hal_spi.o(i.SPI_WaitFlagStateUntilTimeout)
    i.SVC_Handler                            0x08003548   Section        0  stm32f0xx_it.o(i.SVC_Handler)
    i.SetMotorAngle                          0x0800354c   Section        0  motor.o(i.SetMotorAngle)
    i.SysTick_Handler                        0x08003580   Section        0  stm32f0xx_it.o(i.SysTick_Handler)
    i.SystemClock_Config                     0x08003588   Section        0  main.o(i.SystemClock_Config)
    i.SystemInit                             0x080035f6   Section        0  system_stm32f0xx.o(i.SystemInit)
    i.TIM_Base_SetConfig                     0x080035f8   Section        0  stm32f0xx_hal_tim.o(i.TIM_Base_SetConfig)
    i.TIM_CCxChannelCmd                      0x08003680   Section        0  stm32f0xx_hal_tim.o(i.TIM_CCxChannelCmd)
    i.TIM_OC1_SetConfig                      0x0800369c   Section        0  stm32f0xx_hal_tim.o(i.TIM_OC1_SetConfig)
    TIM_OC1_SetConfig                        0x0800369d   Thumb Code   120  stm32f0xx_hal_tim.o(i.TIM_OC1_SetConfig)
    i.TIM_OC2_SetConfig                      0x08003724   Section        0  stm32f0xx_hal_tim.o(i.TIM_OC2_SetConfig)
    i.TIM_OC3_SetConfig                      0x080037a4   Section        0  stm32f0xx_hal_tim.o(i.TIM_OC3_SetConfig)
    TIM_OC3_SetConfig                        0x080037a5   Thumb Code   114  stm32f0xx_hal_tim.o(i.TIM_OC3_SetConfig)
    i.TIM_OC4_SetConfig                      0x08003828   Section        0  stm32f0xx_hal_tim.o(i.TIM_OC4_SetConfig)
    TIM_OC4_SetConfig                        0x08003829   Thumb Code    90  stm32f0xx_hal_tim.o(i.TIM_OC4_SetConfig)
    i.UART_AdvFeatureConfig                  0x08003894   Section        0  stm32f0xx_hal_uart.o(i.UART_AdvFeatureConfig)
    i.UART_CheckIdleState                    0x08003960   Section        0  stm32f0xx_hal_uart.o(i.UART_CheckIdleState)
    i.UART_SetConfig                         0x080039c4   Section        0  stm32f0xx_hal_uart.o(i.UART_SetConfig)
    i.UART_WaitOnFlagUntilTimeout            0x08003af8   Section        0  stm32f0xx_hal_uart.o(i.UART_WaitOnFlagUntilTimeout)
    i.Vofa_view                              0x08003bcc   Section        0  imu_view.o(i.Vofa_view)
    i.__0printf                              0x08003be8   Section        0  printfa.o(i.__0printf)
    i.__ARM_clz                              0x08003c08   Section        0  depilogue.o(i.__ARM_clz)
    i.__ARM_common_ll_mulss                  0x08003c36   Section        0  inv_mpu_dmp_motion_driver.o(i.__ARM_common_ll_mulss)
    i.__ARM_common_ll_muluu                  0x08003c66   Section        0  stm32f0xx_hal_rcc.o(i.__ARM_common_ll_muluu)
    i.__ARM_common_switch8                   0x08003c96   Section        0  inv_mpu.o(i.__ARM_common_switch8)
    i.__ARM_fpclassify                       0x08003cb0   Section        0  fpclassify.o(i.__ARM_fpclassify)
    i.__NVIC_SetPriority                     0x08003cdc   Section        0  stm32f0xx_hal_cortex.o(i.__NVIC_SetPriority)
    __NVIC_SetPriority                       0x08003cdd   Thumb Code    60  stm32f0xx_hal_cortex.o(i.__NVIC_SetPriority)
    i.__kernel_poly                          0x08003d20   Section        0  poly.o(i.__kernel_poly)
    i.__mathlib_dbl_infnan                   0x08003dcc   Section        0  dunder.o(i.__mathlib_dbl_infnan)
    i.__mathlib_dbl_infnan2                  0x08003dd6   Section        0  dunder.o(i.__mathlib_dbl_infnan2)
    i.__mathlib_dbl_invalid                  0x08003dde   Section        0  dunder.o(i.__mathlib_dbl_invalid)
    i.__mathlib_dbl_underflow                0x08003df0   Section        0  dunder.o(i.__mathlib_dbl_underflow)
    i.__scatterload_copy                     0x08003e04   Section       14  handlers.o(i.__scatterload_copy)
    i.__scatterload_null                     0x08003e12   Section        2  handlers.o(i.__scatterload_null)
    i.__scatterload_zeroinit                 0x08003e14   Section       14  handlers.o(i.__scatterload_zeroinit)
    i.__set_errno                            0x08003e24   Section        0  errno.o(i.__set_errno)
    i._fp_digits                             0x08003e30   Section        0  printfa.o(i._fp_digits)
    _fp_digits                               0x08003e31   Thumb Code   344  printfa.o(i._fp_digits)
    i._printf_core                           0x08003fa4   Section        0  printfa.o(i._printf_core)
    _printf_core                             0x08003fa5   Thumb Code  1760  printfa.o(i._printf_core)
    i._printf_post_padding                   0x08004694   Section        0  printfa.o(i._printf_post_padding)
    _printf_post_padding                     0x08004695   Thumb Code    32  printfa.o(i._printf_post_padding)
    i._printf_pre_padding                    0x080046b4   Section        0  printfa.o(i._printf_pre_padding)
    _printf_pre_padding                      0x080046b5   Thumb Code    44  printfa.o(i._printf_pre_padding)
    i.accel_self_test                        0x080046e0   Section        0  inv_mpu.o(i.accel_self_test)
    accel_self_test                          0x080046e1   Thumb Code   104  inv_mpu.o(i.accel_self_test)
    i.asin                                   0x08004754   Section        0  asin.o(i.asin)
    i.atan                                   0x080049c8   Section        0  atan.o(i.atan)
    i.atan2                                  0x08004be4   Section        0  atan2.o(i.atan2)
    i.bmp280_get_config                      0x08004d80   Section        0  bmp280.o(i.bmp280_get_config)
    i.bmp280_get_regs                        0x08004dec   Section        0  bmp280.o(i.bmp280_get_regs)
    i.bmp280_init                            0x08004e30   Section        0  bmp280.o(i.bmp280_init)
    i.bmp280_set_config                      0x08004ea0   Section        0  bmp280.o(i.bmp280_set_config)
    i.bmp280_set_power_mode                  0x08004eac   Section        0  bmp280.o(i.bmp280_set_power_mode)
    i.bmp280_set_regs                        0x08004ecc   Section        0  bmp280.o(i.bmp280_set_regs)
    i.bmp280_soft_reset                      0x08004f64   Section        0  bmp280.o(i.bmp280_soft_reset)
    i.conf_sensor                            0x08004f98   Section        0  bmp280.o(i.conf_sensor)
    conf_sensor                              0x08004f99   Thumb Code   200  bmp280.o(i.conf_sensor)
    i.dmp_enable_6x_lp_quat                  0x08005068   Section        0  inv_mpu_dmp_motion_driver.o(i.dmp_enable_6x_lp_quat)
    i.dmp_enable_feature                     0x080050a0   Section        0  inv_mpu_dmp_motion_driver.o(i.dmp_enable_feature)
    i.dmp_enable_gyro_cal                    0x08005254   Section        0  inv_mpu_dmp_motion_driver.o(i.dmp_enable_gyro_cal)
    i.dmp_enable_lp_quat                     0x08005294   Section        0  inv_mpu_dmp_motion_driver.o(i.dmp_enable_lp_quat)
    i.dmp_load_motion_driver_firmware        0x080052cc   Section        0  inv_mpu_dmp_motion_driver.o(i.dmp_load_motion_driver_firmware)
    i.dmp_read_fifo                          0x080052e8   Section        0  inv_mpu_dmp_motion_driver.o(i.dmp_read_fifo)
    i.dmp_set_accel_bias                     0x0800545c   Section        0  inv_mpu_dmp_motion_driver.o(i.dmp_set_accel_bias)
    i.dmp_set_fifo_rate                      0x08005514   Section        0  inv_mpu_dmp_motion_driver.o(i.dmp_set_fifo_rate)
    i.dmp_set_gyro_bias                      0x08005580   Section        0  inv_mpu_dmp_motion_driver.o(i.dmp_set_gyro_bias)
    i.dmp_set_orientation                    0x0800564c   Section        0  inv_mpu_dmp_motion_driver.o(i.dmp_set_orientation)
    i.dmp_set_shake_reject_thresh            0x0800573c   Section        0  inv_mpu_dmp_motion_driver.o(i.dmp_set_shake_reject_thresh)
    i.dmp_set_shake_reject_time              0x08005768   Section        0  inv_mpu_dmp_motion_driver.o(i.dmp_set_shake_reject_time)
    i.dmp_set_shake_reject_timeout           0x08005786   Section        0  inv_mpu_dmp_motion_driver.o(i.dmp_set_shake_reject_timeout)
    i.dmp_set_tap_axes                       0x080057a4   Section        0  inv_mpu_dmp_motion_driver.o(i.dmp_set_tap_axes)
    i.dmp_set_tap_count                      0x080057da   Section        0  inv_mpu_dmp_motion_driver.o(i.dmp_set_tap_count)
    i.dmp_set_tap_thresh                     0x08005800   Section        0  inv_mpu_dmp_motion_driver.o(i.dmp_set_tap_thresh)
    i.dmp_set_tap_time                       0x08005930   Section        0  inv_mpu_dmp_motion_driver.o(i.dmp_set_tap_time)
    i.dmp_set_tap_time_multi                 0x0800594e   Section        0  inv_mpu_dmp_motion_driver.o(i.dmp_set_tap_time_multi)
    i.fputc                                  0x0800596c   Section        0  main.o(i.fputc)
    i.fuckYouDelay                           0x08005984   Section        0  bmp280.o(i.fuckYouDelay)
    i.get_accel_prod_shift                   0x0800598c   Section        0  inv_mpu.o(i.get_accel_prod_shift)
    get_accel_prod_shift                     0x0800598d   Thumb Code   150  inv_mpu.o(i.get_accel_prod_shift)
    i.get_calib_param                        0x08005a30   Section        0  bmp280.o(i.get_calib_param)
    get_calib_param                          0x08005a31   Thumb Code   114  bmp280.o(i.get_calib_param)
    i.get_st_biases                          0x08005aa8   Section        0  inv_mpu.o(i.get_st_biases)
    get_st_biases                            0x08005aa9   Thumb Code   804  inv_mpu.o(i.get_st_biases)
    i.gyro_self_test                         0x08005dd0   Section        0  inv_mpu.o(i.gyro_self_test)
    gyro_self_test                           0x08005dd1   Thumb Code   178  inv_mpu.o(i.gyro_self_test)
    i.inv_orientation_matrix_to_scalar       0x08005e9c   Section        0  inv_mpu.o(i.inv_orientation_matrix_to_scalar)
    i.inv_row_2_scale                        0x08005ebe   Section        0  inv_mpu.o(i.inv_row_2_scale)
    i.main                                   0x08005f00   Section        0  main.o(i.main)
    i.mget_ms                                0x080060c8   Section        0  inv_mpu.o(i.mget_ms)
    i.mpu_configure_fifo                     0x080060cc   Section        0  inv_mpu.o(i.mpu_configure_fifo)
    i.mpu_dmp_get_data                       0x08006128   Section        0  inv_mpu.o(i.mpu_dmp_get_data)
    i.mpu_dmp_init                           0x080062c4   Section        0  inv_mpu.o(i.mpu_dmp_init)
    i.mpu_get_accel_fsr                      0x08006368   Section        0  inv_mpu.o(i.mpu_get_accel_fsr)
    i.mpu_get_accel_sens                     0x080063a8   Section        0  inv_mpu.o(i.mpu_get_accel_sens)
    i.mpu_get_gyro_fsr                       0x080063f0   Section        0  inv_mpu.o(i.mpu_get_gyro_fsr)
    i.mpu_get_gyro_sens                      0x08006428   Section        0  inv_mpu.o(i.mpu_get_gyro_sens)
    i.mpu_get_lpf                            0x0800646c   Section        0  inv_mpu.o(i.mpu_get_lpf)
    i.mpu_get_sample_rate                    0x080064a8   Section        0  inv_mpu.o(i.mpu_get_sample_rate)
    i.mpu_init                               0x080064c8   Section        0  inv_mpu.o(i.mpu_init)
    i.mpu_load_firmware                      0x08006658   Section        0  inv_mpu.o(i.mpu_load_firmware)
    i.mpu_lp_accel_mode                      0x080066f4   Section        0  inv_mpu.o(i.mpu_lp_accel_mode)
    i.mpu_read_fifo_stream                   0x0800679c   Section        0  inv_mpu.o(i.mpu_read_fifo_stream)
    i.mpu_read_mem                           0x08006838   Section        0  inv_mpu.o(i.mpu_read_mem)
    i.mpu_reset_fifo                         0x08006890   Section        0  inv_mpu.o(i.mpu_reset_fifo)
    i.mpu_run_self_test                      0x080069fc   Section        0  inv_mpu.o(i.mpu_run_self_test)
    i.mpu_set_accel_fsr                      0x08006af4   Section        0  inv_mpu.o(i.mpu_set_accel_fsr)
    i.mpu_set_bypass                         0x08006b5c   Section        0  inv_mpu.o(i.mpu_set_bypass)
    i.mpu_set_dmp_state                      0x08006c38   Section        0  inv_mpu.o(i.mpu_set_dmp_state)
    i.mpu_set_gyro_fsr                       0x08006cb0   Section        0  inv_mpu.o(i.mpu_set_gyro_fsr)
    i.mpu_set_int_latched                    0x08006d20   Section        0  inv_mpu.o(i.mpu_set_int_latched)
    i.mpu_set_lpf                            0x08006d88   Section        0  inv_mpu.o(i.mpu_set_lpf)
    i.mpu_set_sample_rate                    0x08006df4   Section        0  inv_mpu.o(i.mpu_set_sample_rate)
    i.mpu_set_sensors                        0x08006e88   Section        0  inv_mpu.o(i.mpu_set_sensors)
    i.mpu_write_mem                          0x08006f44   Section        0  inv_mpu.o(i.mpu_write_mem)
    i.null_ptr_check                         0x08006f9c   Section        0  bmp280.o(i.null_ptr_check)
    null_ptr_check                           0x08006f9d   Thumb Code    36  bmp280.o(i.null_ptr_check)
    i.run_self_test                          0x08006fc4   Section        0  inv_mpu.o(i.run_self_test)
    i.set_int_enable                         0x08007044   Section        0  inv_mpu.o(i.set_int_enable)
    set_int_enable                           0x08007045   Thumb Code    96  inv_mpu.o(i.set_int_enable)
    i.spi_reg_read                           0x080070a8   Section        0  bmp280.o(i.spi_reg_read)
    i.spi_reg_write                          0x080070e8   Section        0  bmp280.o(i.spi_reg_write)
    i.sqrt                                   0x08007160   Section        0  sqrt.o(i.sqrt)
    .constdata                               0x080071a8   Section     3062  inv_mpu_dmp_motion_driver.o(.constdata)
    dmp_memory                               0x080071a8   Data        3062  inv_mpu_dmp_motion_driver.o(.constdata)
    .constdata                               0x08007d9e   Section       27  inv_mpu.o(.constdata)
    .constdata                               0x08007dba   Section       12  inv_mpu.o(.constdata)
    .constdata                               0x08007dc8   Section       40  inv_mpu.o(.constdata)
    .constdata                               0x08007df0   Section       16  system_stm32f0xx.o(.constdata)
    .constdata                               0x08007e00   Section        8  system_stm32f0xx.o(.constdata)
    .constdata                               0x08007e08   Section       80  asin.o(.constdata)
    pS                                       0x08007e08   Data          48  asin.o(.constdata)
    qS                                       0x08007e38   Data          32  asin.o(.constdata)
    .constdata                               0x08007e58   Section      152  atan.o(.constdata)
    atanhi                                   0x08007e58   Data          32  atan.o(.constdata)
    atanlo                                   0x08007e78   Data          32  atan.o(.constdata)
    aTodd                                    0x08007e98   Data          40  atan.o(.constdata)
    aTeven                                   0x08007ec0   Data          48  atan.o(.constdata)
    .constdata                               0x08007ef0   Section        8  qnan.o(.constdata)
    .conststring                             0x08007ef8   Section       77  inv_mpu.o(.conststring)
    .data                                    0x20000000   Section       52  bmp280.o(.data)
    devInstance                              0x20000000   Data          52  bmp280.o(.data)
    .data                                    0x20000034   Section        4  bmp280.o(.data)
    dev                                      0x20000034   Data           4  bmp280.o(.data)
    .data                                    0x20000038   Section       53  inv_mpu.o(.data)
    st                                       0x20000038   Data          44  inv_mpu.o(.data)
    gyro_orientation                         0x20000064   Data           9  inv_mpu.o(.data)
    .data                                    0x20000070   Section       12  stm32f0xx_hal.o(.data)
    .data                                    0x2000007c   Section        4  system_stm32f0xx.o(.data)
    .data                                    0x20000080   Section        4  stdout.o(.data)
    .data                                    0x20000084   Section        4  errno.o(.data)
    _errno                                   0x20000084   Data           4  errno.o(.data)
    .bss                                     0x20000088   Section       16  inv_mpu_dmp_motion_driver.o(.bss)
    dmp                                      0x20000088   Data          16  inv_mpu_dmp_motion_driver.o(.bss)
    .bss                                     0x20000098   Section      152  i2c.o(.bss)
    .bss                                     0x20000130   Section      100  spi.o(.bss)
    .bss                                     0x20000194   Section       72  tim.o(.bss)
    .bss                                     0x200001dc   Section      132  usart.o(.bss)
    STACK                                    0x20000260   Section     1024  startup_stm32f030x8.o(STACK)

    Global Symbols

    Symbol Name                              Value     Ov Type        Size  Object(Section)

    BuildAttributes$$THM_ISAv3M$S$PE$A:L22$X:L11$S22$IEEE1$IW$USESV6$~STKCKD$USESV7$~SHL$OTIME$ROPI$IEEEX$EBA8$MICROLIB$REQ8$PRES8$EABIv2 0x00000000   Number         0  anon$$obj.o ABSOLUTE
    __ARM_use_no_argv                        0x00000000   Number         0  main.o ABSOLUTE
    _printf_a                                0x00000000   Number         0  stubs.o ABSOLUTE
    _printf_c                                0x00000000   Number         0  stubs.o ABSOLUTE
    _printf_charcount                        0x00000000   Number         0  stubs.o ABSOLUTE
    _printf_d                                0x00000000   Number         0  stubs.o ABSOLUTE
    _printf_e                                0x00000000   Number         0  stubs.o ABSOLUTE
    _printf_f                                0x00000000   Number         0  stubs.o ABSOLUTE
    _printf_flags                            0x00000000   Number         0  stubs.o ABSOLUTE
    _printf_fp_dec                           0x00000000   Number         0  stubs.o ABSOLUTE
    _printf_fp_hex                           0x00000000   Number         0  stubs.o ABSOLUTE
    _printf_g                                0x00000000   Number         0  stubs.o ABSOLUTE
    _printf_i                                0x00000000   Number         0  stubs.o ABSOLUTE
    _printf_int_dec                          0x00000000   Number         0  stubs.o ABSOLUTE
    _printf_l                                0x00000000   Number         0  stubs.o ABSOLUTE
    _printf_lc                               0x00000000   Number         0  stubs.o ABSOLUTE
    _printf_ll                               0x00000000   Number         0  stubs.o ABSOLUTE
    _printf_lld                              0x00000000   Number         0  stubs.o ABSOLUTE
    _printf_lli                              0x00000000   Number         0  stubs.o ABSOLUTE
    _printf_llo                              0x00000000   Number         0  stubs.o ABSOLUTE
    _printf_llu                              0x00000000   Number         0  stubs.o ABSOLUTE
    _printf_llx                              0x00000000   Number         0  stubs.o ABSOLUTE
    _printf_longlong_dec                     0x00000000   Number         0  stubs.o ABSOLUTE
    _printf_longlong_hex                     0x00000000   Number         0  stubs.o ABSOLUTE
    _printf_longlong_oct                     0x00000000   Number         0  stubs.o ABSOLUTE
    _printf_ls                               0x00000000   Number         0  stubs.o ABSOLUTE
    _printf_mbtowc                           0x00000000   Number         0  stubs.o ABSOLUTE
    _printf_n                                0x00000000   Number         0  stubs.o ABSOLUTE
    _printf_o                                0x00000000   Number         0  stubs.o ABSOLUTE
    _printf_p                                0x00000000   Number         0  stubs.o ABSOLUTE
    _printf_percent                          0x00000000   Number         0  stubs.o ABSOLUTE
    _printf_pre_padding                      0x00000000   Number         0  stubs.o ABSOLUTE
    _printf_return_value                     0x00000000   Number         0  stubs.o ABSOLUTE
    _printf_s                                0x00000000   Number         0  stubs.o ABSOLUTE
    _printf_sizespec                         0x00000000   Number         0  stubs.o ABSOLUTE
    _printf_str                              0x00000000   Number         0  stubs.o ABSOLUTE
    _printf_truncate_signed                  0x00000000   Number         0  stubs.o ABSOLUTE
    _printf_truncate_unsigned                0x00000000   Number         0  stubs.o ABSOLUTE
    _printf_u                                0x00000000   Number         0  stubs.o ABSOLUTE
    _printf_wc                               0x00000000   Number         0  stubs.o ABSOLUTE
    _printf_wctomb                           0x00000000   Number         0  stubs.o ABSOLUTE
    _printf_widthprec                        0x00000000   Number         0  stubs.o ABSOLUTE
    _printf_x                                0x00000000   Number         0  stubs.o ABSOLUTE
    __arm_fini_                               - Undefined Weak Reference
    __cpp_initialize__aeabi_                  - Undefined Weak Reference
    __cxa_finalize                            - Undefined Weak Reference
    __decompress                              - Undefined Weak Reference
    _clock_init                               - Undefined Weak Reference
    _microlib_exit                            - Undefined Weak Reference
    __Vectors_Size                           0x000000b4   Number         0  startup_stm32f030x8.o ABSOLUTE
    __Vectors                                0x08000000   Data           4  startup_stm32f030x8.o(RESET)
    __Vectors_End                            0x080000b4   Data           0  startup_stm32f030x8.o(RESET)
    __main                                   0x080000b5   Thumb Code     0  entry.o(.ARM.Collect$$$$00000000)
    _main_stk                                0x080000b5   Thumb Code     0  entry2.o(.ARM.Collect$$$$00000001)
    _main_scatterload                        0x080000b9   Thumb Code     0  entry5.o(.ARM.Collect$$$$00000004)
    __main_after_scatterload                 0x080000bd   Thumb Code     0  entry5.o(.ARM.Collect$$$$00000004)
    _main_clock                              0x080000bd   Thumb Code     0  entry7b.o(.ARM.Collect$$$$00000008)
    _main_cpp_init                           0x080000bd   Thumb Code     0  entry8b.o(.ARM.Collect$$$$0000000A)
    _main_init                               0x080000bd   Thumb Code     0  entry9a.o(.ARM.Collect$$$$0000000B)
    __rt_lib_shutdown_fini                   0x080000c5   Thumb Code     0  entry12b.o(.ARM.Collect$$$$0000000E)
    __rt_final_cpp                           0x080000c9   Thumb Code     0  entry10a.o(.ARM.Collect$$$$0000000F)
    __rt_final_exit                          0x080000c9   Thumb Code     0  entry11a.o(.ARM.Collect$$$$00000011)
    Reset_Handler                            0x080000cd   Thumb Code     8  startup_stm32f030x8.o(.text)
    ADC1_IRQHandler                          0x080000df   Thumb Code     0  startup_stm32f030x8.o(.text)
    DMA1_Channel1_IRQHandler                 0x080000df   Thumb Code     0  startup_stm32f030x8.o(.text)
    DMA1_Channel2_3_IRQHandler               0x080000df   Thumb Code     0  startup_stm32f030x8.o(.text)
    DMA1_Channel4_5_IRQHandler               0x080000df   Thumb Code     0  startup_stm32f030x8.o(.text)
    EXTI0_1_IRQHandler                       0x080000df   Thumb Code     0  startup_stm32f030x8.o(.text)
    EXTI2_3_IRQHandler                       0x080000df   Thumb Code     0  startup_stm32f030x8.o(.text)
    EXTI4_15_IRQHandler                      0x080000df   Thumb Code     0  startup_stm32f030x8.o(.text)
    FLASH_IRQHandler                         0x080000df   Thumb Code     0  startup_stm32f030x8.o(.text)
    I2C1_IRQHandler                          0x080000df   Thumb Code     0  startup_stm32f030x8.o(.text)
    RCC_IRQHandler                           0x080000df   Thumb Code     0  startup_stm32f030x8.o(.text)
    RTC_IRQHandler                           0x080000df   Thumb Code     0  startup_stm32f030x8.o(.text)
    SPI2_IRQHandler                          0x080000df   Thumb Code     0  startup_stm32f030x8.o(.text)
    TIM14_IRQHandler                         0x080000df   Thumb Code     0  startup_stm32f030x8.o(.text)
    TIM15_IRQHandler                         0x080000df   Thumb Code     0  startup_stm32f030x8.o(.text)
    TIM16_IRQHandler                         0x080000df   Thumb Code     0  startup_stm32f030x8.o(.text)
    TIM17_IRQHandler                         0x080000df   Thumb Code     0  startup_stm32f030x8.o(.text)
    TIM1_BRK_UP_TRG_COM_IRQHandler           0x080000df   Thumb Code     0  startup_stm32f030x8.o(.text)
    TIM1_CC_IRQHandler                       0x080000df   Thumb Code     0  startup_stm32f030x8.o(.text)
    TIM3_IRQHandler                          0x080000df   Thumb Code     0  startup_stm32f030x8.o(.text)
    TIM6_IRQHandler                          0x080000df   Thumb Code     0  startup_stm32f030x8.o(.text)
    USART1_IRQHandler                        0x080000df   Thumb Code     0  startup_stm32f030x8.o(.text)
    USART2_IRQHandler                        0x080000df   Thumb Code     0  startup_stm32f030x8.o(.text)
    WWDG_IRQHandler                          0x080000df   Thumb Code     0  startup_stm32f030x8.o(.text)
    __aeabi_uidiv                            0x080000e9   Thumb Code     0  uidiv.o(.text)
    __aeabi_uidivmod                         0x080000e9   Thumb Code    44  uidiv.o(.text)
    __aeabi_idiv                             0x08000115   Thumb Code     0  idiv.o(.text)
    __aeabi_idivmod                          0x08000115   Thumb Code    40  idiv.o(.text)
    __aeabi_uldivmod                         0x0800013d   Thumb Code    96  uldiv.o(.text)
    __aeabi_ldivmod                          0x0800019d   Thumb Code    76  ldiv.o(.text)
    __aeabi_lmul                             0x080001e9   Thumb Code   122  llmul.o(.text)
    _ll_mul                                  0x080001e9   Thumb Code     0  llmul.o(.text)
    __aeabi_llsr                             0x08000263   Thumb Code    34  llushr.o(.text)
    _ll_ushift_r                             0x08000263   Thumb Code     0  llushr.o(.text)
    __aeabi_memcpy                           0x08000285   Thumb Code    36  memcpya.o(.text)
    __aeabi_memcpy4                          0x08000285   Thumb Code     0  memcpya.o(.text)
    __aeabi_memcpy8                          0x08000285   Thumb Code     0  memcpya.o(.text)
    __aeabi_memset                           0x080002a9   Thumb Code    14  memseta.o(.text)
    __aeabi_memset4                          0x080002a9   Thumb Code     0  memseta.o(.text)
    __aeabi_memset8                          0x080002a9   Thumb Code     0  memseta.o(.text)
    __aeabi_memclr                           0x080002b7   Thumb Code     4  memseta.o(.text)
    __aeabi_memclr4                          0x080002b7   Thumb Code     0  memseta.o(.text)
    __aeabi_memclr8                          0x080002b7   Thumb Code     0  memseta.o(.text)
    _memset$wrapper                          0x080002bb   Thumb Code    18  memseta.o(.text)
    memcmp                                   0x080002cd   Thumb Code    26  memcmp.o(.text)
    __aeabi_fadd                             0x080002e7   Thumb Code   162  fadd.o(.text)
    __aeabi_fsub                             0x08000389   Thumb Code     8  fadd.o(.text)
    __aeabi_frsub                            0x08000391   Thumb Code     8  fadd.o(.text)
    __aeabi_fmul                             0x08000399   Thumb Code   122  fmul.o(.text)
    __aeabi_fdiv                             0x08000413   Thumb Code   124  fdiv.o(.text)
    __ARM_scalbnf                            0x0800048f   Thumb Code    24  fscalb.o(.text)
    scalbnf                                  0x0800048f   Thumb Code     0  fscalb.o(.text)
    __aeabi_dadd                             0x080004a9   Thumb Code   330  dadd.o(.text)
    __aeabi_dsub                             0x080005f3   Thumb Code    12  dadd.o(.text)
    __aeabi_drsub                            0x080005ff   Thumb Code    12  dadd.o(.text)
    __aeabi_dmul                             0x08000611   Thumb Code   202  dmul.o(.text)
    __aeabi_ddiv                             0x080006e1   Thumb Code   234  ddiv.o(.text)
    __ARM_scalbn                             0x080007d1   Thumb Code    44  dscalb.o(.text)
    scalbn                                   0x080007d1   Thumb Code     0  dscalb.o(.text)
    __aeabi_i2f                              0x080007fd   Thumb Code    22  fflti.o(.text)
    __aeabi_ui2f                             0x08000813   Thumb Code    14  ffltui.o(.text)
    __aeabi_i2d                              0x08000821   Thumb Code    34  dflti.o(.text)
    __aeabi_f2iz                             0x08000849   Thumb Code    50  ffixi.o(.text)
    __aeabi_f2uiz                            0x0800087b   Thumb Code    40  ffixui.o(.text)
    __aeabi_d2iz                             0x080008a5   Thumb Code    62  dfixi.o(.text)
    __aeabi_f2d                              0x080008ed   Thumb Code    40  f2d.o(.text)
    __aeabi_cdcmpeq                          0x08000915   Thumb Code     0  cdcmple.o(.text)
    __aeabi_cdcmple                          0x08000915   Thumb Code    38  cdcmple.o(.text)
    __aeabi_cdrcmple                         0x0800093d   Thumb Code    38  cdrcmple.o(.text)
    __aeabi_d2f                              0x08000965   Thumb Code    56  d2f.o(.text)
    __aeabi_llsl                             0x0800099d   Thumb Code    32  llshl.o(.text)
    _ll_shift_l                              0x0800099d   Thumb Code     0  llshl.o(.text)
    __aeabi_lasr                             0x080009bd   Thumb Code    38  llsshr.o(.text)
    _ll_sshift_r                             0x080009bd   Thumb Code     0  llsshr.o(.text)
    __I$use$fp                               0x080009e3   Thumb Code     0  iusefp.o(.text)
    _float_round                             0x080009e3   Thumb Code    16  fepilogue.o(.text)
    _float_epilogue                          0x080009f3   Thumb Code   114  fepilogue.o(.text)
    _double_round                            0x08000a65   Thumb Code    26  depilogue.o(.text)
    _double_epilogue                         0x08000a7f   Thumb Code   164  depilogue.o(.text)
    __aeabi_d2ulz                            0x08000b25   Thumb Code    54  dfixul.o(.text)
    __scatterload                            0x08000b65   Thumb Code    28  init.o(.text)
    __scatterload_rt2                        0x08000b65   Thumb Code     0  init.o(.text)
    _dsqrt                                   0x08000b89   Thumb Code   162  dsqrt.o(.text)
    Error_Handler                            0x08000c2b   Thumb Code     4  main.o(i.Error_Handler)
    HAL_DMA_Abort_IT                         0x08000c2f   Thumb Code    72  stm32f0xx_hal_dma.o(i.HAL_DMA_Abort_IT)
    HAL_DMA_GetState                         0x08000c77   Thumb Code     6  stm32f0xx_hal_dma.o(i.HAL_DMA_GetState)
    HAL_Delay                                0x08000c7d   Thumb Code    32  stm32f0xx_hal.o(i.HAL_Delay)
    HAL_GPIO_Init                            0x08000ca1   Thumb Code   396  stm32f0xx_hal_gpio.o(i.HAL_GPIO_Init)
    HAL_GPIO_WritePin                        0x08000e45   Thumb Code    12  stm32f0xx_hal_gpio.o(i.HAL_GPIO_WritePin)
    HAL_GetTick                              0x08000e51   Thumb Code     6  stm32f0xx_hal.o(i.HAL_GetTick)
    HAL_I2CEx_ConfigAnalogFilter             0x08000e5d   Thumb Code    74  stm32f0xx_hal_i2c_ex.o(i.HAL_I2CEx_ConfigAnalogFilter)
    HAL_I2CEx_ConfigDigitalFilter            0x08000ea7   Thumb Code    72  stm32f0xx_hal_i2c_ex.o(i.HAL_I2CEx_ConfigDigitalFilter)
    HAL_I2C_AbortCpltCallback                0x08000eef   Thumb Code     2  stm32f0xx_hal_i2c.o(i.HAL_I2C_AbortCpltCallback)
    HAL_I2C_AddrCallback                     0x08000ef1   Thumb Code     2  stm32f0xx_hal_i2c.o(i.HAL_I2C_AddrCallback)
    HAL_I2C_ER_IRQHandler                    0x08000ef3   Thumb Code    94  stm32f0xx_hal_i2c.o(i.HAL_I2C_ER_IRQHandler)
    HAL_I2C_EV_IRQHandler                    0x08000f51   Thumb Code    16  stm32f0xx_hal_i2c.o(i.HAL_I2C_EV_IRQHandler)
    HAL_I2C_ErrorCallback                    0x08000f61   Thumb Code     2  stm32f0xx_hal_i2c.o(i.HAL_I2C_ErrorCallback)
    HAL_I2C_Init                             0x08000f65   Thumb Code   176  stm32f0xx_hal_i2c.o(i.HAL_I2C_Init)
    HAL_I2C_ListenCpltCallback               0x08001019   Thumb Code     2  stm32f0xx_hal_i2c.o(i.HAL_I2C_ListenCpltCallback)
    HAL_I2C_Mem_Read                         0x0800101d   Thumb Code   332  stm32f0xx_hal_i2c.o(i.HAL_I2C_Mem_Read)
    HAL_I2C_Mem_Write                        0x08001171   Thumb Code   326  stm32f0xx_hal_i2c.o(i.HAL_I2C_Mem_Write)
    HAL_I2C_MspInit                          0x080012bd   Thumb Code   158  i2c.o(i.HAL_I2C_MspInit)
    HAL_I2C_SlaveRxCpltCallback              0x0800136d   Thumb Code     2  stm32f0xx_hal_i2c.o(i.HAL_I2C_SlaveRxCpltCallback)
    HAL_I2C_SlaveTxCpltCallback              0x0800136f   Thumb Code     2  stm32f0xx_hal_i2c.o(i.HAL_I2C_SlaveTxCpltCallback)
    HAL_IncTick                              0x08001371   Thumb Code    12  stm32f0xx_hal.o(i.HAL_IncTick)
    HAL_Init                                 0x08001381   Thumb Code    26  stm32f0xx_hal.o(i.HAL_Init)
    HAL_InitTick                             0x080013a1   Thumb Code    58  stm32f0xx_hal.o(i.HAL_InitTick)
    HAL_MspInit                              0x080013e5   Thumb Code    34  stm32f0xx_hal_msp.o(i.HAL_MspInit)
    HAL_NVIC_EnableIRQ                       0x0800140d   Thumb Code    18  stm32f0xx_hal_cortex.o(i.HAL_NVIC_EnableIRQ)
    HAL_NVIC_SetPriority                     0x08001425   Thumb Code     8  stm32f0xx_hal_cortex.o(i.HAL_NVIC_SetPriority)
    HAL_RCCEx_PeriphCLKConfig                0x0800142d   Thumb Code   218  stm32f0xx_hal_rcc_ex.o(i.HAL_RCCEx_PeriphCLKConfig)
    HAL_RCC_ClockConfig                      0x08001515   Thumb Code   242  stm32f0xx_hal_rcc.o(i.HAL_RCC_ClockConfig)
    HAL_RCC_GetPCLK1Freq                     0x0800161d   Thumb Code    20  stm32f0xx_hal_rcc.o(i.HAL_RCC_GetPCLK1Freq)
    HAL_RCC_GetSysClockFreq                  0x0800163d   Thumb Code    84  stm32f0xx_hal_rcc.o(i.HAL_RCC_GetSysClockFreq)
    HAL_RCC_OscConfig                        0x080016bd   Thumb Code   890  stm32f0xx_hal_rcc.o(i.HAL_RCC_OscConfig)
    HAL_SPI_ErrorCallback                    0x08001a45   Thumb Code     2  stm32f0xx_hal_spi.o(i.HAL_SPI_ErrorCallback)
    HAL_SPI_IRQHandler                       0x08001a49   Thumb Code   244  stm32f0xx_hal_spi.o(i.HAL_SPI_IRQHandler)
    HAL_SPI_Init                             0x08001b41   Thumb Code   238  stm32f0xx_hal_spi.o(i.HAL_SPI_Init)
    HAL_SPI_MspInit                          0x08001c31   Thumb Code   134  spi.o(i.HAL_SPI_MspInit)
    HAL_SPI_Transmit                         0x08001cc5   Thumb Code   352  stm32f0xx_hal_spi.o(i.HAL_SPI_Transmit)
    HAL_SPI_TransmitReceive                  0x08001e25   Thumb Code   498  stm32f0xx_hal_spi.o(i.HAL_SPI_TransmitReceive)
    HAL_SYSTICK_Config                       0x08002019   Thumb Code    38  stm32f0xx_hal_cortex.o(i.HAL_SYSTICK_Config)
    HAL_TIM_Base_Init                        0x08002049   Thumb Code    72  stm32f0xx_hal_tim.o(i.HAL_TIM_Base_Init)
    HAL_TIM_Base_MspInit                     0x08002091   Thumb Code    28  tim.o(i.HAL_TIM_Base_MspInit)
    HAL_TIM_MspPostInit                      0x080020b5   Thumb Code    66  tim.o(i.HAL_TIM_MspPostInit)
    HAL_TIM_PWM_ConfigChannel                0x08002105   Thumb Code   208  stm32f0xx_hal_tim.o(i.HAL_TIM_PWM_ConfigChannel)
    HAL_TIM_PWM_Init                         0x080021d5   Thumb Code    72  stm32f0xx_hal_tim.o(i.HAL_TIM_PWM_Init)
    HAL_TIM_PWM_MspInit                      0x0800221d   Thumb Code     2  stm32f0xx_hal_tim.o(i.HAL_TIM_PWM_MspInit)
    HAL_TIM_PWM_Start                        0x08002221   Thumb Code   148  stm32f0xx_hal_tim.o(i.HAL_TIM_PWM_Start)
    HAL_UART_Init                            0x080022c9   Thumb Code   106  stm32f0xx_hal_uart.o(i.HAL_UART_Init)
    HAL_UART_MspInit                         0x08002335   Thumb Code    90  usart.o(i.HAL_UART_MspInit)
    HAL_UART_Transmit                        0x08002399   Thumb Code   210  stm32f0xx_hal_uart.o(i.HAL_UART_Transmit)
    HardFault_Handler                        0x0800246b   Thumb Code     2  stm32f0xx_it.o(i.HardFault_Handler)
    I2C2_IRQHandler                          0x0800246d   Thumb Code    28  stm32f0xx_it.o(i.I2C2_IRQHandler)
    MPU_Get_Accelerometer                    0x08002c45   Thumb Code    50  mpu6050.o(i.MPU_Get_Accelerometer)
    MPU_Get_Gyroscope                        0x08002c77   Thumb Code    50  mpu6050.o(i.MPU_Get_Gyroscope)
    MPU_Get_Temperature                      0x08002ca9   Thumb Code    60  mpu6050.o(i.MPU_Get_Temperature)
    MPU_Init                                 0x08002cf5   Thumb Code   114  mpu6050.o(i.MPU_Init)
    MPU_Read_Byte                            0x08002d69   Thumb Code    40  mpu6050.o(i.MPU_Read_Byte)
    MPU_Read_Len                             0x08002d95   Thumb Code    32  mpu6050.o(i.MPU_Read_Len)
    MPU_Set_Accel_Fsr                        0x08002db9   Thumb Code    14  mpu6050.o(i.MPU_Set_Accel_Fsr)
    MPU_Set_Gyro_Fsr                         0x08002dc7   Thumb Code    14  mpu6050.o(i.MPU_Set_Gyro_Fsr)
    MPU_Set_LPF                              0x08002dd5   Thumb Code    52  mpu6050.o(i.MPU_Set_LPF)
    MPU_Set_Rate                             0x08002e09   Thumb Code    46  mpu6050.o(i.MPU_Set_Rate)
    MPU_Write_Byte                           0x08002e39   Thumb Code    38  mpu6050.o(i.MPU_Write_Byte)
    MPU_Write_Len                            0x08002e65   Thumb Code    32  mpu6050.o(i.MPU_Write_Len)
    MX_GPIO_Init                             0x08002e89   Thumb Code   102  gpio.o(i.MX_GPIO_Init)
    MX_I2C1_Init                             0x08002ef9   Thumb Code    76  i2c.o(i.MX_I2C1_Init)
    MX_I2C2_Init                             0x08002f51   Thumb Code    76  i2c.o(i.MX_I2C2_Init)
    MX_SPI1_Init                             0x08002fa9   Thumb Code    66  spi.o(i.MX_SPI1_Init)
    MX_TIM14_Init                            0x08002ff5   Thumb Code    98  tim.o(i.MX_TIM14_Init)
    MX_USART1_UART_Init                      0x08003065   Thumb Code    48  usart.o(i.MX_USART1_UART_Init)
    MapPitchToContorl                        0x0800309d   Thumb Code   152  control.o(i.MapPitchToContorl)
    NMI_Handler                              0x08003135   Thumb Code     2  stm32f0xx_it.o(i.NMI_Handler)
    OLED_Clear                               0x08003137   Thumb Code    60  oled.o(i.OLED_Clear)
    OLED_Display_On                          0x08003173   Thumb Code    28  oled.o(i.OLED_Display_On)
    OLED_Init                                0x08003191   Thumb Code   266  oled.o(i.OLED_Init)
    OLED_Set_Pos                             0x080032a1   Thumb Code    40  oled.o(i.OLED_Set_Pos)
    OLED_WR_Byte                             0x080032c9   Thumb Code   118  oled.o(i.OLED_WR_Byte)
    PendSV_Handler                           0x08003345   Thumb Code     2  stm32f0xx_it.o(i.PendSV_Handler)
    SPI1_IRQHandler                          0x08003349   Thumb Code    10  stm32f0xx_it.o(i.SPI1_IRQHandler)
    SVC_Handler                              0x08003549   Thumb Code     2  stm32f0xx_it.o(i.SVC_Handler)
    SetMotorAngle                            0x0800354d   Thumb Code    34  motor.o(i.SetMotorAngle)
    SysTick_Handler                          0x08003581   Thumb Code     8  stm32f0xx_it.o(i.SysTick_Handler)
    SystemClock_Config                       0x08003589   Thumb Code   110  main.o(i.SystemClock_Config)
    SystemInit                               0x080035f7   Thumb Code     2  system_stm32f0xx.o(i.SystemInit)
    TIM_Base_SetConfig                       0x080035f9   Thumb Code   112  stm32f0xx_hal_tim.o(i.TIM_Base_SetConfig)
    TIM_CCxChannelCmd                        0x08003681   Thumb Code    26  stm32f0xx_hal_tim.o(i.TIM_CCxChannelCmd)
    TIM_OC2_SetConfig                        0x08003725   Thumb Code   110  stm32f0xx_hal_tim.o(i.TIM_OC2_SetConfig)
    UART_AdvFeatureConfig                    0x08003895   Thumb Code   202  stm32f0xx_hal_uart.o(i.UART_AdvFeatureConfig)
    UART_CheckIdleState                      0x08003961   Thumb Code    94  stm32f0xx_hal_uart.o(i.UART_CheckIdleState)
    UART_SetConfig                           0x080039c5   Thumb Code   282  stm32f0xx_hal_uart.o(i.UART_SetConfig)
    UART_WaitOnFlagUntilTimeout              0x08003af9   Thumb Code   212  stm32f0xx_hal_uart.o(i.UART_WaitOnFlagUntilTimeout)
    Vofa_view                                0x08003bcd   Thumb Code    16  imu_view.o(i.Vofa_view)
    __0printf                                0x08003be9   Thumb Code    24  printfa.o(i.__0printf)
    __1printf                                0x08003be9   Thumb Code     0  printfa.o(i.__0printf)
    __2printf                                0x08003be9   Thumb Code     0  printfa.o(i.__0printf)
    __c89printf                              0x08003be9   Thumb Code     0  printfa.o(i.__0printf)
    printf                                   0x08003be9   Thumb Code     0  printfa.o(i.__0printf)
    __ARM_clz                                0x08003c09   Thumb Code    46  depilogue.o(i.__ARM_clz)
    __ARM_common_ll_mulss                    0x08003c37   Thumb Code    48  inv_mpu_dmp_motion_driver.o(i.__ARM_common_ll_mulss)
    __ARM_common_ll_muluu                    0x08003c67   Thumb Code    48  stm32f0xx_hal_rcc.o(i.__ARM_common_ll_muluu)
    __ARM_common_switch8                     0x08003c97   Thumb Code    26  inv_mpu.o(i.__ARM_common_switch8)
    __ARM_fpclassify                         0x08003cb1   Thumb Code    40  fpclassify.o(i.__ARM_fpclassify)
    __kernel_poly                            0x08003d21   Thumb Code   172  poly.o(i.__kernel_poly)
    __mathlib_dbl_infnan                     0x08003dcd   Thumb Code    10  dunder.o(i.__mathlib_dbl_infnan)
    __mathlib_dbl_infnan2                    0x08003dd7   Thumb Code     8  dunder.o(i.__mathlib_dbl_infnan2)
    __mathlib_dbl_invalid                    0x08003ddf   Thumb Code    16  dunder.o(i.__mathlib_dbl_invalid)
    __mathlib_dbl_underflow                  0x08003df1   Thumb Code    14  dunder.o(i.__mathlib_dbl_underflow)
    __scatterload_copy                       0x08003e05   Thumb Code    14  handlers.o(i.__scatterload_copy)
    __scatterload_null                       0x08003e13   Thumb Code     2  handlers.o(i.__scatterload_null)
    __scatterload_zeroinit                   0x08003e15   Thumb Code    14  handlers.o(i.__scatterload_zeroinit)
    __set_errno                              0x08003e25   Thumb Code     6  errno.o(i.__set_errno)
    asin                                     0x08004755   Thumb Code   574  asin.o(i.asin)
    atan                                     0x080049c9   Thumb Code   472  atan.o(i.atan)
    atan2                                    0x08004be5   Thumb Code   372  atan2.o(i.atan2)
    bmp280_get_config                        0x08004d81   Thumb Code   104  bmp280.o(i.bmp280_get_config)
    bmp280_get_regs                          0x08004ded   Thumb Code    62  bmp280.o(i.bmp280_get_regs)
    bmp280_init                              0x08004e31   Thumb Code   106  bmp280.o(i.bmp280_init)
    bmp280_set_config                        0x08004ea1   Thumb Code    12  bmp280.o(i.bmp280_set_config)
    bmp280_set_power_mode                    0x08004ead   Thumb Code    26  bmp280.o(i.bmp280_set_power_mode)
    bmp280_set_regs                          0x08004ecd   Thumb Code   148  bmp280.o(i.bmp280_set_regs)
    bmp280_soft_reset                        0x08004f65   Thumb Code    46  bmp280.o(i.bmp280_soft_reset)
    dmp_enable_6x_lp_quat                    0x08005069   Thumb Code    52  inv_mpu_dmp_motion_driver.o(i.dmp_enable_6x_lp_quat)
    dmp_enable_feature                       0x080050a1   Thumb Code   414  inv_mpu_dmp_motion_driver.o(i.dmp_enable_feature)
    dmp_enable_gyro_cal                      0x08005255   Thumb Code    38  inv_mpu_dmp_motion_driver.o(i.dmp_enable_gyro_cal)
    dmp_enable_lp_quat                       0x08005295   Thumb Code    52  inv_mpu_dmp_motion_driver.o(i.dmp_enable_lp_quat)
    dmp_load_motion_driver_firmware          0x080052cd   Thumb Code    18  inv_mpu_dmp_motion_driver.o(i.dmp_load_motion_driver_firmware)
    dmp_read_fifo                            0x080052e9   Thumb Code   364  inv_mpu_dmp_motion_driver.o(i.dmp_read_fifo)
    dmp_set_accel_bias                       0x0800545d   Thumb Code   180  inv_mpu_dmp_motion_driver.o(i.dmp_set_accel_bias)
    dmp_set_fifo_rate                        0x08005515   Thumb Code    82  inv_mpu_dmp_motion_driver.o(i.dmp_set_fifo_rate)
    dmp_set_gyro_bias                        0x08005581   Thumb Code   194  inv_mpu_dmp_motion_driver.o(i.dmp_set_gyro_bias)
    dmp_set_orientation                      0x0800564d   Thumb Code   214  inv_mpu_dmp_motion_driver.o(i.dmp_set_orientation)
    dmp_set_shake_reject_thresh              0x0800573d   Thumb Code    44  inv_mpu_dmp_motion_driver.o(i.dmp_set_shake_reject_thresh)
    dmp_set_shake_reject_time                0x08005769   Thumb Code    30  inv_mpu_dmp_motion_driver.o(i.dmp_set_shake_reject_time)
    dmp_set_shake_reject_timeout             0x08005787   Thumb Code    30  inv_mpu_dmp_motion_driver.o(i.dmp_set_shake_reject_timeout)
    dmp_set_tap_axes                         0x080057a5   Thumb Code    54  inv_mpu_dmp_motion_driver.o(i.dmp_set_tap_axes)
    dmp_set_tap_count                        0x080057db   Thumb Code    36  inv_mpu_dmp_motion_driver.o(i.dmp_set_tap_count)
    dmp_set_tap_thresh                       0x08005801   Thumb Code   280  inv_mpu_dmp_motion_driver.o(i.dmp_set_tap_thresh)
    dmp_set_tap_time                         0x08005931   Thumb Code    30  inv_mpu_dmp_motion_driver.o(i.dmp_set_tap_time)
    dmp_set_tap_time_multi                   0x0800594f   Thumb Code    30  inv_mpu_dmp_motion_driver.o(i.dmp_set_tap_time_multi)
    fputc                                    0x0800596d   Thumb Code    20  main.o(i.fputc)
    fuckYouDelay                             0x08005985   Thumb Code     8  bmp280.o(i.fuckYouDelay)
    inv_orientation_matrix_to_scalar         0x08005e9d   Thumb Code    34  inv_mpu.o(i.inv_orientation_matrix_to_scalar)
    inv_row_2_scale                          0x08005ebf   Thumb Code    64  inv_mpu.o(i.inv_row_2_scale)
    main                                     0x08005f01   Thumb Code   262  main.o(i.main)
    mget_ms                                  0x080060c9   Thumb Code     2  inv_mpu.o(i.mget_ms)
    mpu_configure_fifo                       0x080060cd   Thumb Code    86  inv_mpu.o(i.mpu_configure_fifo)
    mpu_dmp_get_data                         0x08006129   Thumb Code   402  inv_mpu.o(i.mpu_dmp_get_data)
    mpu_dmp_init                             0x080062c5   Thumb Code   158  inv_mpu.o(i.mpu_dmp_init)
    mpu_get_accel_fsr                        0x08006369   Thumb Code    58  inv_mpu.o(i.mpu_get_accel_fsr)
    mpu_get_accel_sens                       0x080063a9   Thumb Code    64  inv_mpu.o(i.mpu_get_accel_sens)
    mpu_get_gyro_fsr                         0x080063f1   Thumb Code    50  inv_mpu.o(i.mpu_get_gyro_fsr)
    mpu_get_gyro_sens                        0x08006429   Thumb Code    46  inv_mpu.o(i.mpu_get_gyro_sens)
    mpu_get_lpf                              0x0800646d   Thumb Code    54  inv_mpu.o(i.mpu_get_lpf)
    mpu_get_sample_rate                      0x080064a9   Thumb Code    26  inv_mpu.o(i.mpu_get_sample_rate)
    mpu_init                                 0x080064c9   Thumb Code   318  inv_mpu.o(i.mpu_init)
    mpu_load_firmware                        0x08006659   Thumb Code   152  inv_mpu.o(i.mpu_load_firmware)
    mpu_lp_accel_mode                        0x080066f5   Thumb Code   162  inv_mpu.o(i.mpu_lp_accel_mode)
    mpu_read_fifo_stream                     0x0800679d   Thumb Code   152  inv_mpu.o(i.mpu_read_fifo_stream)
    mpu_read_mem                             0x08006839   Thumb Code    80  inv_mpu.o(i.mpu_read_mem)
    mpu_reset_fifo                           0x08006891   Thumb Code   358  inv_mpu.o(i.mpu_reset_fifo)
    mpu_run_self_test                        0x080069fd   Thumb Code   242  inv_mpu.o(i.mpu_run_self_test)
    mpu_set_accel_fsr                        0x08006af5   Thumb Code   100  inv_mpu.o(i.mpu_set_accel_fsr)
    mpu_set_bypass                           0x08006b5d   Thumb Code   216  inv_mpu.o(i.mpu_set_bypass)
    mpu_set_dmp_state                        0x08006c39   Thumb Code   114  inv_mpu.o(i.mpu_set_dmp_state)
    mpu_set_gyro_fsr                         0x08006cb1   Thumb Code   106  inv_mpu.o(i.mpu_set_gyro_fsr)
    mpu_set_int_latched                      0x08006d21   Thumb Code   100  inv_mpu.o(i.mpu_set_int_latched)
    mpu_set_lpf                              0x08006d89   Thumb Code   104  inv_mpu.o(i.mpu_set_lpf)
    mpu_set_sample_rate                      0x08006df5   Thumb Code   142  inv_mpu.o(i.mpu_set_sample_rate)
    mpu_set_sensors                          0x08006e89   Thumb Code   184  inv_mpu.o(i.mpu_set_sensors)
    mpu_write_mem                            0x08006f45   Thumb Code    80  inv_mpu.o(i.mpu_write_mem)
    run_self_test                            0x08006fc5   Thumb Code   128  inv_mpu.o(i.run_self_test)
    spi_reg_read                             0x080070a9   Thumb Code    34  bmp280.o(i.spi_reg_read)
    spi_reg_write                            0x080070e9   Thumb Code    56  bmp280.o(i.spi_reg_write)
    sqrt                                     0x08007161   Thumb Code    66  sqrt.o(i.sqrt)
    reg                                      0x08007d9e   Data          27  inv_mpu.o(.constdata)
    hw                                       0x08007dba   Data          12  inv_mpu.o(.constdata)
    test                                     0x08007dc8   Data          40  inv_mpu.o(.constdata)
    AHBPrescTable                            0x08007df0   Data          16  system_stm32f0xx.o(.constdata)
    APBPrescTable                            0x08007e00   Data           8  system_stm32f0xx.o(.constdata)
    __mathlib_zero                           0x08007ef0   Data           8  qnan.o(.constdata)
    Region$$Table$$Base                      0x08007f48   Number         0  anon$$obj.o(Region$$Table)
    Region$$Table$$Limit                     0x08007f68   Number         0  anon$$obj.o(Region$$Table)
    uwTickFreq                               0x20000070   Data           1  stm32f0xx_hal.o(.data)
    uwTickPrio                               0x20000074   Data           4  stm32f0xx_hal.o(.data)
    uwTick                                   0x20000078   Data           4  stm32f0xx_hal.o(.data)
    SystemCoreClock                          0x2000007c   Data           4  system_stm32f0xx.o(.data)
    __stdout                                 0x20000080   Data           4  stdout.o(.data)
    hi2c1                                    0x20000098   Data          76  i2c.o(.bss)
    hi2c2                                    0x200000e4   Data          76  i2c.o(.bss)
    hspi1                                    0x20000130   Data         100  spi.o(.bss)
    htim14                                   0x20000194   Data          72  tim.o(.bss)
    huart1                                   0x200001dc   Data         132  usart.o(.bss)
    __initial_sp                             0x20000660   Data           0  startup_stm32f030x8.o(STACK)



==============================================================================

Memory Map of the image

  Image Entry point : 0x080000b5

  Load Region LR_IROM1 (Base: 0x08000000, Size: 0x00007ff0, Max: 0x00010000, ABSOLUTE)

    Execution Region ER_IROM1 (Exec base: 0x08000000, Load base: 0x08000000, Size: 0x00007f68, Max: 0x00010000, ABSOLUTE)

    Exec Addr    Load Addr    Size         Type   Attr      Idx    E Section Name        Object

    0x08000000   0x08000000   0x000000b4   Data   RO            3    RESET               startup_stm32f030x8.o
    0x080000b4   0x080000b4   0x00000000   Code   RO         4645  * .ARM.Collect$$$$00000000  mc_p.l(entry.o)
    0x080000b4   0x080000b4   0x00000004   Code   RO         5004    .ARM.Collect$$$$00000001  mc_p.l(entry2.o)
    0x080000b8   0x080000b8   0x00000004   Code   RO         5007    .ARM.Collect$$$$00000004  mc_p.l(entry5.o)
    0x080000bc   0x080000bc   0x00000000   Code   RO         5009    .ARM.Collect$$$$00000008  mc_p.l(entry7b.o)
    0x080000bc   0x080000bc   0x00000000   Code   RO         5011    .ARM.Collect$$$$0000000A  mc_p.l(entry8b.o)
    0x080000bc   0x080000bc   0x00000008   Code   RO         5012    .ARM.Collect$$$$0000000B  mc_p.l(entry9a.o)
    0x080000c4   0x080000c4   0x00000004   Code   RO         5019    .ARM.Collect$$$$0000000E  mc_p.l(entry12b.o)
    0x080000c8   0x080000c8   0x00000000   Code   RO         5014    .ARM.Collect$$$$0000000F  mc_p.l(entry10a.o)
    0x080000c8   0x080000c8   0x00000000   Code   RO         5016    .ARM.Collect$$$$00000011  mc_p.l(entry11a.o)
    0x080000c8   0x080000c8   0x00000004   Code   RO         5005    .ARM.Collect$$$$00002712  mc_p.l(entry2.o)
    0x080000cc   0x080000cc   0x0000001c   Code   RO            4    .text               startup_stm32f030x8.o
    0x080000e8   0x080000e8   0x0000002c   Code   RO         4648    .text               mc_p.l(uidiv.o)
    0x08000114   0x08000114   0x00000028   Code   RO         4650    .text               mc_p.l(idiv.o)
    0x0800013c   0x0800013c   0x00000060   Code   RO         4652    .text               mc_p.l(uldiv.o)
    0x0800019c   0x0800019c   0x0000004c   Code   RO         4654    .text               mc_p.l(ldiv.o)
    0x080001e8   0x080001e8   0x0000007a   Code   RO         4656    .text               mc_p.l(llmul.o)
    0x08000262   0x08000262   0x00000022   Code   RO         4658    .text               mc_p.l(llushr.o)
    0x08000284   0x08000284   0x00000024   Code   RO         4660    .text               mc_p.l(memcpya.o)
    0x080002a8   0x080002a8   0x00000024   Code   RO         4662    .text               mc_p.l(memseta.o)
    0x080002cc   0x080002cc   0x0000001a   Code   RO         4664    .text               mc_p.l(memcmp.o)
    0x080002e6   0x080002e6   0x000000b2   Code   RO         4929    .text               mf_p.l(fadd.o)
    0x08000398   0x08000398   0x0000007a   Code   RO         4931    .text               mf_p.l(fmul.o)
    0x08000412   0x08000412   0x0000007c   Code   RO         4933    .text               mf_p.l(fdiv.o)
    0x0800048e   0x0800048e   0x00000018   Code   RO         4935    .text               mf_p.l(fscalb.o)
    0x080004a6   0x080004a6   0x00000002   PAD
    0x080004a8   0x080004a8   0x00000168   Code   RO         4937    .text               mf_p.l(dadd.o)
    0x08000610   0x08000610   0x000000d0   Code   RO         4939    .text               mf_p.l(dmul.o)
    0x080006e0   0x080006e0   0x000000f0   Code   RO         4941    .text               mf_p.l(ddiv.o)
    0x080007d0   0x080007d0   0x0000002c   Code   RO         4943    .text               mf_p.l(dscalb.o)
    0x080007fc   0x080007fc   0x00000016   Code   RO         4945    .text               mf_p.l(fflti.o)
    0x08000812   0x08000812   0x0000000e   Code   RO         4947    .text               mf_p.l(ffltui.o)
    0x08000820   0x08000820   0x00000028   Code   RO         4949    .text               mf_p.l(dflti.o)
    0x08000848   0x08000848   0x00000032   Code   RO         4953    .text               mf_p.l(ffixi.o)
    0x0800087a   0x0800087a   0x00000028   Code   RO         4955    .text               mf_p.l(ffixui.o)
    0x080008a2   0x080008a2   0x00000002   PAD
    0x080008a4   0x080008a4   0x00000048   Code   RO         4957    .text               mf_p.l(dfixi.o)
    0x080008ec   0x080008ec   0x00000028   Code   RO         4959    .text               mf_p.l(f2d.o)
    0x08000914   0x08000914   0x00000028   Code   RO         4961    .text               mf_p.l(cdcmple.o)
    0x0800093c   0x0800093c   0x00000028   Code   RO         4963    .text               mf_p.l(cdrcmple.o)
    0x08000964   0x08000964   0x00000038   Code   RO         4965    .text               mf_p.l(d2f.o)
    0x0800099c   0x0800099c   0x00000020   Code   RO         5021    .text               mc_p.l(llshl.o)
    0x080009bc   0x080009bc   0x00000026   Code   RO         5023    .text               mc_p.l(llsshr.o)
    0x080009e2   0x080009e2   0x00000000   Code   RO         5032    .text               mc_p.l(iusefp.o)
    0x080009e2   0x080009e2   0x00000082   Code   RO         5033    .text               mf_p.l(fepilogue.o)
    0x08000a64   0x08000a64   0x000000be   Code   RO         5035    .text               mf_p.l(depilogue.o)
    0x08000b22   0x08000b22   0x00000002   PAD
    0x08000b24   0x08000b24   0x00000040   Code   RO         5039    .text               mf_p.l(dfixul.o)
    0x08000b64   0x08000b64   0x00000024   Code   RO         5041    .text               mc_p.l(init.o)
    0x08000b88   0x08000b88   0x000000a2   Code   RO         5043    .text               mf_p.l(dsqrt.o)
    0x08000c2a   0x08000c2a   0x00000004   Code   RO         1159    i.Error_Handler     main.o
    0x08000c2e   0x08000c2e   0x00000048   Code   RO         2329    i.HAL_DMA_Abort_IT  stm32f0xx_hal_dma.o
    0x08000c76   0x08000c76   0x00000006   Code   RO         2332    i.HAL_DMA_GetState  stm32f0xx_hal_dma.o
    0x08000c7c   0x08000c7c   0x00000024   Code   RO         2111    i.HAL_Delay         stm32f0xx_hal.o
    0x08000ca0   0x08000ca0   0x000001a4   Code   RO         2267    i.HAL_GPIO_Init     stm32f0xx_hal_gpio.o
    0x08000e44   0x08000e44   0x0000000c   Code   RO         2271    i.HAL_GPIO_WritePin  stm32f0xx_hal_gpio.o
    0x08000e50   0x08000e50   0x0000000c   Code   RO         2115    i.HAL_GetTick       stm32f0xx_hal.o
    0x08000e5c   0x08000e5c   0x0000004a   Code   RO         1942    i.HAL_I2CEx_ConfigAnalogFilter  stm32f0xx_hal_i2c_ex.o
    0x08000ea6   0x08000ea6   0x00000048   Code   RO         1943    i.HAL_I2CEx_ConfigDigitalFilter  stm32f0xx_hal_i2c_ex.o
    0x08000eee   0x08000eee   0x00000002   Code   RO         1484    i.HAL_I2C_AbortCpltCallback  stm32f0xx_hal_i2c.o
    0x08000ef0   0x08000ef0   0x00000002   Code   RO         1485    i.HAL_I2C_AddrCallback  stm32f0xx_hal_i2c.o
    0x08000ef2   0x08000ef2   0x0000005e   Code   RO         1488    i.HAL_I2C_ER_IRQHandler  stm32f0xx_hal_i2c.o
    0x08000f50   0x08000f50   0x00000010   Code   RO         1489    i.HAL_I2C_EV_IRQHandler  stm32f0xx_hal_i2c.o
    0x08000f60   0x08000f60   0x00000002   Code   RO         1491    i.HAL_I2C_ErrorCallback  stm32f0xx_hal_i2c.o
    0x08000f62   0x08000f62   0x00000002   PAD
    0x08000f64   0x08000f64   0x000000b4   Code   RO         1495    i.HAL_I2C_Init      stm32f0xx_hal_i2c.o
    0x08001018   0x08001018   0x00000002   Code   RO         1497    i.HAL_I2C_ListenCpltCallback  stm32f0xx_hal_i2c.o
    0x0800101a   0x0800101a   0x00000002   PAD
    0x0800101c   0x0800101c   0x00000154   Code   RO         1513    i.HAL_I2C_Mem_Read  stm32f0xx_hal_i2c.o
    0x08001170   0x08001170   0x0000014c   Code   RO         1516    i.HAL_I2C_Mem_Write  stm32f0xx_hal_i2c.o
    0x080012bc   0x080012bc   0x000000b0   Code   RO         1241    i.HAL_I2C_MspInit   i2c.o
    0x0800136c   0x0800136c   0x00000002   Code   RO         1521    i.HAL_I2C_SlaveRxCpltCallback  stm32f0xx_hal_i2c.o
    0x0800136e   0x0800136e   0x00000002   Code   RO         1522    i.HAL_I2C_SlaveTxCpltCallback  stm32f0xx_hal_i2c.o
    0x08001370   0x08001370   0x00000010   Code   RO         2121    i.HAL_IncTick       stm32f0xx_hal.o
    0x08001380   0x08001380   0x00000020   Code   RO         2122    i.HAL_Init          stm32f0xx_hal.o
    0x080013a0   0x080013a0   0x00000044   Code   RO         2123    i.HAL_InitTick      stm32f0xx_hal.o
    0x080013e4   0x080013e4   0x00000028   Code   RO         1464    i.HAL_MspInit       stm32f0xx_hal_msp.o
    0x0800140c   0x0800140c   0x00000018   Code   RO         2424    i.HAL_NVIC_EnableIRQ  stm32f0xx_hal_cortex.o
    0x08001424   0x08001424   0x00000008   Code   RO         2428    i.HAL_NVIC_SetPriority  stm32f0xx_hal_cortex.o
    0x0800142c   0x0800142c   0x000000e8   Code   RO         2076    i.HAL_RCCEx_PeriphCLKConfig  stm32f0xx_hal_rcc_ex.o
    0x08001514   0x08001514   0x00000108   Code   RO         1981    i.HAL_RCC_ClockConfig  stm32f0xx_hal_rcc.o
    0x0800161c   0x0800161c   0x00000020   Code   RO         1988    i.HAL_RCC_GetPCLK1Freq  stm32f0xx_hal_rcc.o
    0x0800163c   0x0800163c   0x00000080   Code   RO         1989    i.HAL_RCC_GetSysClockFreq  stm32f0xx_hal_rcc.o
    0x080016bc   0x080016bc   0x00000388   Code   RO         1992    i.HAL_RCC_OscConfig  stm32f0xx_hal_rcc.o
    0x08001a44   0x08001a44   0x00000002   Code   RO         2871    i.HAL_SPI_ErrorCallback  stm32f0xx_hal_spi.o
    0x08001a46   0x08001a46   0x00000002   PAD
    0x08001a48   0x08001a48   0x000000f8   Code   RO         2874    i.HAL_SPI_IRQHandler  stm32f0xx_hal_spi.o
    0x08001b40   0x08001b40   0x000000ee   Code   RO         2875    i.HAL_SPI_Init      stm32f0xx_hal_spi.o
    0x08001c2e   0x08001c2e   0x00000002   PAD
    0x08001c30   0x08001c30   0x00000094   Code   RO         1285    i.HAL_SPI_MspInit   spi.o
    0x08001cc4   0x08001cc4   0x00000160   Code   RO         2883    i.HAL_SPI_Transmit  stm32f0xx_hal_spi.o
    0x08001e24   0x08001e24   0x000001f2   Code   RO         2884    i.HAL_SPI_TransmitReceive  stm32f0xx_hal_spi.o
    0x08002016   0x08002016   0x00000002   PAD
    0x08002018   0x08002018   0x00000030   Code   RO         2432    i.HAL_SYSTICK_Config  stm32f0xx_hal_cortex.o
    0x08002048   0x08002048   0x00000048   Code   RO         3209    i.HAL_TIM_Base_Init  stm32f0xx_hal_tim.o
    0x08002090   0x08002090   0x00000024   Code   RO         1323    i.HAL_TIM_Base_MspInit  tim.o
    0x080020b4   0x080020b4   0x00000050   Code   RO         1324    i.HAL_TIM_MspPostInit  tim.o
    0x08002104   0x08002104   0x000000d0   Code   RO         3281    i.HAL_TIM_PWM_ConfigChannel  stm32f0xx_hal_tim.o
    0x080021d4   0x080021d4   0x00000048   Code   RO         3284    i.HAL_TIM_PWM_Init  stm32f0xx_hal_tim.o
    0x0800221c   0x0800221c   0x00000002   Code   RO         3286    i.HAL_TIM_PWM_MspInit  stm32f0xx_hal_tim.o
    0x0800221e   0x0800221e   0x00000002   PAD
    0x08002220   0x08002220   0x000000a8   Code   RO         3289    i.HAL_TIM_PWM_Start  stm32f0xx_hal_tim.o
    0x080022c8   0x080022c8   0x0000006a   Code   RO         4199    i.HAL_UART_Init     stm32f0xx_hal_uart.o
    0x08002332   0x08002332   0x00000002   PAD
    0x08002334   0x08002334   0x00000064   Code   RO         1367    i.HAL_UART_MspInit  usart.o
    0x08002398   0x08002398   0x000000d2   Code   RO         4208    i.HAL_UART_Transmit  stm32f0xx_hal_uart.o
    0x0800246a   0x0800246a   0x00000002   Code   RO         1404    i.HardFault_Handler  stm32f0xx_it.o
    0x0800246c   0x0800246c   0x00000020   Code   RO         1405    i.I2C2_IRQHandler   stm32f0xx_it.o
    0x0800248c   0x0800248c   0x0000001c   Code   RO         1534    i.I2C_DMAAbort      stm32f0xx_hal_i2c.o
    0x080024a8   0x080024a8   0x00000052   Code   RO         1540    i.I2C_Disable_IRQ   stm32f0xx_hal_i2c.o
    0x080024fa   0x080024fa   0x00000022   Code   RO         1542    i.I2C_Flush_TXDR    stm32f0xx_hal_i2c.o
    0x0800251c   0x0800251c   0x0000007c   Code   RO         1543    i.I2C_ITAddrCplt    stm32f0xx_hal_i2c.o
    0x08002598   0x08002598   0x000000ec   Code   RO         1544    i.I2C_ITError       stm32f0xx_hal_i2c.o
    0x08002684   0x08002684   0x00000068   Code   RO         1545    i.I2C_ITListenCplt  stm32f0xx_hal_i2c.o
    0x080026ec   0x080026ec   0x0000013c   Code   RO         1548    i.I2C_ITSlaveCplt   stm32f0xx_hal_i2c.o
    0x08002828   0x08002828   0x0000006a   Code   RO         1549    i.I2C_ITSlaveSeqCplt  stm32f0xx_hal_i2c.o
    0x08002892   0x08002892   0x00000002   PAD
    0x08002894   0x08002894   0x00000088   Code   RO         1550    i.I2C_IsAcknowledgeFailed  stm32f0xx_hal_i2c.o
    0x0800291c   0x0800291c   0x00000060   Code   RO         1553    i.I2C_RequestMemoryRead  stm32f0xx_hal_i2c.o
    0x0800297c   0x0800297c   0x00000060   Code   RO         1554    i.I2C_RequestMemoryWrite  stm32f0xx_hal_i2c.o
    0x080029dc   0x080029dc   0x00000130   Code   RO         1556    i.I2C_Slave_ISR_IT  stm32f0xx_hal_i2c.o
    0x08002b0c   0x08002b0c   0x00000028   Code   RO         1557    i.I2C_TransferConfig  stm32f0xx_hal_i2c.o
    0x08002b34   0x08002b34   0x00000026   Code   RO         1558    i.I2C_TreatErrorCallback  stm32f0xx_hal_i2c.o
    0x08002b5a   0x08002b5a   0x0000004e   Code   RO         1559    i.I2C_WaitOnFlagUntilTimeout  stm32f0xx_hal_i2c.o
    0x08002ba8   0x08002ba8   0x0000004c   Code   RO         1561    i.I2C_WaitOnSTOPFlagUntilTimeout  stm32f0xx_hal_i2c.o
    0x08002bf4   0x08002bf4   0x00000050   Code   RO         1562    i.I2C_WaitOnTXISFlagUntilTimeout  stm32f0xx_hal_i2c.o
    0x08002c44   0x08002c44   0x00000032   Code   RO          297    i.MPU_Get_Accelerometer  mpu6050.o
    0x08002c76   0x08002c76   0x00000032   Code   RO          298    i.MPU_Get_Gyroscope  mpu6050.o
    0x08002ca8   0x08002ca8   0x0000004c   Code   RO          299    i.MPU_Get_Temperature  mpu6050.o
    0x08002cf4   0x08002cf4   0x00000072   Code   RO          300    i.MPU_Init          mpu6050.o
    0x08002d66   0x08002d66   0x00000002   PAD
    0x08002d68   0x08002d68   0x0000002c   Code   RO          301    i.MPU_Read_Byte     mpu6050.o
    0x08002d94   0x08002d94   0x00000024   Code   RO          302    i.MPU_Read_Len      mpu6050.o
    0x08002db8   0x08002db8   0x0000000e   Code   RO          303    i.MPU_Set_Accel_Fsr  mpu6050.o
    0x08002dc6   0x08002dc6   0x0000000e   Code   RO          304    i.MPU_Set_Gyro_Fsr  mpu6050.o
    0x08002dd4   0x08002dd4   0x00000034   Code   RO          305    i.MPU_Set_LPF       mpu6050.o
    0x08002e08   0x08002e08   0x0000002e   Code   RO          306    i.MPU_Set_Rate      mpu6050.o
    0x08002e36   0x08002e36   0x00000002   PAD
    0x08002e38   0x08002e38   0x0000002c   Code   RO          307    i.MPU_Write_Byte    mpu6050.o
    0x08002e64   0x08002e64   0x00000024   Code   RO          308    i.MPU_Write_Len     mpu6050.o
    0x08002e88   0x08002e88   0x00000070   Code   RO         1220    i.MX_GPIO_Init      gpio.o
    0x08002ef8   0x08002ef8   0x00000058   Code   RO         1242    i.MX_I2C1_Init      i2c.o
    0x08002f50   0x08002f50   0x00000058   Code   RO         1243    i.MX_I2C2_Init      i2c.o
    0x08002fa8   0x08002fa8   0x0000004c   Code   RO         1286    i.MX_SPI1_Init      spi.o
    0x08002ff4   0x08002ff4   0x00000070   Code   RO         1325    i.MX_TIM14_Init     tim.o
    0x08003064   0x08003064   0x00000038   Code   RO         1368    i.MX_USART1_UART_Init  usart.o
    0x0800309c   0x0800309c   0x00000098   Code   RO          277    i.MapPitchToContorl  control.o
    0x08003134   0x08003134   0x00000002   Code   RO         1406    i.NMI_Handler       stm32f0xx_it.o
    0x08003136   0x08003136   0x0000003c   Code   RO          143    i.OLED_Clear        oled.o
    0x08003172   0x08003172   0x0000001c   Code   RO          145    i.OLED_Display_On   oled.o
    0x0800318e   0x0800318e   0x00000002   PAD
    0x08003190   0x08003190   0x00000110   Code   RO          147    i.OLED_Init         oled.o
    0x080032a0   0x080032a0   0x00000028   Code   RO          148    i.OLED_Set_Pos      oled.o
    0x080032c8   0x080032c8   0x0000007c   Code   RO          154    i.OLED_WR_Byte      oled.o
    0x08003344   0x08003344   0x00000002   Code   RO         1407    i.PendSV_Handler    stm32f0xx_it.o
    0x08003346   0x08003346   0x00000002   PAD
    0x08003348   0x08003348   0x00000010   Code   RO         1408    i.SPI1_IRQHandler   stm32f0xx_it.o
    0x08003358   0x08003358   0x00000012   Code   RO         2902    i.SPI_DMAAbortOnError  stm32f0xx_hal_spi.o
    0x0800336a   0x0800336a   0x0000004c   Code   RO         2913    i.SPI_EndRxTxTransaction  stm32f0xx_hal_spi.o
    0x080033b6   0x080033b6   0x00000002   PAD
    0x080033b8   0x080033b8   0x000000d8   Code   RO         2918    i.SPI_WaitFifoStateUntilTimeout  stm32f0xx_hal_spi.o
    0x08003490   0x08003490   0x000000b8   Code   RO         2919    i.SPI_WaitFlagStateUntilTimeout  stm32f0xx_hal_spi.o
    0x08003548   0x08003548   0x00000002   Code   RO         1409    i.SVC_Handler       stm32f0xx_it.o
    0x0800354a   0x0800354a   0x00000002   PAD
    0x0800354c   0x0800354c   0x00000034   Code   RO          255    i.SetMotorAngle     motor.o
    0x08003580   0x08003580   0x00000008   Code   RO         1410    i.SysTick_Handler   stm32f0xx_it.o
    0x08003588   0x08003588   0x0000006e   Code   RO         1160    i.SystemClock_Config  main.o
    0x080035f6   0x080035f6   0x00000002   Code   RO         4596    i.SystemInit        system_stm32f0xx.o
    0x080035f8   0x080035f8   0x00000088   Code   RO         3302    i.TIM_Base_SetConfig  stm32f0xx_hal_tim.o
    0x08003680   0x08003680   0x0000001a   Code   RO         3303    i.TIM_CCxChannelCmd  stm32f0xx_hal_tim.o
    0x0800369a   0x0800369a   0x00000002   PAD
    0x0800369c   0x0800369c   0x00000088   Code   RO         3315    i.TIM_OC1_SetConfig  stm32f0xx_hal_tim.o
    0x08003724   0x08003724   0x00000080   Code   RO         3316    i.TIM_OC2_SetConfig  stm32f0xx_hal_tim.o
    0x080037a4   0x080037a4   0x00000084   Code   RO         3317    i.TIM_OC3_SetConfig  stm32f0xx_hal_tim.o
    0x08003828   0x08003828   0x0000006c   Code   RO         3318    i.TIM_OC4_SetConfig  stm32f0xx_hal_tim.o
    0x08003894   0x08003894   0x000000ca   Code   RO         4213    i.UART_AdvFeatureConfig  stm32f0xx_hal_uart.o
    0x0800395e   0x0800395e   0x00000002   PAD
    0x08003960   0x08003960   0x00000064   Code   RO         4214    i.UART_CheckIdleState  stm32f0xx_hal_uart.o
    0x080039c4   0x080039c4   0x00000134   Code   RO         4229    i.UART_SetConfig    stm32f0xx_hal_uart.o
    0x08003af8   0x08003af8   0x000000d4   Code   RO         4234    i.UART_WaitOnFlagUntilTimeout  stm32f0xx_hal_uart.o
    0x08003bcc   0x08003bcc   0x0000001c   Code   RO          550    i.Vofa_view         imu_view.o
    0x08003be8   0x08003be8   0x00000020   Code   RO         4901    i.__0printf         mc_p.l(printfa.o)
    0x08003c08   0x08003c08   0x0000002e   Code   RO         5037    i.__ARM_clz         mf_p.l(depilogue.o)
    0x08003c36   0x08003c36   0x00000030   Code   RO          785    i.__ARM_common_ll_mulss  inv_mpu_dmp_motion_driver.o
    0x08003c66   0x08003c66   0x00000030   Code   RO         2066    i.__ARM_common_ll_muluu  stm32f0xx_hal_rcc.o
    0x08003c96   0x08003c96   0x0000001a   Code   RO         1141    i.__ARM_common_switch8  inv_mpu.o
    0x08003cb0   0x08003cb0   0x0000002c   Code   RO         4991    i.__ARM_fpclassify  m_ps.l(fpclassify.o)
    0x08003cdc   0x08003cdc   0x00000044   Code   RO         2434    i.__NVIC_SetPriority  stm32f0xx_hal_cortex.o
    0x08003d20   0x08003d20   0x000000ac   Code   RO         4993    i.__kernel_poly     m_ps.l(poly.o)
    0x08003dcc   0x08003dcc   0x0000000a   Code   RO         4978    i.__mathlib_dbl_infnan  m_ps.l(dunder.o)
    0x08003dd6   0x08003dd6   0x00000008   Code   RO         4979    i.__mathlib_dbl_infnan2  m_ps.l(dunder.o)
    0x08003dde   0x08003dde   0x00000010   Code   RO         4980    i.__mathlib_dbl_invalid  m_ps.l(dunder.o)
    0x08003dee   0x08003dee   0x00000002   PAD
    0x08003df0   0x08003df0   0x00000014   Code   RO         4983    i.__mathlib_dbl_underflow  m_ps.l(dunder.o)
    0x08003e04   0x08003e04   0x0000000e   Code   RO         5047    i.__scatterload_copy  mc_p.l(handlers.o)
    0x08003e12   0x08003e12   0x00000002   Code   RO         5048    i.__scatterload_null  mc_p.l(handlers.o)
    0x08003e14   0x08003e14   0x0000000e   Code   RO         5049    i.__scatterload_zeroinit  mc_p.l(handlers.o)
    0x08003e22   0x08003e22   0x00000002   PAD
    0x08003e24   0x08003e24   0x0000000c   Code   RO         5027    i.__set_errno       mc_p.l(errno.o)
    0x08003e30   0x08003e30   0x00000174   Code   RO         4908    i._fp_digits        mc_p.l(printfa.o)
    0x08003fa4   0x08003fa4   0x000006f0   Code   RO         4909    i._printf_core      mc_p.l(printfa.o)
    0x08004694   0x08004694   0x00000020   Code   RO         4910    i._printf_post_padding  mc_p.l(printfa.o)
    0x080046b4   0x080046b4   0x0000002c   Code   RO         4911    i._printf_pre_padding  mc_p.l(printfa.o)
    0x080046e0   0x080046e0   0x00000074   Code   RO          822    i.accel_self_test   inv_mpu.o
    0x08004754   0x08004754   0x00000274   Code   RO         4628    i.asin              m_ps.l(asin.o)
    0x080049c8   0x080049c8   0x0000021c   Code   RO         4968    i.atan              m_ps.l(atan.o)
    0x08004be4   0x08004be4   0x0000019c   Code   RO         4638    i.atan2             m_ps.l(atan2.o)
    0x08004d80   0x08004d80   0x0000006c   Code   RO          398    i.bmp280_get_config  bmp280.o
    0x08004dec   0x08004dec   0x00000044   Code   RO          400    i.bmp280_get_regs   bmp280.o
    0x08004e30   0x08004e30   0x00000070   Code   RO          403    i.bmp280_init       bmp280.o
    0x08004ea0   0x08004ea0   0x0000000c   Code   RO          404    i.bmp280_set_config  bmp280.o
    0x08004eac   0x08004eac   0x00000020   Code   RO          405    i.bmp280_set_power_mode  bmp280.o
    0x08004ecc   0x08004ecc   0x00000098   Code   RO          406    i.bmp280_set_regs   bmp280.o
    0x08004f64   0x08004f64   0x00000034   Code   RO          407    i.bmp280_soft_reset  bmp280.o
    0x08004f98   0x08004f98   0x000000d0   Code   RO          408    i.conf_sensor       bmp280.o
    0x08005068   0x08005068   0x00000038   Code   RO          616    i.dmp_enable_6x_lp_quat  inv_mpu_dmp_motion_driver.o
    0x080050a0   0x080050a0   0x000001b4   Code   RO          617    i.dmp_enable_feature  inv_mpu_dmp_motion_driver.o
    0x08005254   0x08005254   0x00000040   Code   RO          618    i.dmp_enable_gyro_cal  inv_mpu_dmp_motion_driver.o
    0x08005294   0x08005294   0x00000038   Code   RO          619    i.dmp_enable_lp_quat  inv_mpu_dmp_motion_driver.o
    0x080052cc   0x080052cc   0x0000001c   Code   RO          624    i.dmp_load_motion_driver_firmware  inv_mpu_dmp_motion_driver.o
    0x080052e8   0x080052e8   0x00000174   Code   RO          625    i.dmp_read_fifo     inv_mpu_dmp_motion_driver.o
    0x0800545c   0x0800545c   0x000000b8   Code   RO          628    i.dmp_set_accel_bias  inv_mpu_dmp_motion_driver.o
    0x08005514   0x08005514   0x0000006c   Code   RO          629    i.dmp_set_fifo_rate  inv_mpu_dmp_motion_driver.o
    0x08005580   0x08005580   0x000000cc   Code   RO          630    i.dmp_set_gyro_bias  inv_mpu_dmp_motion_driver.o
    0x0800564c   0x0800564c   0x000000f0   Code   RO          632    i.dmp_set_orientation  inv_mpu_dmp_motion_driver.o
    0x0800573c   0x0800573c   0x0000002c   Code   RO          635    i.dmp_set_shake_reject_thresh  inv_mpu_dmp_motion_driver.o
    0x08005768   0x08005768   0x0000001e   Code   RO          636    i.dmp_set_shake_reject_time  inv_mpu_dmp_motion_driver.o
    0x08005786   0x08005786   0x0000001e   Code   RO          637    i.dmp_set_shake_reject_timeout  inv_mpu_dmp_motion_driver.o
    0x080057a4   0x080057a4   0x00000036   Code   RO          638    i.dmp_set_tap_axes  inv_mpu_dmp_motion_driver.o
    0x080057da   0x080057da   0x00000024   Code   RO          639    i.dmp_set_tap_count  inv_mpu_dmp_motion_driver.o
    0x080057fe   0x080057fe   0x00000002   PAD
    0x08005800   0x08005800   0x00000130   Code   RO          640    i.dmp_set_tap_thresh  inv_mpu_dmp_motion_driver.o
    0x08005930   0x08005930   0x0000001e   Code   RO          641    i.dmp_set_tap_time  inv_mpu_dmp_motion_driver.o
    0x0800594e   0x0800594e   0x0000001e   Code   RO          642    i.dmp_set_tap_time_multi  inv_mpu_dmp_motion_driver.o
    0x0800596c   0x0800596c   0x00000018   Code   RO         1161    i.fputc             main.o
    0x08005984   0x08005984   0x00000008   Code   RO          409    i.fuckYouDelay      bmp280.o
    0x0800598c   0x0800598c   0x000000a4   Code   RO          823    i.get_accel_prod_shift  inv_mpu.o
    0x08005a30   0x08005a30   0x00000078   Code   RO          410    i.get_calib_param   bmp280.o
    0x08005aa8   0x08005aa8   0x00000328   Code   RO          824    i.get_st_biases     inv_mpu.o
    0x08005dd0   0x08005dd0   0x000000cc   Code   RO          825    i.gyro_self_test    inv_mpu.o
    0x08005e9c   0x08005e9c   0x00000022   Code   RO          826    i.inv_orientation_matrix_to_scalar  inv_mpu.o
    0x08005ebe   0x08005ebe   0x00000040   Code   RO          827    i.inv_row_2_scale   inv_mpu.o
    0x08005efe   0x08005efe   0x00000002   PAD
    0x08005f00   0x08005f00   0x000001c8   Code   RO         1162    i.main              main.o
    0x080060c8   0x080060c8   0x00000002   Code   RO          828    i.mget_ms           inv_mpu.o
    0x080060ca   0x080060ca   0x00000002   PAD
    0x080060cc   0x080060cc   0x0000005c   Code   RO          829    i.mpu_configure_fifo  inv_mpu.o
    0x08006128   0x08006128   0x0000019c   Code   RO          830    i.mpu_dmp_get_data  inv_mpu.o
    0x080062c4   0x080062c4   0x000000a4   Code   RO          831    i.mpu_dmp_init      inv_mpu.o
    0x08006368   0x08006368   0x00000040   Code   RO          832    i.mpu_get_accel_fsr  inv_mpu.o
    0x080063a8   0x080063a8   0x00000048   Code   RO          834    i.mpu_get_accel_sens  inv_mpu.o
    0x080063f0   0x080063f0   0x00000038   Code   RO          840    i.mpu_get_gyro_fsr  inv_mpu.o
    0x08006428   0x08006428   0x00000044   Code   RO          842    i.mpu_get_gyro_sens  inv_mpu.o
    0x0800646c   0x0800646c   0x0000003c   Code   RO          844    i.mpu_get_lpf       inv_mpu.o
    0x080064a8   0x080064a8   0x00000020   Code   RO          846    i.mpu_get_sample_rate  inv_mpu.o
    0x080064c8   0x080064c8   0x00000190   Code   RO          848    i.mpu_init          inv_mpu.o
    0x08006658   0x08006658   0x0000009c   Code   RO          849    i.mpu_load_firmware  inv_mpu.o
    0x080066f4   0x080066f4   0x000000a8   Code   RO          850    i.mpu_lp_accel_mode  inv_mpu.o
    0x0800679c   0x0800679c   0x0000009c   Code   RO          853    i.mpu_read_fifo_stream  inv_mpu.o
    0x08006838   0x08006838   0x00000058   Code   RO          854    i.mpu_read_mem      inv_mpu.o
    0x08006890   0x08006890   0x0000016c   Code   RO          857    i.mpu_reset_fifo    inv_mpu.o
    0x080069fc   0x080069fc   0x000000f8   Code   RO          858    i.mpu_run_self_test  inv_mpu.o
    0x08006af4   0x08006af4   0x00000068   Code   RO          860    i.mpu_set_accel_fsr  inv_mpu.o
    0x08006b5c   0x08006b5c   0x000000dc   Code   RO          861    i.mpu_set_bypass    inv_mpu.o
    0x08006c38   0x08006c38   0x00000078   Code   RO          863    i.mpu_set_dmp_state  inv_mpu.o
    0x08006cb0   0x08006cb0   0x00000070   Code   RO          864    i.mpu_set_gyro_fsr  inv_mpu.o
    0x08006d20   0x08006d20   0x00000068   Code   RO          865    i.mpu_set_int_latched  inv_mpu.o
    0x08006d88   0x08006d88   0x0000006c   Code   RO          867    i.mpu_set_lpf       inv_mpu.o
    0x08006df4   0x08006df4   0x00000094   Code   RO          868    i.mpu_set_sample_rate  inv_mpu.o
    0x08006e88   0x08006e88   0x000000bc   Code   RO          869    i.mpu_set_sensors   inv_mpu.o
    0x08006f44   0x08006f44   0x00000058   Code   RO          870    i.mpu_write_mem     inv_mpu.o
    0x08006f9c   0x08006f9c   0x00000028   Code   RO          411    i.null_ptr_check    bmp280.o
    0x08006fc4   0x08006fc4   0x00000080   Code   RO          871    i.run_self_test     inv_mpu.o
    0x08007044   0x08007044   0x00000064   Code   RO          872    i.set_int_enable    inv_mpu.o
    0x080070a8   0x080070a8   0x00000040   Code   RO          412    i.spi_reg_read      bmp280.o
    0x080070e8   0x080070e8   0x00000078   Code   RO          413    i.spi_reg_write     bmp280.o
    0x08007160   0x08007160   0x00000048   Code   RO         4997    i.sqrt              m_ps.l(sqrt.o)
    0x080071a8   0x080071a8   0x00000bf6   Data   RO          644    .constdata          inv_mpu_dmp_motion_driver.o
    0x08007d9e   0x08007d9e   0x0000001b   Data   RO          874    .constdata          inv_mpu.o
    0x08007db9   0x08007db9   0x00000001   PAD
    0x08007dba   0x08007dba   0x0000000c   Data   RO          875    .constdata          inv_mpu.o
    0x08007dc6   0x08007dc6   0x00000002   PAD
    0x08007dc8   0x08007dc8   0x00000028   Data   RO          876    .constdata          inv_mpu.o
    0x08007df0   0x08007df0   0x00000010   Data   RO         4597    .constdata          system_stm32f0xx.o
    0x08007e00   0x08007e00   0x00000008   Data   RO         4598    .constdata          system_stm32f0xx.o
    0x08007e08   0x08007e08   0x00000050   Data   RO         4629    .constdata          m_ps.l(asin.o)
    0x08007e58   0x08007e58   0x00000098   Data   RO         4969    .constdata          m_ps.l(atan.o)
    0x08007ef0   0x08007ef0   0x00000008   Data   RO         4995    .constdata          m_ps.l(qnan.o)
    0x08007ef8   0x08007ef8   0x0000004d   Data   RO          877    .conststring        inv_mpu.o
    0x08007f45   0x08007f45   0x00000003   PAD
    0x08007f48   0x08007f48   0x00000020   Data   RO         5045    Region$$Table       anon$$obj.o


    Execution Region RW_IRAM1 (Exec base: 0x20000000, Load base: 0x08007f68, Size: 0x00000660, Max: 0x00002000, ABSOLUTE)

    Exec Addr    Load Addr    Size         Type   Attr      Idx    E Section Name        Object

    0x20000000   0x08007f68   0x00000034   Data   RW          414    .data               bmp280.o
    0x20000034   0x08007f9c   0x00000004   Data   RW          415    .data               bmp280.o
    0x20000038   0x08007fa0   0x00000035   Data   RW          878    .data               inv_mpu.o
    0x2000006d   0x08007fd5   0x00000003   PAD
    0x20000070   0x08007fd8   0x0000000c   Data   RW         2129    .data               stm32f0xx_hal.o
    0x2000007c   0x08007fe4   0x00000004   Data   RW         4599    .data               system_stm32f0xx.o
    0x20000080   0x08007fe8   0x00000004   Data   RW         5020    .data               mc_p.l(stdout.o)
    0x20000084   0x08007fec   0x00000004   Data   RW         5028    .data               mc_p.l(errno.o)
    0x20000088        -       0x00000010   Zero   RW          643    .bss                inv_mpu_dmp_motion_driver.o
    0x20000098        -       0x00000098   Zero   RW         1244    .bss                i2c.o
    0x20000130        -       0x00000064   Zero   RW         1287    .bss                spi.o
    0x20000194        -       0x00000048   Zero   RW         1326    .bss                tim.o
    0x200001dc        -       0x00000084   Zero   RW         1369    .bss                usart.o
    0x20000260        -       0x00000400   Zero   RW            1    STACK               startup_stm32f030x8.o


==============================================================================

Image component sizes


      Code (inc. data)   RO Data    RW Data    ZI Data      Debug   Object Name

      1096        144          0         56          0      17528   bmp280.o
       152          0          0          0          0        672   control.o
       112         10          0          0          0        867   gpio.o
       352         42          0          0        152       2238   i2c.o
        28         12          0          0          0        536   imu_view.o
      5438        308        156         53          0      30290   inv_mpu.o
      2354        164       3062          0         16      19562   inv_mpu_dmp_motion_driver.o
         0          0          0          0          0     287680   led.o
       594        198          0          0          0       3244   main.o
        52         18          0          0          0        492   motor.o
       576         34          0          0          0       7449   mpu6050.o
       524         12          0          0          0       5001   oled.o
       224         24          0          0        100       1665   spi.o
        28          8        180          0       1024        624   startup_stm32f030x8.o
       164         30          0         12          0       7873   stm32f0xx_hal.o
       148         24          0          0          0      10289   stm32f0xx_hal_cortex.o
        78          0          0          0          0       1638   stm32f0xx_hal_dma.o
       432         24          0          0          0       2116   stm32f0xx_hal_gpio.o
      2948         90          0          0          0      22658   stm32f0xx_hal_i2c.o
       146          0          0          0          0       1883   stm32f0xx_hal_i2c_ex.o
        40          6          0          0          0        818   stm32f0xx_hal_msp.o
      1376         92          0          0          0       4621   stm32f0xx_hal_rcc.o
       232         14          0          0          0       1352   stm32f0xx_hal_rcc_ex.o
      1832         12          0          0          0       9973   stm32f0xx_hal_spi.o
      1188        114          0          0          0       9036   stm32f0xx_hal_tim.o
      1138         32          0          0          0       9317   stm32f0xx_hal_uart.o
        64         10          0          0          0       3035   stm32f0xx_it.o
         2          0         24          4          0       1099   system_stm32f0xx.o
       228         36          0          0         72       2182   tim.o
       156         18          0          0        132       1626   usart.o

    ----------------------------------------------------------------------
     21740       1476       3460        128       1496     467364   Object Totals
         0          0         32          0          0          0   (incl. Generated)
        38          0          6          3          0          0   (incl. Padding)

    ----------------------------------------------------------------------

      Code (inc. data)   RO Data    RW Data    ZI Data      Debug   Library Member Name

       628         54         80          0          0        104   asin.o
       540         68        152          0          0        112   atan.o
       412         40          0          0          0        144   atan2.o
        54          6          0          0          0        272   dunder.o
        44          4          0          0          0         60   fpclassify.o
       172          0          0          0          0         76   poly.o
         0          0          8          0          0          0   qnan.o
        72          6          0          0          0         76   sqrt.o
         0          0          0          0          0          0   entry.o
         0          0          0          0          0          0   entry10a.o
         0          0          0          0          0          0   entry11a.o
         4          0          0          0          0          0   entry12b.o
         8          4          0          0          0          0   entry2.o
         4          0          0          0          0          0   entry5.o
         0          0          0          0          0          0   entry7b.o
         0          0          0          0          0          0   entry8b.o
         8          4          0          0          0          0   entry9a.o
        12          6          0          4          0         60   errno.o
        30          0          0          0          0          0   handlers.o
        40          0          0          0          0         72   idiv.o
        36          8          0          0          0         68   init.o
         0          0          0          0          0          0   iusefp.o
        76          0          0          0          0         76   ldiv.o
       122          0          0          0          0         84   llmul.o
        32          0          0          0          0         68   llshl.o
        38          0          0          0          0         68   llsshr.o
        34          0          0          0          0         68   llushr.o
        26          0          0          0          0         72   memcmp.o
        36          0          0          0          0         60   memcpya.o
        36          0          0          0          0        100   memseta.o
      2256         98          0          0          0        412   printfa.o
         0          0          0          4          0          0   stdout.o
        44          0          0          0          0         72   uidiv.o
        96          0          0          0          0         84   uldiv.o
        40          2          0          0          0         68   cdcmple.o
        40          2          0          0          0         68   cdrcmple.o
        56          0          0          0          0         68   d2f.o
       360          6          0          0          0        140   dadd.o
       240          6          0          0          0         84   ddiv.o
       236          0          0          0          0        216   depilogue.o
        72         10          0          0          0         72   dfixi.o
        64         10          0          0          0         68   dfixul.o
        40          6          0          0          0         68   dflti.o
       208          6          0          0          0         88   dmul.o
        44          0          0          0          0         72   dscalb.o
       162          0          0          0          0         80   dsqrt.o
        40          0          0          0          0         60   f2d.o
       178          0          0          0          0        108   fadd.o
       124          0          0          0          0         72   fdiv.o
       130          0          0          0          0        144   fepilogue.o
        50          0          0          0          0         60   ffixi.o
        40          0          0          0          0         60   ffixui.o
        22          0          0          0          0         68   fflti.o
        14          0          0          0          0         68   ffltui.o
       122          0          0          0          0         72   fmul.o
        24          0          0          0          0         60   fscalb.o

    ----------------------------------------------------------------------
      7176        346        240          8          0       4072   Library Totals
        10          0          0          0          0          0   (incl. Padding)

    ----------------------------------------------------------------------

      Code (inc. data)   RO Data    RW Data    ZI Data      Debug   Library Name

      1922        178        240          0          0        844   m_ps.l
      2938        120          0          8          0       1364   mc_p.l
      2306         48          0          0          0       1864   mf_p.l

    ----------------------------------------------------------------------
      7176        346        240          8          0       4072   Library Totals

    ----------------------------------------------------------------------

==============================================================================


      Code (inc. data)   RO Data    RW Data    ZI Data      Debug   

     28916       1822       3700        136       1496     461408   Grand Totals
     28916       1822       3700        136       1496     461408   ELF Image Totals
     28916       1822       3700        136          0          0   ROM Totals

==============================================================================

    Total RO  Size (Code + RO Data)                32616 (  31.85kB)
    Total RW  Size (RW Data + ZI Data)              1632 (   1.59kB)
    Total ROM Size (Code + RO Data + RW Data)      32752 (  31.98kB)

==============================================================================

