Component: ARM Compiler 5.06 update 7 (build 960) Tool: armlink [4d3601]

==============================================================================

Section Cross References

    startup_stm32f030x8.o(RESET) refers to startup_stm32f030x8.o(STACK) for __initial_sp
    startup_stm32f030x8.o(RESET) refers to startup_stm32f030x8.o(.text) for Reset_Handler
    startup_stm32f030x8.o(RESET) refers to stm32f0xx_it.o(i.NMI_Handler) for NMI_Handler
    startup_stm32f030x8.o(RESET) refers to stm32f0xx_it.o(i.HardFault_Handler) for HardFault_Handler
    startup_stm32f030x8.o(RESET) refers to stm32f0xx_it.o(i.SVC_Handler) for SVC_Handler
    startup_stm32f030x8.o(RESET) refers to stm32f0xx_it.o(i.PendSV_Handler) for PendSV_Handler
    startup_stm32f030x8.o(RESET) refers to stm32f0xx_it.o(i.SysTick_Handler) for SysTick_Handler
    startup_stm32f030x8.o(RESET) refers to stm32f0xx_it.o(i.I2C2_IRQHandler) for I2C2_IRQHandler
    startup_stm32f030x8.o(RESET) refers to stm32f0xx_it.o(i.SPI1_IRQHandler) for SPI1_IRQHandler
    startup_stm32f030x8.o(.text) refers to system_stm32f0xx.o(i.SystemInit) for SystemInit
    startup_stm32f030x8.o(.text) refers to entry.o(.ARM.Collect$$$$00000000) for __main
    led.o(i.LedBlink) refers to stm32f0xx_hal_gpio.o(i.HAL_GPIO_TogglePin) for HAL_GPIO_TogglePin
    oled.o(i.OLED_Clear) refers to oled.o(i.OLED_WR_Byte) for OLED_WR_Byte
    oled.o(i.OLED_Display_Off) refers to oled.o(i.OLED_WR_Byte) for OLED_WR_Byte
    oled.o(i.OLED_Display_On) refers to oled.o(i.OLED_WR_Byte) for OLED_WR_Byte
    oled.o(i.OLED_DrawBMP) refers to oled.o(i.OLED_Set_Pos) for OLED_Set_Pos
    oled.o(i.OLED_DrawBMP) refers to oled.o(i.OLED_WR_Byte) for OLED_WR_Byte
    oled.o(i.OLED_Init) refers to stm32f0xx_hal_gpio.o(i.HAL_GPIO_WritePin) for HAL_GPIO_WritePin
    oled.o(i.OLED_Init) refers to stm32f0xx_hal.o(i.HAL_Delay) for HAL_Delay
    oled.o(i.OLED_Init) refers to oled.o(i.OLED_WR_Byte) for OLED_WR_Byte
    oled.o(i.OLED_Init) refers to oled.o(i.OLED_Clear) for OLED_Clear
    oled.o(i.OLED_Init) refers to oled.o(i.OLED_Set_Pos) for OLED_Set_Pos
    oled.o(i.OLED_Set_Pos) refers to oled.o(i.OLED_WR_Byte) for OLED_WR_Byte
    oled.o(i.OLED_ShowCHinese) refers to oled.o(i.OLED_Set_Pos) for OLED_Set_Pos
    oled.o(i.OLED_ShowCHinese) refers to oled.o(i.OLED_WR_Byte) for OLED_WR_Byte
    oled.o(i.OLED_ShowCHinese) refers to oled.o(.data) for .data
    oled.o(i.OLED_ShowChar) refers to oled.o(i.OLED_Set_Pos) for OLED_Set_Pos
    oled.o(i.OLED_ShowChar) refers to oled.o(i.OLED_WR_Byte) for OLED_WR_Byte
    oled.o(i.OLED_ShowChar) refers to oled.o(.constdata) for .constdata
    oled.o(i.OLED_ShowImu) refers to f2d.o(.text) for __aeabi_f2d
    oled.o(i.OLED_ShowImu) refers to printfa.o(i.__0snprintf) for __2snprintf
    oled.o(i.OLED_ShowImu) refers to oled.o(i.OLED_ShowString) for OLED_ShowString
    oled.o(i.OLED_ShowImu) refers to oled.o(.bss) for .bss
    oled.o(i.OLED_ShowNum) refers to oled.o(i.oled_pow) for oled_pow
    oled.o(i.OLED_ShowNum) refers to uidiv.o(.text) for __aeabi_uidivmod
    oled.o(i.OLED_ShowNum) refers to oled.o(i.OLED_ShowChar) for OLED_ShowChar
    oled.o(i.OLED_ShowString) refers to oled.o(i.OLED_ShowChar) for OLED_ShowChar
    oled.o(i.OLED_WR_Byte) refers to stm32f0xx_hal_gpio.o(i.HAL_GPIO_WritePin) for HAL_GPIO_WritePin
    motor.o(i.SetMotorAngle) refers to dflti.o(.text) for __aeabi_i2d
    motor.o(i.SetMotorAngle) refers to dmul.o(.text) for __aeabi_dmul
    motor.o(i.SetMotorAngle) refers to dadd.o(.text) for __aeabi_dadd
    motor.o(i.SetMotorAngle) refers to dfixi.o(.text) for __aeabi_d2iz
    motor.o(i.SetMotorAngle) refers to tim.o(.bss) for htim14
    control.o(i.ControlInit) refers to pid.o(i.PIDController_Init) for PIDController_Init
    control.o(i.ControlInit) refers to pid.o(i.PIDControllerSetPar) for PIDControllerSetPar
    control.o(i.ControlInit) refers to control.o(.bss) for .bss
    control.o(i.Controlling) refers to fflti.o(.text) for __aeabi_i2f
    control.o(i.Controlling) refers to pid.o(i.PIDController_Update) for PIDController_Update
    control.o(i.Controlling) refers to f2d.o(.text) for __aeabi_f2d
    control.o(i.Controlling) refers to printfa.o(i.__0printf) for __2printf
    control.o(i.Controlling) refers to control.o(.bss) for .bss
    control.o(i.MapPitchToContorl) refers to motor.o(i.SetMotorAngle) for SetMotorAngle
    mpu6050.o(i.MPU_Get_Accelerometer) refers to mpu6050.o(i.MPU_Read_Len) for MPU_Read_Len
    mpu6050.o(i.MPU_Get_Gyroscope) refers to mpu6050.o(i.MPU_Read_Len) for MPU_Read_Len
    mpu6050.o(i.MPU_Get_Temperature) refers to mpu6050.o(i.MPU_Read_Len) for MPU_Read_Len
    mpu6050.o(i.MPU_Get_Temperature) refers to dflti.o(.text) for __aeabi_i2d
    mpu6050.o(i.MPU_Get_Temperature) refers to ddiv.o(.text) for __aeabi_ddiv
    mpu6050.o(i.MPU_Get_Temperature) refers to dadd.o(.text) for __aeabi_dadd
    mpu6050.o(i.MPU_Get_Temperature) refers to d2f.o(.text) for __aeabi_d2f
[...]
    i.SPI_WaitFifoStateUntilTimeout          0x0800343c   Section        0  stm32f0xx_hal_spi.o(i.SPI_WaitFifoStateUntilTimeout)
    SPI_WaitFifoStateUntilTimeout            0x0800343d   Thumb Code   212  stm32f0xx_hal_spi.o(i.SPI_WaitFifoStateUntilTimeout)
    i.SPI_WaitFlagStateUntilTimeout          0x08003514   Section        0  stm32f0xx_hal_spi.o(i.SPI_WaitFlagStateUntilTimeout)
    SPI_WaitFlagStateUntilTimeout            0x08003515   Thumb Code   180  stm32f0xx_hal_spi.o(i.SPI_WaitFlagStateUntilTimeout)
    i.SVC_Handler                            0x080035cc   Section        0  stm32f0xx_it.o(i.SVC_Handler)
    i.SysTick_Handler                        0x080035ce   Section        0  stm32f0xx_it.o(i.SysTick_Handler)
    i.SystemClock_Config                     0x080035d6   Section        0  main.o(i.SystemClock_Config)
    i.SystemInit                             0x08003644   Section        0  system_stm32f0xx.o(i.SystemInit)
    i.TIM_Base_SetConfig                     0x08003648   Section        0  stm32f0xx_hal_tim.o(i.TIM_Base_SetConfig)
    i.TIM_CCxChannelCmd                      0x080036d0   Section        0  stm32f0xx_hal_tim.o(i.TIM_CCxChannelCmd)
    i.TIM_OC1_SetConfig                      0x080036ec   Section        0  stm32f0xx_hal_tim.o(i.TIM_OC1_SetConfig)
    TIM_OC1_SetConfig                        0x080036ed   Thumb Code   120  stm32f0xx_hal_tim.o(i.TIM_OC1_SetConfig)
    i.TIM_OC2_SetConfig                      0x08003774   Section        0  stm32f0xx_hal_tim.o(i.TIM_OC2_SetConfig)
    i.TIM_OC3_SetConfig                      0x080037f4   Section        0  stm32f0xx_hal_tim.o(i.TIM_OC3_SetConfig)
    TIM_OC3_SetConfig                        0x080037f5   Thumb Code   114  stm32f0xx_hal_tim.o(i.TIM_OC3_SetConfig)
    i.TIM_OC4_SetConfig                      0x08003878   Section        0  stm32f0xx_hal_tim.o(i.TIM_OC4_SetConfig)
    TIM_OC4_SetConfig                        0x08003879   Thumb Code    90  stm32f0xx_hal_tim.o(i.TIM_OC4_SetConfig)
    i.UART_AdvFeatureConfig                  0x080038e4   Section        0  stm32f0xx_hal_uart.o(i.UART_AdvFeatureConfig)
    i.UART_CheckIdleState                    0x080039b0   Section        0  stm32f0xx_hal_uart.o(i.UART_CheckIdleState)
    i.UART_SetConfig                         0x08003a14   Section        0  stm32f0xx_hal_uart.o(i.UART_SetConfig)
    i.UART_WaitOnFlagUntilTimeout            0x08003b48   Section        0  stm32f0xx_hal_uart.o(i.UART_WaitOnFlagUntilTimeout)
    i.Vofa_view                              0x08003c1c   Section        0  imu_view.o(i.Vofa_view)
    i.__0printf                              0x08003c38   Section        0  printfa.o(i.__0printf)
    i.__ARM_clz                              0x08003c58   Section        0  depilogue.o(i.__ARM_clz)
    i.__ARM_common_ll_mulss                  0x08003c86   Section        0  inv_mpu_dmp_motion_driver.o(i.__ARM_common_ll_mulss)
    i.__ARM_common_ll_muluu                  0x08003cb6   Section        0  stm32f0xx_hal_rcc.o(i.__ARM_common_ll_muluu)
    i.__ARM_common_switch8                   0x08003ce6   Section        0  inv_mpu.o(i.__ARM_common_switch8)
    i.__ARM_fpclassify                       0x08003d00   Section        0  fpclassify.o(i.__ARM_fpclassify)
    i.__NVIC_SetPriority                     0x08003d2c   Section        0  stm32f0xx_hal_cortex.o(i.__NVIC_SetPriority)
    __NVIC_SetPriority                       0x08003d2d   Thumb Code    60  stm32f0xx_hal_cortex.o(i.__NVIC_SetPriority)
    i.__kernel_poly                          0x08003d70   Section        0  poly.o(i.__kernel_poly)
    i.__mathlib_dbl_infnan                   0x08003e1c   Section        0  dunder.o(i.__mathlib_dbl_infnan)
    i.__mathlib_dbl_infnan2                  0x08003e26   Section        0  dunder.o(i.__mathlib_dbl_infnan2)
    i.__mathlib_dbl_invalid                  0x08003e2e   Section        0  dunder.o(i.__mathlib_dbl_invalid)
    i.__mathlib_dbl_underflow                0x08003e40   Section        0  dunder.o(i.__mathlib_dbl_underflow)
    i.__scatterload_copy                     0x08003e54   Section       14  handlers.o(i.__scatterload_copy)
    i.__scatterload_null                     0x08003e62   Section        2  handlers.o(i.__scatterload_null)
    i.__scatterload_zeroinit                 0x08003e64   Section       14  handlers.o(i.__scatterload_zeroinit)
    i.__set_errno                            0x08003e74   Section        0  errno.o(i.__set_errno)
    i._fp_digits                             0x08003e80   Section        0  printfa.o(i._fp_digits)
    _fp_digits                               0x08003e81   Thumb Code   344  printfa.o(i._fp_digits)
    i._printf_core                           0x08003ff4   Section        0  printfa.o(i._printf_core)
    _printf_core                             0x08003ff5   Thumb Code  1760  printfa.o(i._printf_core)
    i._printf_post_padding                   0x080046e4   Section        0  printfa.o(i._printf_post_padding)
    _printf_post_padding                     0x080046e5   Thumb Code    32  printfa.o(i._printf_post_padding)
    i._printf_pre_padding                    0x08004704   Section        0  printfa.o(i._printf_pre_padding)
    _printf_pre_padding                      0x08004705   Thumb Code    44  printfa.o(i._printf_pre_padding)
    i.accel_self_test                        0x08004730   Section        0  inv_mpu.o(i.accel_self_test)
    accel_self_test                          0x08004731   Thumb Code   104  inv_mpu.o(i.accel_self_test)
    i.asin                                   0x080047a4   Section        0  asin.o(i.asin)
    i.atan                                   0x08004a18   Section        0  atan.o(i.atan)
    i.atan2                                  0x08004c34   Section        0  atan2.o(i.atan2)
    i.bmp280_get_config                      0x08004dd0   Section        0  bmp280.o(i.bmp280_get_config)
    i.bmp280_get_regs                        0x08004e3c   Section        0  bmp280.o(i.bmp280_get_regs)
    i.bmp280_init                            0x08004e80   Section        0  bmp280.o(i.bmp280_init)
    i.bmp280_set_config                      0x08004ef0   Section        0  bmp280.o(i.bmp280_set_config)
    i.bmp280_set_power_mode                  0x08004efc   Section        0  bmp280.o(i.bmp280_set_power_mode)
    i.bmp280_set_regs                        0x08004f1c   Section        0  bmp280.o(i.bmp280_set_regs)
    i.bmp280_soft_reset                      0x08004fb4   Section        0  bmp280.o(i.bmp280_soft_reset)
    i.conf_sensor                            0x08004fe8   Section        0  bmp280.o(i.conf_sensor)
    conf_sensor                              0x08004fe9   Thumb Code   200  bmp280.o(i.conf_sensor)
    i.dmp_enable_6x_lp_quat                  0x080050b8   Section        0  inv_mpu_dmp_motion_driver.o(i.dmp_enable_6x_lp_quat)
    i.dmp_enable_feature                     0x080050f0   Section        0  inv_mpu_dmp_motion_driver.o(i.dmp_enable_feature)
    i.dmp_enable_gyro_cal                    0x080052a4   Section        0  inv_mpu_dmp_motion_driver.o(i.dmp_enable_gyro_cal)
    i.dmp_enable_lp_quat                     0x080052e4   Section        0  inv_mpu_dmp_motion_driver.o(i.dmp_enable_lp_quat)
    i.dmp_load_motion_driver_firmware        0x0800531c   Section        0  inv_mpu_dmp_motion_driver.o(i.dmp_load_motion_driver_firmware)
    i.dmp_read_fifo                          0x08005338   Section        0  inv_mpu_dmp_motion_driver.o(i.dmp_read_fifo)
    i.dmp_set_accel_bias                     0x080054ac   Section        0  inv_mpu_dmp_motion_driver.o(i.dmp_set_accel_bias)
    i.dmp_set_fifo_rate                      0x08005564   Section        0  inv_mpu_dmp_motion_driver.o(i.dmp_set_fifo_rate)
    i.dmp_set_gyro_bias                      0x080055d0   Section        0  inv_mpu_dmp_motion_driver.o(i.dmp_set_gyro_bias)
    i.dmp_set_orientation                    0x0800569c   Section        0  inv_mpu_dmp_motion_driver.o(i.dmp_set_orientation)
    i.dmp_set_shake_reject_thresh            0x0800578c   Section        0  inv_mpu_dmp_motion_driver.o(i.dmp_set_shake_reject_thresh)
    i.dmp_set_shake_reject_time              0x080057b8   Section        0  inv_mpu_dmp_motion_driver.o(i.dmp_set_shake_reject_time)
    i.dmp_set_shake_reject_timeout           0x080057d6   Section        0  inv_mpu_dmp_motion_driver.o(i.dmp_set_shake_reject_timeout)
    i.dmp_set_tap_axes                       0x080057f4   Section        0  inv_mpu_dmp_motion_driver.o(i.dmp_set_tap_axes)
    i.dmp_set_tap_count                      0x0800582a   Section        0  inv_mpu_dmp_motion_driver.o(i.dmp_set_tap_count)
    i.dmp_set_tap_thresh                     0x08005850   Section        0  inv_mpu_dmp_motion_driver.o(i.dmp_set_tap_thresh)
    i.dmp_set_tap_time                       0x08005980   Section        0  inv_mpu_dmp_motion_driver.o(i.dmp_set_tap_time)
    i.dmp_set_tap_time_multi                 0x0800599e   Section        0  inv_mpu_dmp_motion_driver.o(i.dmp_set_tap_time_multi)
    i.fputc                                  0x080059bc   Section        0  main.o(i.fputc)
    i.fuckYouDelay                           0x080059d4   Section        0  bmp280.o(i.fuckYouDelay)
    i.get_accel_prod_shift                   0x080059dc   Section        0  inv_mpu.o(i.get_accel_prod_shift)
    get_accel_prod_shift                     0x080059dd   Thumb Code   150  inv_mpu.o(i.get_accel_prod_shift)
    i.get_calib_param                        0x08005a80   Section        0  bmp280.o(i.get_calib_param)
    get_calib_param                          0x08005a81   Thumb Code   114  bmp280.o(i.get_calib_param)
    i.get_st_biases                          0x08005af8   Section        0  inv_mpu.o(i.get_st_biases)
    get_st_biases                            0x08005af9   Thumb Code   804  inv_mpu.o(i.get_st_biases)
    i.gyro_self_test                         0x08005e20   Section        0  inv_mpu.o(i.gyro_self_test)
    gyro_self_test                           0x08005e21   Thumb Code   178  inv_mpu.o(i.gyro_self_test)
    i.inv_orientation_matrix_to_scalar       0x08005eec   Section        0  inv_mpu.o(i.inv_orientation_matrix_to_scalar)
    i.inv_row_2_scale                        0x08005f0e   Section        0  inv_mpu.o(i.inv_row_2_scale)
    i.main                                   0x08005f50   Section        0  main.o(i.main)
    i.mget_ms                                0x08006120   Section        0  inv_mpu.o(i.mget_ms)
    i.mpu_configure_fifo                     0x08006124   Section        0  inv_mpu.o(i.mpu_configure_fifo)
    i.mpu_dmp_get_data                       0x08006180   Section        0  inv_mpu.o(i.mpu_dmp_get_data)
    i.mpu_dmp_init                           0x0800631c   Section        0  inv_mpu.o(i.mpu_dmp_init)
    i.mpu_get_accel_fsr                      0x080063c0   Section        0  inv_mpu.o(i.mpu_get_accel_fsr)
    i.mpu_get_accel_sens                     0x08006400   Section        0  inv_mpu.o(i.mpu_get_accel_sens)
    i.mpu_get_gyro_fsr                       0x08006448   Section        0  inv_mpu.o(i.mpu_get_gyro_fsr)
    i.mpu_get_gyro_sens                      0x08006480   Section        0  inv_mpu.o(i.mpu_get_gyro_sens)
    i.mpu_get_lpf                            0x080064c4   Section        0  inv_mpu.o(i.mpu_get_lpf)
    i.mpu_get_sample_rate                    0x08006500   Section        0  inv_mpu.o(i.mpu_get_sample_rate)
    i.mpu_init                               0x08006520   Section        0  inv_mpu.o(i.mpu_init)
    i.mpu_load_firmware                      0x080066b0   Section        0  inv_mpu.o(i.mpu_load_firmware)
    i.mpu_lp_accel_mode                      0x0800674c   Section        0  inv_mpu.o(i.mpu_lp_accel_mode)
    i.mpu_read_fifo_stream                   0x080067f4   Section        0  inv_mpu.o(i.mpu_read_fifo_stream)
    i.mpu_read_mem                           0x08006890   Section        0  inv_mpu.o(i.mpu_read_mem)
    i.mpu_reset_fifo                         0x080068e8   Section        0  inv_mpu.o(i.mpu_reset_fifo)
    i.mpu_run_self_test                      0x08006a54   Section        0  inv_mpu.o(i.mpu_run_self_test)
    i.mpu_set_accel_fsr                      0x08006b4c   Section        0  inv_mpu.o(i.mpu_set_accel_fsr)
    i.mpu_set_bypass                         0x08006bb4   Section        0  inv_mpu.o(i.mpu_set_bypass)
    i.mpu_set_dmp_state                      0x08006c90   Section        0  inv_mpu.o(i.mpu_set_dmp_state)
    i.mpu_set_gyro_fsr                       0x08006d08   Section        0  inv_mpu.o(i.mpu_set_gyro_fsr)
    i.mpu_set_int_latched                    0x08006d78   Section        0  inv_mpu.o(i.mpu_set_int_latched)
    i.mpu_set_lpf                            0x08006de0   Section        0  inv_mpu.o(i.mpu_set_lpf)
    i.mpu_set_sample_rate                    0x08006e4c   Section        0  inv_mpu.o(i.mpu_set_sample_rate)
    i.mpu_set_sensors                        0x08006ee0   Section        0  inv_mpu.o(i.mpu_set_sensors)
    i.mpu_write_mem                          0x08006f9c   Section        0  inv_mpu.o(i.mpu_write_mem)
    i.null_ptr_check                         0x08006ff4   Section        0  bmp280.o(i.null_ptr_check)
    null_ptr_check                           0x08006ff5   Thumb Code    36  bmp280.o(i.null_ptr_check)
    i.run_self_test                          0x0800701c   Section        0  inv_mpu.o(i.run_self_test)
    i.set_int_enable                         0x0800709c   Section        0  inv_mpu.o(i.set_int_enable)
    set_int_enable                           0x0800709d   Thumb Code    96  inv_mpu.o(i.set_int_enable)
    i.spi_reg_read                           0x08007100   Section        0  bmp280.o(i.spi_reg_read)
    i.spi_reg_write                          0x08007140   Section        0  bmp280.o(i.spi_reg_write)
    i.sqrt                                   0x080071b8   Section        0  sqrt.o(i.sqrt)
    .constdata                               0x08007200   Section     3062  inv_mpu_dmp_motion_driver.o(.constdata)
    dmp_memory                               0x08007200   Data        3062  inv_mpu_dmp_motion_driver.o(.constdata)
    .constdata                               0x08007df6   Section       27  inv_mpu.o(.constdata)
    .constdata                               0x08007e12   Section       12  inv_mpu.o(.constdata)
    .constdata                               0x08007e20   Section       40  inv_mpu.o(.constdata)
    .constdata                               0x08007e48   Section       16  system_stm32f0xx.o(.constdata)
    .constdata                               0x08007e58   Section        8  system_stm32f0xx.o(.constdata)
    .constdata                               0x08007e60   Section       80  asin.o(.constdata)
    pS                                       0x08007e60   Data          48  asin.o(.constdata)
    qS                                       0x08007e90   Data          32  asin.o(.constdata)
    .constdata                               0x08007eb0   Section      152  atan.o(.constdata)
    atanhi                                   0x08007eb0   Data          32  atan.o(.constdata)
    atanlo                                   0x08007ed0   Data          32  atan.o(.constdata)
    aTodd                                    0x08007ef0   Data          40  atan.o(.constdata)
    aTeven                                   0x08007f18   Data          48  atan.o(.constdata)
    .constdata                               0x08007f48   Section        8  qnan.o(.constdata)
    .conststring                             0x08007f50   Section       77  inv_mpu.o(.conststring)
    .data                                    0x20000000   Section       52  bmp280.o(.data)
    devInstance                              0x20000000   Data          52  bmp280.o(.data)
    .data                                    0x20000034   Section        4  bmp280.o(.data)
    dev                                      0x20000034   Data           4  bmp280.o(.data)
    .data                                    0x20000038   Section       53  inv_mpu.o(.data)
    st                                       0x20000038   Data          44  inv_mpu.o(.data)
    gyro_orientation                         0x20000064   Data           9  inv_mpu.o(.data)
    .data                                    0x20000070   Section       12  stm32f0xx_hal.o(.data)
    .data                                    0x2000007c   Section        4  system_stm32f0xx.o(.data)
    .data                                    0x20000080   Section        4  stdout.o(.data)
    .data                                    0x20000084   Section        4  errno.o(.data)
    _errno                                   0x20000084   Data           4  errno.o(.data)
    .bss                                     0x20000088   Section      112  control.o(.bss)
    PitchControl                             0x20000088   Data          56  control.o(.bss)
    RollControl                              0x200000c0   Data          56  control.o(.bss)
    .bss                                     0x200000f8   Section       16  inv_mpu_dmp_motion_driver.o(.bss)
    dmp                                      0x200000f8   Data          16  inv_mpu_dmp_motion_driver.o(.bss)
    .bss                                     0x20000108   Section      152  i2c.o(.bss)
    .bss                                     0x200001a0   Section      100  spi.o(.bss)
    .bss                                     0x20000204   Section       72  tim.o(.bss)
    .bss                                     0x2000024c   Section      132  usart.o(.bss)
    STACK                                    0x200002d0   Section     1024  startup_stm32f030x8.o(STACK)

    Global Symbols

    Symbol Name                              Value     Ov Type        Size  Object(Section)

    BuildAttributes$$THM_ISAv3M$S$PE$A:L22$X:L11$S22$IEEE1$IW$USESV6$~STKCKD$USESV7$~SHL$OTIME$ROPI$IEEEX$EBA8$MICROLIB$REQ8$PRES8$EABIv2 0x00000000   Number         0  anon$$obj.o ABSOLUTE
    __ARM_use_no_argv                        0x00000000   Number         0  main.o ABSOLUTE
    _printf_a                                0x00000000   Number         0  stubs.o ABSOLUTE
    _printf_c                                0x00000000   Number         0  stubs.o ABSOLUTE
    _printf_charcount                        0x00000000   Number         0  stubs.o ABSOLUTE
    _printf_d                                0x00000000   Number         0  stubs.o ABSOLUTE
    _printf_e                                0x00000000   Number         0  stubs.o ABSOLUTE
    _printf_f                                0x00000000   Number         0  stubs.o ABSOLUTE
    _printf_flags                            0x00000000   Number         0  stubs.o ABSOLUTE
    _printf_fp_dec                           0x00000000   Number         0  stubs.o ABSOLUTE
    _printf_fp_hex                           0x00000000   Number         0  stubs.o ABSOLUTE
    _printf_g                                0x00000000   Number         0  stubs.o ABSOLUTE
    _printf_i                                0x00000000   Number         0  stubs.o ABSOLUTE
    _printf_int_dec                          0x00000000   Number         0  stubs.o ABSOLUTE
    _printf_l                                0x00000000   Number         0  stubs.o ABSOLUTE
    _printf_lc                               0x00000000   Number         0  stubs.o ABSOLUTE
    _printf_ll                               0x00000000   Number         0  stubs.o ABSOLUTE
    _printf_lld                              0x00000000   Number         0  stubs.o ABSOLUTE
    _printf_lli                              0x00000000   Number         0  stubs.o ABSOLUTE
    _printf_llo                              0x00000000   Number         0  stubs.o ABSOLUTE
    _printf_llu                              0x00000000   Number         0  stubs.o ABSOLUTE
    _printf_llx                              0x00000000   Number         0  stubs.o ABSOLUTE
    _printf_longlong_dec                     0x00000000   Number         0  stubs.o ABSOLUTE
    _printf_longlong_hex                     0x00000000   Number         0  stubs.o ABSOLUTE
    _printf_longlong_oct                     0x00000000   Number         0  stubs.o ABSOLUTE
    _printf_ls                               0x00000000   Number         0  stubs.o ABSOLUTE
    _printf_mbtowc                           0x00000000   Number         0  stubs.o ABSOLUTE
    _printf_n                                0x00000000   Number         0  stubs.o ABSOLUTE
    _printf_o                                0x00000000   Number         0  stubs.o ABSOLUTE
    _printf_p                                0x00000000   Number         0  stubs.o ABSOLUTE
    _printf_percent                          0x00000000   Number         0  stubs.o ABSOLUTE
    _printf_pre_padding                      0x00000000   Number         0  stubs.o ABSOLUTE
    _printf_return_value                     0x00000000   Number         0  stubs.o ABSOLUTE
    _printf_s                                0x00000000   Number         0  stubs.o ABSOLUTE
    _printf_sizespec                         0x00000000   Number         0  stubs.o ABSOLUTE
    _printf_str                              0x00000000   Number         0  stubs.o ABSOLUTE
    _printf_truncate_signed                  0x00000000   Number         0  stubs.o ABSOLUTE
    _printf_truncate_unsigned                0x00000000   Number         0  stubs.o ABSOLUTE
    _printf_u                                0x00000000   Number         0  stubs.o ABSOLUTE
    _printf_wc                               0x00000000   Number         0  stubs.o ABSOLUTE
    _printf_wctomb                           0x00000000   Number         0  stubs.o ABSOLUTE
    _printf_widthprec                        0x00000000   Number         0  stubs.o ABSOLUTE
    _printf_x                                0x00000000   Number         0  stubs.o ABSOLUTE
    __arm_fini_                               - Undefined Weak Reference
    __cpp_initialize__aeabi_                  - Undefined Weak Reference
    __cxa_finalize                            - Undefined Weak Reference
    __decompress                              - Undefined Weak Reference
    _clock_init                               - Undefined Weak Reference
    _microlib_exit                            - Undefined Weak Reference
    __Vectors_Size                           0x000000b4   Number         0  startup_stm32f030x8.o ABSOLUTE
    __Vectors                                0x08000000   Data           4  startup_stm32f030x8.o(RESET)
    __Vectors_End                            0x080000b4   Data           0  startup_stm32f030x8.o(RESET)
    __main                                   0x080000b5   Thumb Code     0  entry.o(.ARM.Collect$$$$00000000)
    _main_stk                                0x080000b5   Thumb Code     0  entry2.o(.ARM.Collect$$$$00000001)
    _main_scatterload                        0x080000b9   Thumb Code     0  entry5.o(.ARM.Collect$$$$00000004)
    __main_after_scatterload                 0x080000bd   Thumb Code     0  entry5.o(.ARM.Collect$$$$00000004)
    _main_clock                              0x080000bd   Thumb Code     0  entry7b.o(.ARM.Collect$$$$00000008)
    _main_cpp_init                           0x080000bd   Thumb Code     0  entry8b.o(.ARM.Collect$$$$0000000A)
    _main_init                               0x080000bd   Thumb Code     0  entry9a.o(.ARM.Collect$$$$0000000B)
    __rt_lib_shutdown_fini                   0x080000c5   Thumb Code     0  entry12b.o(.ARM.Collect$$$$0000000E)
    __rt_final_cpp                           0x080000c9   Thumb Code     0  entry10a.o(.ARM.Collect$$$$0000000F)
    __rt_final_exit                          0x080000c9   Thumb Code     0  entry11a.o(.ARM.Collect$$$$00000011)
    Reset_Handler                            0x080000cd   Thumb Code     8  startup_stm32f030x8.o(.text)
    ADC1_IRQHandler                          0x080000df   Thumb Code     0  startup_stm32f030x8.o(.text)
    DMA1_Channel1_IRQHandler                 0x080000df   Thumb Code     0  startup_stm32f030x8.o(.text)
    DMA1_Channel2_3_IRQHandler               0x080000df   Thumb Code     0  startup_stm32f030x8.o(.text)
    DMA1_Channel4_5_IRQHandler               0x080000df   Thumb Code     0  startup_stm32f030x8.o(.text)
    EXTI0_1_IRQHandler                       0x080000df   Thumb Code     0  startup_stm32f030x8.o(.text)
    EXTI2_3_IRQHandler                       0x080000df   Thumb Code     0  startup_stm32f030x8.o(.text)
    EXTI4_15_IRQHandler                      0x080000df   Thumb Code     0  startup_stm32f030x8.o(.text)
    FLASH_IRQHandler                         0x080000df   Thumb Code     0  startup_stm32f030x8.o(.text)
    I2C1_IRQHandler                          0x080000df   Thumb Code     0  startup_stm32f030x8.o(.text)
    RCC_IRQHandler                           0x080000df   Thumb Code     0  startup_stm32f030x8.o(.text)
    RTC_IRQHandler                           0x080000df   Thumb Code     0  startup_stm32f030x8.o(.text)
    SPI2_IRQHandler                          0x080000df   Thumb Code     0  startup_stm32f030x8.o(.text)
    TIM14_IRQHandler                         0x080000df   Thumb Code     0  startup_stm32f030x8.o(.text)
    TIM15_IRQHandler                         0x080000df   Thumb Code     0  startup_stm32f030x8.o(.text)
    TIM16_IRQHandler                         0x080000df   Thumb Code     0  startup_stm32f030x8.o(.text)
    TIM17_IRQHandler                         0x080000df   Thumb Code     0  startup_stm32f030x8.o(.text)
    TIM1_BRK_UP_TRG_COM_IRQHandler           0x080000df   Thumb Code     0  startup_stm32f030x8.o(.text)
    TIM1_CC_IRQHandler                       0x080000df   Thumb Code     0  startup_stm32f030x8.o(.text)
    TIM3_IRQHandler                          0x080000df   Thumb Code     0  startup_stm32f030x8.o(.text)
    TIM6_IRQHandler                          0x080000df   Thumb Code     0  startup_stm32f030x8.o(.text)
    USART1_IRQHandler                        0x080000df   Thumb Code     0  startup_stm32f030x8.o(.text)
    USART2_IRQHandler                        0x080000df   Thumb Code     0  startup_stm32f030x8.o(.text)
    WWDG_IRQHandler                          0x080000df   Thumb Code     0  startup_stm32f030x8.o(.text)
    __aeabi_uidiv                            0x080000e9   Thumb Code     0  uidiv.o(.text)
    __aeabi_uidivmod                         0x080000e9   Thumb Code    44  uidiv.o(.text)
    __aeabi_idiv                             0x08000115   Thumb Code     0  idiv.o(.text)
    __aeabi_idivmod                          0x08000115   Thumb Code    40  idiv.o(.text)
    __aeabi_uldivmod                         0x0800013d   Thumb Code    96  uldiv.o(.text)
    __aeabi_ldivmod                          0x0800019d   Thumb Code    76  ldiv.o(.text)
    __aeabi_lmul                             0x080001e9   Thumb Code   122  llmul.o(.text)
    _ll_mul                                  0x080001e9   Thumb Code     0  llmul.o(.text)
    __aeabi_llsr                             0x08000263   Thumb Code    34  llushr.o(.text)
    _ll_ushift_r                             0x08000263   Thumb Code     0  llushr.o(.text)
    __aeabi_memcpy                           0x08000285   Thumb Code    36  memcpya.o(.text)
    __aeabi_memcpy4                          0x08000285   Thumb Code     0  memcpya.o(.text)
    __aeabi_memcpy8                          0x08000285   Thumb Code     0  memcpya.o(.text)
    __aeabi_memset                           0x080002a9   Thumb Code    14  memseta.o(.text)
    __aeabi_memset4                          0x080002a9   Thumb Code     0  memseta.o(.text)
    __aeabi_memset8                          0x080002a9   Thumb Code     0  memseta.o(.text)
    __aeabi_memclr                           0x080002b7   Thumb Code     4  memseta.o(.text)
    __aeabi_memclr4                          0x080002b7   Thumb Code     0  memseta.o(.text)
    __aeabi_memclr8                          0x080002b7   Thumb Code     0  memseta.o(.text)
    _memset$wrapper                          0x080002bb   Thumb Code    18  memseta.o(.text)
    memcmp                                   0x080002cd   Thumb Code    26  memcmp.o(.text)
    __aeabi_fadd                             0x080002e7   Thumb Code   162  fadd.o(.text)
    __aeabi_fsub                             0x08000389   Thumb Code     8  fadd.o(.text)
    __aeabi_frsub                            0x08000391   Thumb Code     8  fadd.o(.text)
    __aeabi_fmul                             0x08000399   Thumb Code   122  fmul.o(.text)
    __aeabi_fdiv                             0x08000413   Thumb Code   124  fdiv.o(.text)
    __ARM_scalbnf                            0x0800048f   Thumb Code    24  fscalb.o(.text)
    scalbnf                                  0x0800048f   Thumb Code     0  fscalb.o(.text)
    __aeabi_dadd                             0x080004a9   Thumb Code   330  dadd.o(.text)
    __aeabi_dsub                             0x080005f3   Thumb Code    12  dadd.o(.text)
    __aeabi_drsub                            0x080005ff   Thumb Code    12  dadd.o(.text)
    __aeabi_dmul                             0x08000611   Thumb Code   202  dmul.o(.text)
    __aeabi_ddiv                             0x080006e1   Thumb Code   234  ddiv.o(.text)
    __ARM_scalbn                             0x080007d1   Thumb Code    44  dscalb.o(.text)
    scalbn                                   0x080007d1   Thumb Code     0  dscalb.o(.text)
    __aeabi_i2f                              0x080007fd   Thumb Code    22  fflti.o(.text)
    __aeabi_ui2f                             0x08000813   Thumb Code    14  ffltui.o(.text)
    __aeabi_i2d                              0x08000821   Thumb Code    34  dflti.o(.text)
    __aeabi_f2iz                             0x08000849   Thumb Code    50  ffixi.o(.text)
    __aeabi_f2uiz                            0x0800087b   Thumb Code    40  ffixui.o(.text)
    __aeabi_f2d                              0x080008a3   Thumb Code    40  f2d.o(.text)
    __aeabi_cdcmpeq                          0x080008cd   Thumb Code     0  cdcmple.o(.text)
    __aeabi_cdcmple                          0x080008cd   Thumb Code    38  cdcmple.o(.text)
    __aeabi_cdrcmple                         0x080008f5   Thumb Code    38  cdrcmple.o(.text)
    __aeabi_d2f                              0x0800091d   Thumb Code    56  d2f.o(.text)
    __aeabi_cfcmpeq                          0x08000955   Thumb Code     0  cfcmple.o(.text)
    __aeabi_cfcmple                          0x08000955   Thumb Code    20  cfcmple.o(.text)
    __aeabi_cfrcmple                         0x08000969   Thumb Code    20  cfrcmple.o(.text)
    __aeabi_llsl                             0x0800097d   Thumb Code    32  llshl.o(.text)
    _ll_shift_l                              0x0800097d   Thumb Code     0  llshl.o(.text)
    __aeabi_lasr                             0x0800099d   Thumb Code    38  llsshr.o(.text)
    _ll_sshift_r                             0x0800099d   Thumb Code     0  llsshr.o(.text)
    __I$use$fp                               0x080009c3   Thumb Code     0  iusefp.o(.text)
    _float_round                             0x080009c3   Thumb Code    16  fepilogue.o(.text)
    _float_epilogue                          0x080009d3   Thumb Code   114  fepilogue.o(.text)
    _double_round                            0x08000a45   Thumb Code    26  depilogue.o(.text)
    _double_epilogue                         0x08000a5f   Thumb Code   164  depilogue.o(.text)
    __aeabi_d2ulz                            0x08000b05   Thumb Code    54  dfixul.o(.text)
    __scatterload                            0x08000b45   Thumb Code    28  init.o(.text)
    __scatterload_rt2                        0x08000b45   Thumb Code     0  init.o(.text)
    _dsqrt                                   0x08000b69   Thumb Code   162  dsqrt.o(.text)
    Controlling                              0x08000c0d   Thumb Code    68  control.o(i.Controlling)
    Error_Handler                            0x08000c65   Thumb Code     4  main.o(i.Error_Handler)
    HAL_DMA_Abort_IT                         0x08000c69   Thumb Code    72  stm32f0xx_hal_dma.o(i.HAL_DMA_Abort_IT)
    HAL_DMA_GetState                         0x08000cb1   Thumb Code     6  stm32f0xx_hal_dma.o(i.HAL_DMA_GetState)
    HAL_Delay                                0x08000cb9   Thumb Code    32  stm32f0xx_hal.o(i.HAL_Delay)
    HAL_GPIO_Init                            0x08000cdd   Thumb Code   396  stm32f0xx_hal_gpio.o(i.HAL_GPIO_Init)
    HAL_GPIO_WritePin                        0x08000e81   Thumb Code    12  stm32f0xx_hal_gpio.o(i.HAL_GPIO_WritePin)
    HAL_GetTick                              0x08000e8d   Thumb Code     6  stm32f0xx_hal.o(i.HAL_GetTick)
    HAL_I2CEx_ConfigAnalogFilter             0x08000e99   Thumb Code    74  stm32f0xx_hal_i2c_ex.o(i.HAL_I2CEx_ConfigAnalogFilter)
    HAL_I2CEx_ConfigDigitalFilter            0x08000ee3   Thumb Code    72  stm32f0xx_hal_i2c_ex.o(i.HAL_I2CEx_ConfigDigitalFilter)
    HAL_I2C_AbortCpltCallback                0x08000f2b   Thumb Code     2  stm32f0xx_hal_i2c.o(i.HAL_I2C_AbortCpltCallback)
    HAL_I2C_AddrCallback                     0x08000f2d   Thumb Code     2  stm32f0xx_hal_i2c.o(i.HAL_I2C_AddrCallback)
    HAL_I2C_ER_IRQHandler                    0x08000f2f   Thumb Code    94  stm32f0xx_hal_i2c.o(i.HAL_I2C_ER_IRQHandler)
    HAL_I2C_EV_IRQHandler                    0x08000f8d   Thumb Code    16  stm32f0xx_hal_i2c.o(i.HAL_I2C_EV_IRQHandler)
    HAL_I2C_ErrorCallback                    0x08000f9d   Thumb Code     2  stm32f0xx_hal_i2c.o(i.HAL_I2C_ErrorCallback)
    HAL_I2C_Init                             0x08000fa1   Thumb Code   176  stm32f0xx_hal_i2c.o(i.HAL_I2C_Init)
    HAL_I2C_ListenCpltCallback               0x08001055   Thumb Code     2  stm32f0xx_hal_i2c.o(i.HAL_I2C_ListenCpltCallback)
    HAL_I2C_Mem_Read                         0x08001059   Thumb Code   332  stm32f0xx_hal_i2c.o(i.HAL_I2C_Mem_Read)
    HAL_I2C_Mem_Write                        0x080011ad   Thumb Code   326  stm32f0xx_hal_i2c.o(i.HAL_I2C_Mem_Write)
    HAL_I2C_MspInit                          0x080012f9   Thumb Code   158  i2c.o(i.HAL_I2C_MspInit)
    HAL_I2C_SlaveRxCpltCallback              0x080013a9   Thumb Code     2  stm32f0xx_hal_i2c.o(i.HAL_I2C_SlaveRxCpltCallback)
    HAL_I2C_SlaveTxCpltCallback              0x080013ab   Thumb Code     2  stm32f0xx_hal_i2c.o(i.HAL_I2C_SlaveTxCpltCallback)
    HAL_IncTick                              0x080013ad   Thumb Code    12  stm32f0xx_hal.o(i.HAL_IncTick)
    HAL_Init                                 0x080013bd   Thumb Code    26  stm32f0xx_hal.o(i.HAL_Init)
    HAL_InitTick                             0x080013dd   Thumb Code    58  stm32f0xx_hal.o(i.HAL_InitTick)
    HAL_MspInit                              0x08001421   Thumb Code    34  stm32f0xx_hal_msp.o(i.HAL_MspInit)
    HAL_NVIC_EnableIRQ                       0x08001449   Thumb Code    18  stm32f0xx_hal_cortex.o(i.HAL_NVIC_EnableIRQ)
    HAL_NVIC_SetPriority                     0x08001461   Thumb Code     8  stm32f0xx_hal_cortex.o(i.HAL_NVIC_SetPriority)
    HAL_RCCEx_PeriphCLKConfig                0x08001469   Thumb Code   218  stm32f0xx_hal_rcc_ex.o(i.HAL_RCCEx_PeriphCLKConfig)
    HAL_RCC_ClockConfig                      0x08001551   Thumb Code   242  stm32f0xx_hal_rcc.o(i.HAL_RCC_ClockConfig)
    HAL_RCC_GetPCLK1Freq                     0x08001659   Thumb Code    20  stm32f0xx_hal_rcc.o(i.HAL_RCC_GetPCLK1Freq)
    HAL_RCC_GetSysClockFreq                  0x08001679   Thumb Code    84  stm32f0xx_hal_rcc.o(i.HAL_RCC_GetSysClockFreq)
    HAL_RCC_OscConfig                        0x080016f9   Thumb Code   890  stm32f0xx_hal_rcc.o(i.HAL_RCC_OscConfig)
    HAL_SPI_ErrorCallback                    0x08001a81   Thumb Code     2  stm32f0xx_hal_spi.o(i.HAL_SPI_ErrorCallback)
    HAL_SPI_IRQHandler                       0x08001a85   Thumb Code   244  stm32f0xx_hal_spi.o(i.HAL_SPI_IRQHandler)
    HAL_SPI_Init                             0x08001b7d   Thumb Code   238  stm32f0xx_hal_spi.o(i.HAL_SPI_Init)
    HAL_SPI_MspInit                          0x08001c6d   Thumb Code   134  spi.o(i.HAL_SPI_MspInit)
    HAL_SPI_Transmit                         0x08001d01   Thumb Code   352  stm32f0xx_hal_spi.o(i.HAL_SPI_Transmit)
    HAL_SPI_TransmitReceive                  0x08001e61   Thumb Code   498  stm32f0xx_hal_spi.o(i.HAL_SPI_TransmitReceive)
    HAL_SYSTICK_Config                       0x08002055   Thumb Code    38  stm32f0xx_hal_cortex.o(i.HAL_SYSTICK_Config)
    HAL_TIM_Base_Init                        0x08002085   Thumb Code    72  stm32f0xx_hal_tim.o(i.HAL_TIM_Base_Init)
    HAL_TIM_Base_MspInit                     0x080020cd   Thumb Code    28  tim.o(i.HAL_TIM_Base_MspInit)
    HAL_TIM_MspPostInit                      0x080020f1   Thumb Code    66  tim.o(i.HAL_TIM_MspPostInit)
    HAL_TIM_PWM_ConfigChannel                0x08002141   Thumb Code   208  stm32f0xx_hal_tim.o(i.HAL_TIM_PWM_ConfigChannel)
    HAL_TIM_PWM_Init                         0x08002211   Thumb Code    72  stm32f0xx_hal_tim.o(i.HAL_TIM_PWM_Init)
    HAL_TIM_PWM_MspInit                      0x08002259   Thumb Code     2  stm32f0xx_hal_tim.o(i.HAL_TIM_PWM_MspInit)
    HAL_TIM_PWM_Start                        0x0800225d   Thumb Code   148  stm32f0xx_hal_tim.o(i.HAL_TIM_PWM_Start)
    HAL_UART_Init                            0x08002305   Thumb Code   106  stm32f0xx_hal_uart.o(i.HAL_UART_Init)
    HAL_UART_MspInit                         0x08002371   Thumb Code    90  usart.o(i.HAL_UART_MspInit)
    HAL_UART_Transmit                        0x080023d5   Thumb Code   210  stm32f0xx_hal_uart.o(i.HAL_UART_Transmit)
    HardFault_Handler                        0x080024a7   Thumb Code     2  stm32f0xx_it.o(i.HardFault_Handler)
    I2C2_IRQHandler                          0x080024a9   Thumb Code    28  stm32f0xx_it.o(i.I2C2_IRQHandler)
    MPU_Get_Accelerometer                    0x08002c81   Thumb Code    50  mpu6050.o(i.MPU_Get_Accelerometer)
    MPU_Get_Gyroscope                        0x08002cb3   Thumb Code    50  mpu6050.o(i.MPU_Get_Gyroscope)
    MPU_Get_Temperature                      0x08002ce5   Thumb Code    60  mpu6050.o(i.MPU_Get_Temperature)
    MPU_Init                                 0x08002d31   Thumb Code   114  mpu6050.o(i.MPU_Init)
    MPU_Read_Byte                            0x08002da5   Thumb Code    40  mpu6050.o(i.MPU_Read_Byte)
    MPU_Read_Len                             0x08002dd1   Thumb Code    32  mpu6050.o(i.MPU_Read_Len)
    MPU_Set_Accel_Fsr                        0x08002df5   Thumb Code    14  mpu6050.o(i.MPU_Set_Accel_Fsr)
    MPU_Set_Gyro_Fsr                         0x08002e03   Thumb Code    14  mpu6050.o(i.MPU_Set_Gyro_Fsr)
    MPU_Set_LPF                              0x08002e11   Thumb Code    52  mpu6050.o(i.MPU_Set_LPF)
    MPU_Set_Rate                             0x08002e45   Thumb Code    46  mpu6050.o(i.MPU_Set_Rate)
    MPU_Write_Byte                           0x08002e75   Thumb Code    38  mpu6050.o(i.MPU_Write_Byte)
    MPU_Write_Len                            0x08002ea1   Thumb Code    32  mpu6050.o(i.MPU_Write_Len)
    MX_GPIO_Init                             0x08002ec5   Thumb Code   102  gpio.o(i.MX_GPIO_Init)
    MX_I2C1_Init                             0x08002f35   Thumb Code    76  i2c.o(i.MX_I2C1_Init)
    MX_I2C2_Init                             0x08002f8d   Thumb Code    76  i2c.o(i.MX_I2C2_Init)
    MX_SPI1_Init                             0x08002fe5   Thumb Code    66  spi.o(i.MX_SPI1_Init)
    MX_TIM14_Init                            0x08003031   Thumb Code    98  tim.o(i.MX_TIM14_Init)
    MX_USART1_UART_Init                      0x080030a1   Thumb Code    48  usart.o(i.MX_USART1_UART_Init)
    NMI_Handler                              0x080030d9   Thumb Code     2  stm32f0xx_it.o(i.NMI_Handler)
    OLED_Clear                               0x080030db   Thumb Code    60  oled.o(i.OLED_Clear)
    OLED_Display_On                          0x08003117   Thumb Code    28  oled.o(i.OLED_Display_On)
    OLED_Init                                0x08003135   Thumb Code   266  oled.o(i.OLED_Init)
    OLED_Set_Pos                             0x08003245   Thumb Code    40  oled.o(i.OLED_Set_Pos)
    OLED_WR_Byte                             0x0800326d   Thumb Code   118  oled.o(i.OLED_WR_Byte)
    PIDController_Update                     0x080032e9   Thumb Code   226  pid.o(i.PIDController_Update)
    PendSV_Handler                           0x080033cb   Thumb Code     2  stm32f0xx_it.o(i.PendSV_Handler)
    SPI1_IRQHandler                          0x080033cd   Thumb Code    10  stm32f0xx_it.o(i.SPI1_IRQHandler)
    SVC_Handler                              0x080035cd   Thumb Code     2  stm32f0xx_it.o(i.SVC_Handler)
    SysTick_Handler                          0x080035cf   Thumb Code     8  stm32f0xx_it.o(i.SysTick_Handler)
    SystemClock_Config                       0x080035d7   Thumb Code   110  main.o(i.SystemClock_Config)
    SystemInit                               0x08003645   Thumb Code     2  system_stm32f0xx.o(i.SystemInit)
    TIM_Base_SetConfig                       0x08003649   Thumb Code   112  stm32f0xx_hal_tim.o(i.TIM_Base_SetConfig)
    TIM_CCxChannelCmd                        0x080036d1   Thumb Code    26  stm32f0xx_hal_tim.o(i.TIM_CCxChannelCmd)
    TIM_OC2_SetConfig                        0x08003775   Thumb Code   110  stm32f0xx_hal_tim.o(i.TIM_OC2_SetConfig)
    UART_AdvFeatureConfig                    0x080038e5   Thumb Code   202  stm32f0xx_hal_uart.o(i.UART_AdvFeatureConfig)
    UART_CheckIdleState                      0x080039b1   Thumb Code    94  stm32f0xx_hal_uart.o(i.UART_CheckIdleState)
    UART_SetConfig                           0x08003a15   Thumb Code   282  stm32f0xx_hal_uart.o(i.UART_SetConfig)
    UART_WaitOnFlagUntilTimeout              0x08003b49   Thumb Code   212  stm32f0xx_hal_uart.o(i.UART_WaitOnFlagUntilTimeout)
    Vofa_view                                0x08003c1d   Thumb Code    16  imu_view.o(i.Vofa_view)
    __0printf                                0x08003c39   Thumb Code    24  printfa.o(i.__0printf)
    __1printf                                0x08003c39   Thumb Code     0  printfa.o(i.__0printf)
    __2printf                                0x08003c39   Thumb Code     0  printfa.o(i.__0printf)
    __c89printf                              0x08003c39   Thumb Code     0  printfa.o(i.__0printf)
    printf                                   0x08003c39   Thumb Code     0  printfa.o(i.__0printf)
    __ARM_clz                                0x08003c59   Thumb Code    46  depilogue.o(i.__ARM_clz)
    __ARM_common_ll_mulss                    0x08003c87   Thumb Code    48  inv_mpu_dmp_motion_driver.o(i.__ARM_common_ll_mulss)
    __ARM_common_ll_muluu                    0x08003cb7   Thumb Code    48  stm32f0xx_hal_rcc.o(i.__ARM_common_ll_muluu)
    __ARM_common_switch8                     0x08003ce7   Thumb Code    26  inv_mpu.o(i.__ARM_common_switch8)
    __ARM_fpclassify                         0x08003d01   Thumb Code    40  fpclassify.o(i.__ARM_fpclassify)
    __kernel_poly                            0x08003d71   Thumb Code   172  poly.o(i.__kernel_poly)
    __mathlib_dbl_infnan                     0x08003e1d   Thumb Code    10  dunder.o(i.__mathlib_dbl_infnan)
    __mathlib_dbl_infnan2                    0x08003e27   Thumb Code     8  dunder.o(i.__mathlib_dbl_infnan2)
    __mathlib_dbl_invalid                    0x08003e2f   Thumb Code    16  dunder.o(i.__mathlib_dbl_invalid)
    __mathlib_dbl_underflow                  0x08003e41   Thumb Code    14  dunder.o(i.__mathlib_dbl_underflow)
    __scatterload_copy                       0x08003e55   Thumb Code    14  handlers.o(i.__scatterload_copy)
    __scatterload_null                       0x08003e63   Thumb Code     2  handlers.o(i.__scatterload_null)
    __scatterload_zeroinit                   0x08003e65   Thumb Code    14  handlers.o(i.__scatterload_zeroinit)
    __set_errno                              0x08003e75   Thumb Code     6  errno.o(i.__set_errno)
    asin                                     0x080047a5   Thumb Code   574  asin.o(i.asin)
    atan                                     0x08004a19   Thumb Code   472  atan.o(i.atan)
    atan2                                    0x08004c35   Thumb Code   372  atan2.o(i.atan2)
    bmp280_get_config                        0x08004dd1   Thumb Code   104  bmp280.o(i.bmp280_get_config)
    bmp280_get_regs                          0x08004e3d   Thumb Code    62  bmp280.o(i.bmp280_get_regs)
    bmp280_init                              0x08004e81   Thumb Code   106  bmp280.o(i.bmp280_init)
    bmp280_set_config                        0x08004ef1   Thumb Code    12  bmp280.o(i.bmp280_set_config)
    bmp280_set_power_mode                    0x08004efd   Thumb Code    26  bmp280.o(i.bmp280_set_power_mode)
    bmp280_set_regs                          0x08004f1d   Thumb Code   148  bmp280.o(i.bmp280_set_regs)
    bmp280_soft_reset                        0x08004fb5   Thumb Code    46  bmp280.o(i.bmp280_soft_reset)
    dmp_enable_6x_lp_quat                    0x080050b9   Thumb Code    52  inv_mpu_dmp_motion_driver.o(i.dmp_enable_6x_lp_quat)
    dmp_enable_feature                       0x080050f1   Thumb Code   414  inv_mpu_dmp_motion_driver.o(i.dmp_enable_feature)
    dmp_enable_gyro_cal                      0x080052a5   Thumb Code    38  inv_mpu_dmp_motion_driver.o(i.dmp_enable_gyro_cal)
    dmp_enable_lp_quat                       0x080052e5   Thumb Code    52  inv_mpu_dmp_motion_driver.o(i.dmp_enable_lp_quat)
    dmp_load_motion_driver_firmware          0x0800531d   Thumb Code    18  inv_mpu_dmp_motion_driver.o(i.dmp_load_motion_driver_firmware)
    dmp_read_fifo                            0x08005339   Thumb Code   364  inv_mpu_dmp_motion_driver.o(i.dmp_read_fifo)
    dmp_set_accel_bias                       0x080054ad   Thumb Code   180  inv_mpu_dmp_motion_driver.o(i.dmp_set_accel_bias)
    dmp_set_fifo_rate                        0x08005565   Thumb Code    82  inv_mpu_dmp_motion_driver.o(i.dmp_set_fifo_rate)
    dmp_set_gyro_bias                        0x080055d1   Thumb Code   194  inv_mpu_dmp_motion_driver.o(i.dmp_set_gyro_bias)
    dmp_set_orientation                      0x0800569d   Thumb Code   214  inv_mpu_dmp_motion_driver.o(i.dmp_set_orientation)
    dmp_set_shake_reject_thresh              0x0800578d   Thumb Code    44  inv_mpu_dmp_motion_driver.o(i.dmp_set_shake_reject_thresh)
    dmp_set_shake_reject_time                0x080057b9   Thumb Code    30  inv_mpu_dmp_motion_driver.o(i.dmp_set_shake_reject_time)
    dmp_set_shake_reject_timeout             0x080057d7   Thumb Code    30  inv_mpu_dmp_motion_driver.o(i.dmp_set_shake_reject_timeout)
    dmp_set_tap_axes                         0x080057f5   Thumb Code    54  inv_mpu_dmp_motion_driver.o(i.dmp_set_tap_axes)
    dmp_set_tap_count                        0x0800582b   Thumb Code    36  inv_mpu_dmp_motion_driver.o(i.dmp_set_tap_count)
    dmp_set_tap_thresh                       0x08005851   Thumb Code   280  inv_mpu_dmp_motion_driver.o(i.dmp_set_tap_thresh)
    dmp_set_tap_time                         0x08005981   Thumb Code    30  inv_mpu_dmp_motion_driver.o(i.dmp_set_tap_time)
    dmp_set_tap_time_multi                   0x0800599f   Thumb Code    30  inv_mpu_dmp_motion_driver.o(i.dmp_set_tap_time_multi)
    fputc                                    0x080059bd   Thumb Code    20  main.o(i.fputc)
    fuckYouDelay                             0x080059d5   Thumb Code     8  bmp280.o(i.fuckYouDelay)
    inv_orientation_matrix_to_scalar         0x08005eed   Thumb Code    34  inv_mpu.o(i.inv_orientation_matrix_to_scalar)
    inv_row_2_scale                          0x08005f0f   Thumb Code    64  inv_mpu.o(i.inv_row_2_scale)
    main                                     0x08005f51   Thumb Code   272  main.o(i.main)
    mget_ms                                  0x08006121   Thumb Code     2  inv_mpu.o(i.mget_ms)
    mpu_configure_fifo                       0x08006125   Thumb Code    86  inv_mpu.o(i.mpu_configure_fifo)
    mpu_dmp_get_data                         0x08006181   Thumb Code   402  inv_mpu.o(i.mpu_dmp_get_data)
    mpu_dmp_init                             0x0800631d   Thumb Code   158  inv_mpu.o(i.mpu_dmp_init)
    mpu_get_accel_fsr                        0x080063c1   Thumb Code    58  inv_mpu.o(i.mpu_get_accel_fsr)
    mpu_get_accel_sens                       0x08006401   Thumb Code    64  inv_mpu.o(i.mpu_get_accel_sens)
    mpu_get_gyro_fsr                         0x08006449   Thumb Code    50  inv_mpu.o(i.mpu_get_gyro_fsr)
    mpu_get_gyro_sens                        0x08006481   Thumb Code    46  inv_mpu.o(i.mpu_get_gyro_sens)
    mpu_get_lpf                              0x080064c5   Thumb Code    54  inv_mpu.o(i.mpu_get_lpf)
    mpu_get_sample_rate                      0x08006501   Thumb Code    26  inv_mpu.o(i.mpu_get_sample_rate)
    mpu_init                                 0x08006521   Thumb Code   318  inv_mpu.o(i.mpu_init)
    mpu_load_firmware                        0x080066b1   Thumb Code   152  inv_mpu.o(i.mpu_load_firmware)
    mpu_lp_accel_mode                        0x0800674d   Thumb Code   162  inv_mpu.o(i.mpu_lp_accel_mode)
    mpu_read_fifo_stream                     0x080067f5   Thumb Code   152  inv_mpu.o(i.mpu_read_fifo_stream)
    mpu_read_mem                             0x08006891   Thumb Code    80  inv_mpu.o(i.mpu_read_mem)
    mpu_reset_fifo                           0x080068e9   Thumb Code   358  inv_mpu.o(i.mpu_reset_fifo)
    mpu_run_self_test                        0x08006a55   Thumb Code   242  inv_mpu.o(i.mpu_run_self_test)
    mpu_set_accel_fsr                        0x08006b4d   Thumb Code   100  inv_mpu.o(i.mpu_set_accel_fsr)
    mpu_set_bypass                           0x08006bb5   Thumb Code   216  inv_mpu.o(i.mpu_set_bypass)
    mpu_set_dmp_state                        0x08006c91   Thumb Code   114  inv_mpu.o(i.mpu_set_dmp_state)
    mpu_set_gyro_fsr                         0x08006d09   Thumb Code   106  inv_mpu.o(i.mpu_set_gyro_fsr)
    mpu_set_int_latched                      0x08006d79   Thumb Code   100  inv_mpu.o(i.mpu_set_int_latched)
    mpu_set_lpf                              0x08006de1   Thumb Code   104  inv_mpu.o(i.mpu_set_lpf)
    mpu_set_sample_rate                      0x08006e4d   Thumb Code   142  inv_mpu.o(i.mpu_set_sample_rate)
    mpu_set_sensors                          0x08006ee1   Thumb Code   184  inv_mpu.o(i.mpu_set_sensors)
    mpu_write_mem                            0x08006f9d   Thumb Code    80  inv_mpu.o(i.mpu_write_mem)
    run_self_test                            0x0800701d   Thumb Code   128  inv_mpu.o(i.run_self_test)
    spi_reg_read                             0x08007101   Thumb Code    34  bmp280.o(i.spi_reg_read)
    spi_reg_write                            0x08007141   Thumb Code    56  bmp280.o(i.spi_reg_write)
    sqrt                                     0x080071b9   Thumb Code    66  sqrt.o(i.sqrt)
    reg                                      0x08007df6   Data          27  inv_mpu.o(.constdata)
    hw                                       0x08007e12   Data          12  inv_mpu.o(.constdata)
    test                                     0x08007e20   Data          40  inv_mpu.o(.constdata)
    AHBPrescTable                            0x08007e48   Data          16  system_stm32f0xx.o(.constdata)
    APBPrescTable                            0x08007e58   Data           8  system_stm32f0xx.o(.constdata)
    __mathlib_zero                           0x08007f48   Data           8  qnan.o(.constdata)
    Region$$Table$$Base                      0x08007fa0   Number         0  anon$$obj.o(Region$$Table)
    Region$$Table$$Limit                     0x08007fc0   Number         0  anon$$obj.o(Region$$Table)
    uwTickFreq                               0x20000070   Data           1  stm32f0xx_hal.o(.data)
    uwTickPrio                               0x20000074   Data           4  stm32f0xx_hal.o(.data)
    uwTick                                   0x20000078   Data           4  stm32f0xx_hal.o(.data)
    SystemCoreClock                          0x2000007c   Data           4  system_stm32f0xx.o(.data)
    __stdout                                 0x20000080   Data           4  stdout.o(.data)
    hi2c1                                    0x20000108   Data          76  i2c.o(.bss)
    hi2c2                                    0x20000154   Data          76  i2c.o(.bss)
    hspi1                                    0x200001a0   Data         100  spi.o(.bss)
    htim14                                   0x20000204   Data          72  tim.o(.bss)
    huart1                                   0x2000024c   Data         132  usart.o(.bss)
    __initial_sp                             0x200006d0   Data           0  startup_stm32f030x8.o(STACK)



==============================================================================

Memory Map of the image

  Image Entry point : 0x080000b5

  Load Region LR_IROM1 (Base: 0x08000000, Size: 0x00008048, Max: 0x00010000, ABSOLUTE)

    Execution Region ER_IROM1 (Exec base: 0x08000000, Load base: 0x08000000, Size: 0x00007fc0, Max: 0x00010000, ABSOLUTE)

    Exec Addr    Load Addr    Size         Type   Attr      Idx    E Section Name        Object

    0x08000000   0x08000000   0x000000b4   Data   RO            3    RESET               startup_stm32f030x8.o
    0x080000b4   0x080000b4   0x00000000   Code   RO         4689  * .ARM.Collect$$$$00000000  mc_p.l(entry.o)
    0x080000b4   0x080000b4   0x00000004   Code   RO         5052    .ARM.Collect$$$$00000001  mc_p.l(entry2.o)
    0x080000b8   0x080000b8   0x00000004   Code   RO         5055    .ARM.Collect$$$$00000004  mc_p.l(entry5.o)
    0x080000bc   0x080000bc   0x00000000   Code   RO         5057    .ARM.Collect$$$$00000008  mc_p.l(entry7b.o)
    0x080000bc   0x080000bc   0x00000000   Code   RO         5059    .ARM.Collect$$$$0000000A  mc_p.l(entry8b.o)
    0x080000bc   0x080000bc   0x00000008   Code   RO         5060    .ARM.Collect$$$$0000000B  mc_p.l(entry9a.o)
    0x080000c4   0x080000c4   0x00000004   Code   RO         5067    .ARM.Collect$$$$0000000E  mc_p.l(entry12b.o)
    0x080000c8   0x080000c8   0x00000000   Code   RO         5062    .ARM.Collect$$$$0000000F  mc_p.l(entry10a.o)
    0x080000c8   0x080000c8   0x00000000   Code   RO         5064    .ARM.Collect$$$$00000011  mc_p.l(entry11a.o)
    0x080000c8   0x080000c8   0x00000004   Code   RO         5053    .ARM.Collect$$$$00002712  mc_p.l(entry2.o)
    0x080000cc   0x080000cc   0x0000001c   Code   RO            4    .text               startup_stm32f030x8.o
    0x080000e8   0x080000e8   0x0000002c   Code   RO         4692    .text               mc_p.l(uidiv.o)
    0x08000114   0x08000114   0x00000028   Code   RO         4694    .text               mc_p.l(idiv.o)
    0x0800013c   0x0800013c   0x00000060   Code   RO         4696    .text               mc_p.l(uldiv.o)
    0x0800019c   0x0800019c   0x0000004c   Code   RO         4698    .text               mc_p.l(ldiv.o)
    0x080001e8   0x080001e8   0x0000007a   Code   RO         4700    .text               mc_p.l(llmul.o)
    0x08000262   0x08000262   0x00000022   Code   RO         4702    .text               mc_p.l(llushr.o)
    0x08000284   0x08000284   0x00000024   Code   RO         4704    .text               mc_p.l(memcpya.o)
    0x080002a8   0x080002a8   0x00000024   Code   RO         4706    .text               mc_p.l(memseta.o)
    0x080002cc   0x080002cc   0x0000001a   Code   RO         4708    .text               mc_p.l(memcmp.o)
    0x080002e6   0x080002e6   0x000000b2   Code   RO         4973    .text               mf_p.l(fadd.o)
    0x08000398   0x08000398   0x0000007a   Code   RO         4975    .text               mf_p.l(fmul.o)
    0x08000412   0x08000412   0x0000007c   Code   RO         4977    .text               mf_p.l(fdiv.o)
    0x0800048e   0x0800048e   0x00000018   Code   RO         4979    .text               mf_p.l(fscalb.o)
    0x080004a6   0x080004a6   0x00000002   PAD
    0x080004a8   0x080004a8   0x00000168   Code   RO         4981    .text               mf_p.l(dadd.o)
    0x08000610   0x08000610   0x000000d0   Code   RO         4983    .text               mf_p.l(dmul.o)
    0x080006e0   0x080006e0   0x000000f0   Code   RO         4985    .text               mf_p.l(ddiv.o)
    0x080007d0   0x080007d0   0x0000002c   Code   RO         4987    .text               mf_p.l(dscalb.o)
    0x080007fc   0x080007fc   0x00000016   Code   RO         4989    .text               mf_p.l(fflti.o)
    0x08000812   0x08000812   0x0000000e   Code   RO         4991    .text               mf_p.l(ffltui.o)
    0x08000820   0x08000820   0x00000028   Code   RO         4993    .text               mf_p.l(dflti.o)
    0x08000848   0x08000848   0x00000032   Code   RO         4997    .text               mf_p.l(ffixi.o)
    0x0800087a   0x0800087a   0x00000028   Code   RO         4999    .text               mf_p.l(ffixui.o)
    0x080008a2   0x080008a2   0x00000028   Code   RO         5003    .text               mf_p.l(f2d.o)
    0x080008ca   0x080008ca   0x00000002   PAD
    0x080008cc   0x080008cc   0x00000028   Code   RO         5005    .text               mf_p.l(cdcmple.o)
    0x080008f4   0x080008f4   0x00000028   Code   RO         5007    .text               mf_p.l(cdrcmple.o)
    0x0800091c   0x0800091c   0x00000038   Code   RO         5009    .text               mf_p.l(d2f.o)
    0x08000954   0x08000954   0x00000014   Code   RO         5011    .text               mf_p.l(cfcmple.o)
    0x08000968   0x08000968   0x00000014   Code   RO         5013    .text               mf_p.l(cfrcmple.o)
    0x0800097c   0x0800097c   0x00000020   Code   RO         5069    .text               mc_p.l(llshl.o)
    0x0800099c   0x0800099c   0x00000026   Code   RO         5071    .text               mc_p.l(llsshr.o)
    0x080009c2   0x080009c2   0x00000000   Code   RO         5080    .text               mc_p.l(iusefp.o)
    0x080009c2   0x080009c2   0x00000082   Code   RO         5081    .text               mf_p.l(fepilogue.o)
    0x08000a44   0x08000a44   0x000000be   Code   RO         5083    .text               mf_p.l(depilogue.o)
    0x08000b02   0x08000b02   0x00000002   PAD
    0x08000b04   0x08000b04   0x00000040   Code   RO         5087    .text               mf_p.l(dfixul.o)
    0x08000b44   0x08000b44   0x00000024   Code   RO         5089    .text               mc_p.l(init.o)
    0x08000b68   0x08000b68   0x000000a2   Code   RO         5091    .text               mf_p.l(dsqrt.o)
    0x08000c0a   0x08000c0a   0x00000002   PAD
    0x08000c0c   0x08000c0c   0x00000058   Code   RO          278    i.Controlling       control.o
    0x08000c64   0x08000c64   0x00000004   Code   RO         1176    i.Error_Handler     main.o
    0x08000c68   0x08000c68   0x00000048   Code   RO         2373    i.HAL_DMA_Abort_IT  stm32f0xx_hal_dma.o
    0x08000cb0   0x08000cb0   0x00000006   Code   RO         2376    i.HAL_DMA_GetState  stm32f0xx_hal_dma.o
    0x08000cb6   0x08000cb6   0x00000002   PAD
    0x08000cb8   0x08000cb8   0x00000024   Code   RO         2155    i.HAL_Delay         stm32f0xx_hal.o
    0x08000cdc   0x08000cdc   0x000001a4   Code   RO         2311    i.HAL_GPIO_Init     stm32f0xx_hal_gpio.o
    0x08000e80   0x08000e80   0x0000000c   Code   RO         2315    i.HAL_GPIO_WritePin  stm32f0xx_hal_gpio.o
    0x08000e8c   0x08000e8c   0x0000000c   Code   RO         2159    i.HAL_GetTick       stm32f0xx_hal.o
    0x08000e98   0x08000e98   0x0000004a   Code   RO         1986    i.HAL_I2CEx_ConfigAnalogFilter  stm32f0xx_hal_i2c_ex.o
    0x08000ee2   0x08000ee2   0x00000048   Code   RO         1987    i.HAL_I2CEx_ConfigDigitalFilter  stm32f0xx_hal_i2c_ex.o
    0x08000f2a   0x08000f2a   0x00000002   Code   RO         1528    i.HAL_I2C_AbortCpltCallback  stm32f0xx_hal_i2c.o
    0x08000f2c   0x08000f2c   0x00000002   Code   RO         1529    i.HAL_I2C_AddrCallback  stm32f0xx_hal_i2c.o
    0x08000f2e   0x08000f2e   0x0000005e   Code   RO         1532    i.HAL_I2C_ER_IRQHandler  stm32f0xx_hal_i2c.o
    0x08000f8c   0x08000f8c   0x00000010   Code   RO         1533    i.HAL_I2C_EV_IRQHandler  stm32f0xx_hal_i2c.o
    0x08000f9c   0x08000f9c   0x00000002   Code   RO         1535    i.HAL_I2C_ErrorCallback  stm32f0xx_hal_i2c.o
    0x08000f9e   0x08000f9e   0x00000002   PAD
    0x08000fa0   0x08000fa0   0x000000b4   Code   RO         1539    i.HAL_I2C_Init      stm32f0xx_hal_i2c.o
    0x08001054   0x08001054   0x00000002   Code   RO         1541    i.HAL_I2C_ListenCpltCallback  stm32f0xx_hal_i2c.o
    0x08001056   0x08001056   0x00000002   PAD
    0x08001058   0x08001058   0x00000154   Code   RO         1557    i.HAL_I2C_Mem_Read  stm32f0xx_hal_i2c.o
    0x080011ac   0x080011ac   0x0000014c   Code   RO         1560    i.HAL_I2C_Mem_Write  stm32f0xx_hal_i2c.o
    0x080012f8   0x080012f8   0x000000b0   Code   RO         1258    i.HAL_I2C_MspInit   i2c.o
    0x080013a8   0x080013a8   0x00000002   Code   RO         1565    i.HAL_I2C_SlaveRxCpltCallback  stm32f0xx_hal_i2c.o
    0x080013aa   0x080013aa   0x00000002   Code   RO         1566    i.HAL_I2C_SlaveTxCpltCallback  stm32f0xx_hal_i2c.o
    0x080013ac   0x080013ac   0x00000010   Code   RO         2165    i.HAL_IncTick       stm32f0xx_hal.o
    0x080013bc   0x080013bc   0x00000020   Code   RO         2166    i.HAL_Init          stm32f0xx_hal.o
    0x080013dc   0x080013dc   0x00000044   Code   RO         2167    i.HAL_InitTick      stm32f0xx_hal.o
    0x08001420   0x08001420   0x00000028   Code   RO         1481    i.HAL_MspInit       stm32f0xx_hal_msp.o
    0x08001448   0x08001448   0x00000018   Code   RO         2468    i.HAL_NVIC_EnableIRQ  stm32f0xx_hal_cortex.o
    0x08001460   0x08001460   0x00000008   Code   RO         2472    i.HAL_NVIC_SetPriority  stm32f0xx_hal_cortex.o
    0x08001468   0x08001468   0x000000e8   Code   RO         2120    i.HAL_RCCEx_PeriphCLKConfig  stm32f0xx_hal_rcc_ex.o
    0x08001550   0x08001550   0x00000108   Code   RO         2025    i.HAL_RCC_ClockConfig  stm32f0xx_hal_rcc.o
    0x08001658   0x08001658   0x00000020   Code   RO         2032    i.HAL_RCC_GetPCLK1Freq  stm32f0xx_hal_rcc.o
    0x08001678   0x08001678   0x00000080   Code   RO         2033    i.HAL_RCC_GetSysClockFreq  stm32f0xx_hal_rcc.o
    0x080016f8   0x080016f8   0x00000388   Code   RO         2036    i.HAL_RCC_OscConfig  stm32f0xx_hal_rcc.o
    0x08001a80   0x08001a80   0x00000002   Code   RO         2915    i.HAL_SPI_ErrorCallback  stm32f0xx_hal_spi.o
    0x08001a82   0x08001a82   0x00000002   PAD
    0x08001a84   0x08001a84   0x000000f8   Code   RO         2918    i.HAL_SPI_IRQHandler  stm32f0xx_hal_spi.o
    0x08001b7c   0x08001b7c   0x000000ee   Code   RO         2919    i.HAL_SPI_Init      stm32f0xx_hal_spi.o
    0x08001c6a   0x08001c6a   0x00000002   PAD
    0x08001c6c   0x08001c6c   0x00000094   Code   RO         1302    i.HAL_SPI_MspInit   spi.o
    0x08001d00   0x08001d00   0x00000160   Code   RO         2927    i.HAL_SPI_Transmit  stm32f0xx_hal_spi.o
    0x08001e60   0x08001e60   0x000001f2   Code   RO         2928    i.HAL_SPI_TransmitReceive  stm32f0xx_hal_spi.o
    0x08002052   0x08002052   0x00000002   PAD
    0x08002054   0x08002054   0x00000030   Code   RO         2476    i.HAL_SYSTICK_Config  stm32f0xx_hal_cortex.o
    0x08002084   0x08002084   0x00000048   Code   RO         3253    i.HAL_TIM_Base_Init  stm32f0xx_hal_tim.o
    0x080020cc   0x080020cc   0x00000024   Code   RO         1340    i.HAL_TIM_Base_MspInit  tim.o
    0x080020f0   0x080020f0   0x00000050   Code   RO         1341    i.HAL_TIM_MspPostInit  tim.o
    0x08002140   0x08002140   0x000000d0   Code   RO         3325    i.HAL_TIM_PWM_ConfigChannel  stm32f0xx_hal_tim.o
    0x08002210   0x08002210   0x00000048   Code   RO         3328    i.HAL_TIM_PWM_Init  stm32f0xx_hal_tim.o
    0x08002258   0x08002258   0x00000002   Code   RO         3330    i.HAL_TIM_PWM_MspInit  stm32f0xx_hal_tim.o
    0x0800225a   0x0800225a   0x00000002   PAD
    0x0800225c   0x0800225c   0x000000a8   Code   RO         3333    i.HAL_TIM_PWM_Start  stm32f0xx_hal_tim.o
    0x08002304   0x08002304   0x0000006a   Code   RO         4243    i.HAL_UART_Init     stm32f0xx_hal_uart.o
    0x0800236e   0x0800236e   0x00000002   PAD
    0x08002370   0x08002370   0x00000064   Code   RO         1384    i.HAL_UART_MspInit  usart.o
    0x080023d4   0x080023d4   0x000000d2   Code   RO         4252    i.HAL_UART_Transmit  stm32f0xx_hal_uart.o
    0x080024a6   0x080024a6   0x00000002   Code   RO         1421    i.HardFault_Handler  stm32f0xx_it.o
    0x080024a8   0x080024a8   0x00000020   Code   RO         1422    i.I2C2_IRQHandler   stm32f0xx_it.o
    0x080024c8   0x080024c8   0x0000001c   Code   RO         1578    i.I2C_DMAAbort      stm32f0xx_hal_i2c.o
    0x080024e4   0x080024e4   0x00000052   Code   RO         1584    i.I2C_Disable_IRQ   stm32f0xx_hal_i2c.o
    0x08002536   0x08002536   0x00000022   Code   RO         1586    i.I2C_Flush_TXDR    stm32f0xx_hal_i2c.o
    0x08002558   0x08002558   0x0000007c   Code   RO         1587    i.I2C_ITAddrCplt    stm32f0xx_hal_i2c.o
    0x080025d4   0x080025d4   0x000000ec   Code   RO         1588    i.I2C_ITError       stm32f0xx_hal_i2c.o
    0x080026c0   0x080026c0   0x00000068   Code   RO         1589    i.I2C_ITListenCplt  stm32f0xx_hal_i2c.o
    0x08002728   0x08002728   0x0000013c   Code   RO         1592    i.I2C_ITSlaveCplt   stm32f0xx_hal_i2c.o
    0x08002864   0x08002864   0x0000006a   Code   RO         1593    i.I2C_ITSlaveSeqCplt  stm32f0xx_hal_i2c.o
    0x080028ce   0x080028ce   0x00000002   PAD
    0x080028d0   0x080028d0   0x00000088   Code   RO         1594    i.I2C_IsAcknowledgeFailed  stm32f0xx_hal_i2c.o
    0x08002958   0x08002958   0x00000060   Code   RO         1597    i.I2C_RequestMemoryRead  stm32f0xx_hal_i2c.o
    0x080029b8   0x080029b8   0x00000060   Code   RO         1598    i.I2C_RequestMemoryWrite  stm32f0xx_hal_i2c.o
    0x08002a18   0x08002a18   0x00000130   Code   RO         1600    i.I2C_Slave_ISR_IT  stm32f0xx_hal_i2c.o
    0x08002b48   0x08002b48   0x00000028   Code   RO         1601    i.I2C_TransferConfig  stm32f0xx_hal_i2c.o
    0x08002b70   0x08002b70   0x00000026   Code   RO         1602    i.I2C_TreatErrorCallback  stm32f0xx_hal_i2c.o
    0x08002b96   0x08002b96   0x0000004e   Code   RO         1603    i.I2C_WaitOnFlagUntilTimeout  stm32f0xx_hal_i2c.o
    0x08002be4   0x08002be4   0x0000004c   Code   RO         1605    i.I2C_WaitOnSTOPFlagUntilTimeout  stm32f0xx_hal_i2c.o
    0x08002c30   0x08002c30   0x00000050   Code   RO         1606    i.I2C_WaitOnTXISFlagUntilTimeout  stm32f0xx_hal_i2c.o
    0x08002c80   0x08002c80   0x00000032   Code   RO          318    i.MPU_Get_Accelerometer  mpu6050.o
    0x08002cb2   0x08002cb2   0x00000032   Code   RO          319    i.MPU_Get_Gyroscope  mpu6050.o
    0x08002ce4   0x08002ce4   0x0000004c   Code   RO          320    i.MPU_Get_Temperature  mpu6050.o
    0x08002d30   0x08002d30   0x00000072   Code   RO          321    i.MPU_Init          mpu6050.o
    0x08002da2   0x08002da2   0x00000002   PAD
    0x08002da4   0x08002da4   0x0000002c   Code   RO          322    i.MPU_Read_Byte     mpu6050.o
    0x08002dd0   0x08002dd0   0x00000024   Code   RO          323    i.MPU_Read_Len      mpu6050.o
    0x08002df4   0x08002df4   0x0000000e   Code   RO          324    i.MPU_Set_Accel_Fsr  mpu6050.o
    0x08002e02   0x08002e02   0x0000000e   Code   RO          325    i.MPU_Set_Gyro_Fsr  mpu6050.o
    0x08002e10   0x08002e10   0x00000034   Code   RO          326    i.MPU_Set_LPF       mpu6050.o
    0x08002e44   0x08002e44   0x0000002e   Code   RO          327    i.MPU_Set_Rate      mpu6050.o
    0x08002e72   0x08002e72   0x00000002   PAD
    0x08002e74   0x08002e74   0x0000002c   Code   RO          328    i.MPU_Write_Byte    mpu6050.o
    0x08002ea0   0x08002ea0   0x00000024   Code   RO          329    i.MPU_Write_Len     mpu6050.o
    0x08002ec4   0x08002ec4   0x00000070   Code   RO         1237    i.MX_GPIO_Init      gpio.o
    0x08002f34   0x08002f34   0x00000058   Code   RO         1259    i.MX_I2C1_Init      i2c.o
    0x08002f8c   0x08002f8c   0x00000058   Code   RO         1260    i.MX_I2C2_Init      i2c.o
    0x08002fe4   0x08002fe4   0x0000004c   Code   RO         1303    i.MX_SPI1_Init      spi.o
    0x08003030   0x08003030   0x00000070   Code   RO         1342    i.MX_TIM14_Init     tim.o
    0x080030a0   0x080030a0   0x00000038   Code   RO         1385    i.MX_USART1_UART_Init  usart.o
    0x080030d8   0x080030d8   0x00000002   Code   RO         1423    i.NMI_Handler       stm32f0xx_it.o
    0x080030da   0x080030da   0x0000003c   Code   RO          143    i.OLED_Clear        oled.o
    0x08003116   0x08003116   0x0000001c   Code   RO          145    i.OLED_Display_On   oled.o
    0x08003132   0x08003132   0x00000002   PAD
    0x08003134   0x08003134   0x00000110   Code   RO          147    i.OLED_Init         oled.o
    0x08003244   0x08003244   0x00000028   Code   RO          148    i.OLED_Set_Pos      oled.o
    0x0800326c   0x0800326c   0x0000007c   Code   RO          154    i.OLED_WR_Byte      oled.o
    0x080032e8   0x080032e8   0x000000e2   Code   RO         1501    i.PIDController_Update  pid.o
    0x080033ca   0x080033ca   0x00000002   Code   RO         1424    i.PendSV_Handler    stm32f0xx_it.o
    0x080033cc   0x080033cc   0x00000010   Code   RO         1425    i.SPI1_IRQHandler   stm32f0xx_it.o
    0x080033dc   0x080033dc   0x00000012   Code   RO         2946    i.SPI_DMAAbortOnError  stm32f0xx_hal_spi.o
    0x080033ee   0x080033ee   0x0000004c   Code   RO         2957    i.SPI_EndRxTxTransaction  stm32f0xx_hal_spi.o
    0x0800343a   0x0800343a   0x00000002   PAD
    0x0800343c   0x0800343c   0x000000d8   Code   RO         2962    i.SPI_WaitFifoStateUntilTimeout  stm32f0xx_hal_spi.o
    0x08003514   0x08003514   0x000000b8   Code   RO         2963    i.SPI_WaitFlagStateUntilTimeout  stm32f0xx_hal_spi.o
    0x080035cc   0x080035cc   0x00000002   Code   RO         1426    i.SVC_Handler       stm32f0xx_it.o
    0x080035ce   0x080035ce   0x00000008   Code   RO         1427    i.SysTick_Handler   stm32f0xx_it.o
    0x080035d6   0x080035d6   0x0000006e   Code   RO         1177    i.SystemClock_Config  main.o
    0x08003644   0x08003644   0x00000002   Code   RO         4640    i.SystemInit        system_stm32f0xx.o
    0x08003646   0x08003646   0x00000002   PAD
    0x08003648   0x08003648   0x00000088   Code   RO         3346    i.TIM_Base_SetConfig  stm32f0xx_hal_tim.o
    0x080036d0   0x080036d0   0x0000001a   Code   RO         3347    i.TIM_CCxChannelCmd  stm32f0xx_hal_tim.o
    0x080036ea   0x080036ea   0x00000002   PAD
    0x080036ec   0x080036ec   0x00000088   Code   RO         3359    i.TIM_OC1_SetConfig  stm32f0xx_hal_tim.o
    0x08003774   0x08003774   0x00000080   Code   RO         3360    i.TIM_OC2_SetConfig  stm32f0xx_hal_tim.o
    0x080037f4   0x080037f4   0x00000084   Code   RO         3361    i.TIM_OC3_SetConfig  stm32f0xx_hal_tim.o
    0x08003878   0x08003878   0x0000006c   Code   RO         3362    i.TIM_OC4_SetConfig  stm32f0xx_hal_tim.o
    0x080038e4   0x080038e4   0x000000ca   Code   RO         4257    i.UART_AdvFeatureConfig  stm32f0xx_hal_uart.o
    0x080039ae   0x080039ae   0x00000002   PAD
    0x080039b0   0x080039b0   0x00000064   Code   RO         4258    i.UART_CheckIdleState  stm32f0xx_hal_uart.o
    0x08003a14   0x08003a14   0x00000134   Code   RO         4273    i.UART_SetConfig    stm32f0xx_hal_uart.o
    0x08003b48   0x08003b48   0x000000d4   Code   RO         4278    i.UART_WaitOnFlagUntilTimeout  stm32f0xx_hal_uart.o
    0x08003c1c   0x08003c1c   0x0000001c   Code   RO          571    i.Vofa_view         imu_view.o
    0x08003c38   0x08003c38   0x00000020   Code   RO         4945    i.__0printf         mc_p.l(printfa.o)
    0x08003c58   0x08003c58   0x0000002e   Code   RO         5085    i.__ARM_clz         mf_p.l(depilogue.o)
    0x08003c86   0x08003c86   0x00000030   Code   RO          806    i.__ARM_common_ll_mulss  inv_mpu_dmp_motion_driver.o
    0x08003cb6   0x08003cb6   0x00000030   Code   RO         2110    i.__ARM_common_ll_muluu  stm32f0xx_hal_rcc.o
    0x08003ce6   0x08003ce6   0x0000001a   Code   RO         1158    i.__ARM_common_switch8  inv_mpu.o
    0x08003d00   0x08003d00   0x0000002c   Code   RO         5039    i.__ARM_fpclassify  m_ps.l(fpclassify.o)
    0x08003d2c   0x08003d2c   0x00000044   Code   RO         2478    i.__NVIC_SetPriority  stm32f0xx_hal_cortex.o
    0x08003d70   0x08003d70   0x000000ac   Code   RO         5041    i.__kernel_poly     m_ps.l(poly.o)
    0x08003e1c   0x08003e1c   0x0000000a   Code   RO         5026    i.__mathlib_dbl_infnan  m_ps.l(dunder.o)
    0x08003e26   0x08003e26   0x00000008   Code   RO         5027    i.__mathlib_dbl_infnan2  m_ps.l(dunder.o)
    0x08003e2e   0x08003e2e   0x00000010   Code   RO         5028    i.__mathlib_dbl_invalid  m_ps.l(dunder.o)
    0x08003e3e   0x08003e3e   0x00000002   PAD
    0x08003e40   0x08003e40   0x00000014   Code   RO         5031    i.__mathlib_dbl_underflow  m_ps.l(dunder.o)
    0x08003e54   0x08003e54   0x0000000e   Code   RO         5095    i.__scatterload_copy  mc_p.l(handlers.o)
    0x08003e62   0x08003e62   0x00000002   Code   RO         5096    i.__scatterload_null  mc_p.l(handlers.o)
    0x08003e64   0x08003e64   0x0000000e   Code   RO         5097    i.__scatterload_zeroinit  mc_p.l(handlers.o)
    0x08003e72   0x08003e72   0x00000002   PAD
    0x08003e74   0x08003e74   0x0000000c   Code   RO         5075    i.__set_errno       mc_p.l(errno.o)
    0x08003e80   0x08003e80   0x00000174   Code   RO         4952    i._fp_digits        mc_p.l(printfa.o)
    0x08003ff4   0x08003ff4   0x000006f0   Code   RO         4953    i._printf_core      mc_p.l(printfa.o)
    0x080046e4   0x080046e4   0x00000020   Code   RO         4954    i._printf_post_padding  mc_p.l(printfa.o)
    0x08004704   0x08004704   0x0000002c   Code   RO         4955    i._printf_pre_padding  mc_p.l(printfa.o)
    0x08004730   0x08004730   0x00000074   Code   RO          839    i.accel_self_test   inv_mpu.o
    0x080047a4   0x080047a4   0x00000274   Code   RO         4672    i.asin              m_ps.l(asin.o)
    0x08004a18   0x08004a18   0x0000021c   Code   RO         5016    i.atan              m_ps.l(atan.o)
    0x08004c34   0x08004c34   0x0000019c   Code   RO         4682    i.atan2             m_ps.l(atan2.o)
    0x08004dd0   0x08004dd0   0x0000006c   Code   RO          419    i.bmp280_get_config  bmp280.o
    0x08004e3c   0x08004e3c   0x00000044   Code   RO          421    i.bmp280_get_regs   bmp280.o
    0x08004e80   0x08004e80   0x00000070   Code   RO          424    i.bmp280_init       bmp280.o
    0x08004ef0   0x08004ef0   0x0000000c   Code   RO          425    i.bmp280_set_config  bmp280.o
    0x08004efc   0x08004efc   0x00000020   Code   RO          426    i.bmp280_set_power_mode  bmp280.o
    0x08004f1c   0x08004f1c   0x00000098   Code   RO          427    i.bmp280_set_regs   bmp280.o
    0x08004fb4   0x08004fb4   0x00000034   Code   RO          428    i.bmp280_soft_reset  bmp280.o
    0x08004fe8   0x08004fe8   0x000000d0   Code   RO          429    i.conf_sensor       bmp280.o
    0x080050b8   0x080050b8   0x00000038   Code   RO          637    i.dmp_enable_6x_lp_quat  inv_mpu_dmp_motion_driver.o
    0x080050f0   0x080050f0   0x000001b4   Code   RO          638    i.dmp_enable_feature  inv_mpu_dmp_motion_driver.o
    0x080052a4   0x080052a4   0x00000040   Code   RO          639    i.dmp_enable_gyro_cal  inv_mpu_dmp_motion_driver.o
    0x080052e4   0x080052e4   0x00000038   Code   RO          640    i.dmp_enable_lp_quat  inv_mpu_dmp_motion_driver.o
    0x0800531c   0x0800531c   0x0000001c   Code   RO          645    i.dmp_load_motion_driver_firmware  inv_mpu_dmp_motion_driver.o
    0x08005338   0x08005338   0x00000174   Code   RO          646    i.dmp_read_fifo     inv_mpu_dmp_motion_driver.o
    0x080054ac   0x080054ac   0x000000b8   Code   RO          649    i.dmp_set_accel_bias  inv_mpu_dmp_motion_driver.o
    0x08005564   0x08005564   0x0000006c   Code   RO          650    i.dmp_set_fifo_rate  inv_mpu_dmp_motion_driver.o
    0x080055d0   0x080055d0   0x000000cc   Code   RO          651    i.dmp_set_gyro_bias  inv_mpu_dmp_motion_driver.o
    0x0800569c   0x0800569c   0x000000f0   Code   RO          653    i.dmp_set_orientation  inv_mpu_dmp_motion_driver.o
    0x0800578c   0x0800578c   0x0000002c   Code   RO          656    i.dmp_set_shake_reject_thresh  inv_mpu_dmp_motion_driver.o
    0x080057b8   0x080057b8   0x0000001e   Code   RO          657    i.dmp_set_shake_reject_time  inv_mpu_dmp_motion_driver.o
    0x080057d6   0x080057d6   0x0000001e   Code   RO          658    i.dmp_set_shake_reject_timeout  inv_mpu_dmp_motion_driver.o
    0x080057f4   0x080057f4   0x00000036   Code   RO          659    i.dmp_set_tap_axes  inv_mpu_dmp_motion_driver.o
    0x0800582a   0x0800582a   0x00000024   Code   RO          660    i.dmp_set_tap_count  inv_mpu_dmp_motion_driver.o
    0x0800584e   0x0800584e   0x00000002   PAD
    0x08005850   0x08005850   0x00000130   Code   RO          661    i.dmp_set_tap_thresh  inv_mpu_dmp_motion_driver.o
    0x08005980   0x08005980   0x0000001e   Code   RO          662    i.dmp_set_tap_time  inv_mpu_dmp_motion_driver.o
    0x0800599e   0x0800599e   0x0000001e   Code   RO          663    i.dmp_set_tap_time_multi  inv_mpu_dmp_motion_driver.o
    0x080059bc   0x080059bc   0x00000018   Code   RO         1178    i.fputc             main.o
    0x080059d4   0x080059d4   0x00000008   Code   RO          430    i.fuckYouDelay      bmp280.o
    0x080059dc   0x080059dc   0x000000a4   Code   RO          840    i.get_accel_prod_shift  inv_mpu.o
    0x08005a80   0x08005a80   0x00000078   Code   RO          431    i.get_calib_param   bmp280.o
    0x08005af8   0x08005af8   0x00000328   Code   RO          841    i.get_st_biases     inv_mpu.o
    0x08005e20   0x08005e20   0x000000cc   Code   RO          842    i.gyro_self_test    inv_mpu.o
    0x08005eec   0x08005eec   0x00000022   Code   RO          843    i.inv_orientation_matrix_to_scalar  inv_mpu.o
    0x08005f0e   0x08005f0e   0x00000040   Code   RO          844    i.inv_row_2_scale   inv_mpu.o
    0x08005f4e   0x08005f4e   0x00000002   PAD
    0x08005f50   0x08005f50   0x000001d0   Code   RO         1179    i.main              main.o
    0x08006120   0x08006120   0x00000002   Code   RO          845    i.mget_ms           inv_mpu.o
    0x08006122   0x08006122   0x00000002   PAD
    0x08006124   0x08006124   0x0000005c   Code   RO          846    i.mpu_configure_fifo  inv_mpu.o
    0x08006180   0x08006180   0x0000019c   Code   RO          847    i.mpu_dmp_get_data  inv_mpu.o
    0x0800631c   0x0800631c   0x000000a4   Code   RO          848    i.mpu_dmp_init      inv_mpu.o
    0x080063c0   0x080063c0   0x00000040   Code   RO          849    i.mpu_get_accel_fsr  inv_mpu.o
    0x08006400   0x08006400   0x00000048   Code   RO          851    i.mpu_get_accel_sens  inv_mpu.o
    0x08006448   0x08006448   0x00000038   Code   RO          857    i.mpu_get_gyro_fsr  inv_mpu.o
    0x08006480   0x08006480   0x00000044   Code   RO          859    i.mpu_get_gyro_sens  inv_mpu.o
    0x080064c4   0x080064c4   0x0000003c   Code   RO          861    i.mpu_get_lpf       inv_mpu.o
    0x08006500   0x08006500   0x00000020   Code   RO          863    i.mpu_get_sample_rate  inv_mpu.o
    0x08006520   0x08006520   0x00000190   Code   RO          865    i.mpu_init          inv_mpu.o
    0x080066b0   0x080066b0   0x0000009c   Code   RO          866    i.mpu_load_firmware  inv_mpu.o
    0x0800674c   0x0800674c   0x000000a8   Code   RO          867    i.mpu_lp_accel_mode  inv_mpu.o
    0x080067f4   0x080067f4   0x0000009c   Code   RO          870    i.mpu_read_fifo_stream  inv_mpu.o
    0x08006890   0x08006890   0x00000058   Code   RO          871    i.mpu_read_mem      inv_mpu.o
    0x080068e8   0x080068e8   0x0000016c   Code   RO          874    i.mpu_reset_fifo    inv_mpu.o
    0x08006a54   0x08006a54   0x000000f8   Code   RO          875    i.mpu_run_self_test  inv_mpu.o
    0x08006b4c   0x08006b4c   0x00000068   Code   RO          877    i.mpu_set_accel_fsr  inv_mpu.o
    0x08006bb4   0x08006bb4   0x000000dc   Code   RO          878    i.mpu_set_bypass    inv_mpu.o
    0x08006c90   0x08006c90   0x00000078   Code   RO          880    i.mpu_set_dmp_state  inv_mpu.o
    0x08006d08   0x08006d08   0x00000070   Code   RO          881    i.mpu_set_gyro_fsr  inv_mpu.o
    0x08006d78   0x08006d78   0x00000068   Code   RO          882    i.mpu_set_int_latched  inv_mpu.o
    0x08006de0   0x08006de0   0x0000006c   Code   RO          884    i.mpu_set_lpf       inv_mpu.o
    0x08006e4c   0x08006e4c   0x00000094   Code   RO          885    i.mpu_set_sample_rate  inv_mpu.o
    0x08006ee0   0x08006ee0   0x000000bc   Code   RO          886    i.mpu_set_sensors   inv_mpu.o
    0x08006f9c   0x08006f9c   0x00000058   Code   RO          887    i.mpu_write_mem     inv_mpu.o
    0x08006ff4   0x08006ff4   0x00000028   Code   RO          432    i.null_ptr_check    bmp280.o
    0x0800701c   0x0800701c   0x00000080   Code   RO          888    i.run_self_test     inv_mpu.o
    0x0800709c   0x0800709c   0x00000064   Code   RO          889    i.set_int_enable    inv_mpu.o
    0x08007100   0x08007100   0x00000040   Code   RO          433    i.spi_reg_read      bmp280.o
    0x08007140   0x08007140   0x00000078   Code   RO          434    i.spi_reg_write     bmp280.o
    0x080071b8   0x080071b8   0x00000048   Code   RO         5045    i.sqrt              m_ps.l(sqrt.o)
    0x08007200   0x08007200   0x00000bf6   Data   RO          665    .constdata          inv_mpu_dmp_motion_driver.o
    0x08007df6   0x08007df6   0x0000001b   Data   RO          891    .constdata          inv_mpu.o
    0x08007e11   0x08007e11   0x00000001   PAD
    0x08007e12   0x08007e12   0x0000000c   Data   RO          892    .constdata          inv_mpu.o
    0x08007e1e   0x08007e1e   0x00000002   PAD
    0x08007e20   0x08007e20   0x00000028   Data   RO          893    .constdata          inv_mpu.o
    0x08007e48   0x08007e48   0x00000010   Data   RO         4641    .constdata          system_stm32f0xx.o
    0x08007e58   0x08007e58   0x00000008   Data   RO         4642    .constdata          system_stm32f0xx.o
    0x08007e60   0x08007e60   0x00000050   Data   RO         4673    .constdata          m_ps.l(asin.o)
    0x08007eb0   0x08007eb0   0x00000098   Data   RO         5017    .constdata          m_ps.l(atan.o)
    0x08007f48   0x08007f48   0x00000008   Data   RO         5043    .constdata          m_ps.l(qnan.o)
    0x08007f50   0x08007f50   0x0000004d   Data   RO          894    .conststring        inv_mpu.o
    0x08007f9d   0x08007f9d   0x00000003   PAD
    0x08007fa0   0x08007fa0   0x00000020   Data   RO         5093    Region$$Table       anon$$obj.o


    Execution Region RW_IRAM1 (Exec base: 0x20000000, Load base: 0x08007fc0, Size: 0x000006d0, Max: 0x00002000, ABSOLUTE)

    Exec Addr    Load Addr    Size         Type   Attr      Idx    E Section Name        Object

    0x20000000   0x08007fc0   0x00000034   Data   RW          435    .data               bmp280.o
    0x20000034   0x08007ff4   0x00000004   Data   RW          436    .data               bmp280.o
    0x20000038   0x08007ff8   0x00000035   Data   RW          895    .data               inv_mpu.o
    0x2000006d   0x0800802d   0x00000003   PAD
    0x20000070   0x08008030   0x0000000c   Data   RW         2173    .data               stm32f0xx_hal.o
    0x2000007c   0x0800803c   0x00000004   Data   RW         4643    .data               system_stm32f0xx.o
    0x20000080   0x08008040   0x00000004   Data   RW         5068    .data               mc_p.l(stdout.o)
    0x20000084   0x08008044   0x00000004   Data   RW         5076    .data               mc_p.l(errno.o)
    0x20000088        -       0x00000070   Zero   RW          280    .bss                control.o
    0x200000f8        -       0x00000010   Zero   RW          664    .bss                inv_mpu_dmp_motion_driver.o
    0x20000108        -       0x00000098   Zero   RW         1261    .bss                i2c.o
    0x200001a0        -       0x00000064   Zero   RW         1304    .bss                spi.o
    0x20000204        -       0x00000048   Zero   RW         1343    .bss                tim.o
    0x2000024c        -       0x00000084   Zero   RW         1386    .bss                usart.o
    0x200002d0        -       0x00000400   Zero   RW            1    STACK               startup_stm32f030x8.o


==============================================================================

Image component sizes


      Code (inc. data)   RO Data    RW Data    ZI Data      Debug   Object Name

      1096        144          0         56          0      17480   bmp280.o
        88         20          0          0        112       1270   control.o
       112         10          0          0          0        859   gpio.o
       352         42          0          0        152       2234   i2c.o
        28         12          0          0          0        532   imu_view.o
      5438        308        156         53          0      30210   inv_mpu.o
      2354        164       3062          0         16      19502   inv_mpu_dmp_motion_driver.o
         0          0          0          0          0     287656   led.o
       602        196          0          0          0       3240   main.o
       576         34          0          0          0       7429   mpu6050.o
       524         12          0          0          0       4985   oled.o
       226          0          0          0          0       1723   pid.o
       224         24          0          0        100       1661   spi.o
        28          8        180          0       1024        624   startup_stm32f030x8.o
       164         30          0         12          0       7853   stm32f0xx_hal.o
       148         24          0          0          0      10281   stm32f0xx_hal_cortex.o
        78          0          0          0          0       1630   stm32f0xx_hal_dma.o
       432         24          0          0          0       2116   stm32f0xx_hal_gpio.o
      2948         90          0          0          0      22618   stm32f0xx_hal_i2c.o
       146          0          0          0          0       1883   stm32f0xx_hal_i2c_ex.o
        40          6          0          0          0        814   stm32f0xx_hal_msp.o
      1376         92          0          0          0       4609   stm32f0xx_hal_rcc.o
       232         14          0          0          0       1348   stm32f0xx_hal_rcc_ex.o
      1832         12          0          0          0       9957   stm32f0xx_hal_spi.o
      1188        114          0          0          0       8996   stm32f0xx_hal_tim.o
      1138         32          0          0          0       9301   stm32f0xx_hal_uart.o
        64         10          0          0          0       3023   stm32f0xx_it.o
         2          0         24          4          0       1099   system_stm32f0xx.o
       228         36          0          0         72       2178   tim.o
       156         18          0          0        132       1614   usart.o

    ----------------------------------------------------------------------
     21858       1476       3460        128       1608     468725   Object Totals
         0          0         32          0          0          0   (incl. Generated)
        38          0          6          3          0          0   (incl. Padding)

    ----------------------------------------------------------------------

      Code (inc. data)   RO Data    RW Data    ZI Data      Debug   Library Member Name

       628         54         80          0          0        104   asin.o
       540         68        152          0          0        112   atan.o
       412         40          0          0          0        144   atan2.o
        54          6          0          0          0        272   dunder.o
        44          4          0          0          0         60   fpclassify.o
       172          0          0          0          0         76   poly.o
         0          0          8          0          0          0   qnan.o
        72          6          0          0          0         76   sqrt.o
         0          0          0          0          0          0   entry.o
         0          0          0          0          0          0   entry10a.o
         0          0          0          0          0          0   entry11a.o
         4          0          0          0          0          0   entry12b.o
         8          4          0          0          0          0   entry2.o
         4          0          0          0          0          0   entry5.o
         0          0          0          0          0          0   entry7b.o
         0          0          0          0          0          0   entry8b.o
         8          4          0          0          0          0   entry9a.o
        12          6          0          4          0         60   errno.o
        30          0          0          0          0          0   handlers.o
        40          0          0          0          0         72   idiv.o
        36          8          0          0          0         68   init.o
         0          0          0          0          0          0   iusefp.o
        76          0          0          0          0         76   ldiv.o
       122          0          0          0          0         84   llmul.o
        32          0          0          0          0         68   llshl.o
        38          0          0          0          0         68   llsshr.o
        34          0          0          0          0         68   llushr.o
        26          0          0          0          0         72   memcmp.o
        36          0          0          0          0         60   memcpya.o
        36          0          0          0          0        100   memseta.o
      2256         98          0          0          0        412   printfa.o
         0          0          0          4          0          0   stdout.o
        44          0          0          0          0         72   uidiv.o
        96          0          0          0          0         84   uldiv.o
        40          2          0          0          0         68   cdcmple.o
        40          2          0          0          0         68   cdrcmple.o
        20          0          0          0          0         68   cfcmple.o
        20          0          0          0          0         68   cfrcmple.o
        56          0          0          0          0         68   d2f.o
       360          6          0          0          0        140   dadd.o
       240          6          0          0          0         84   ddiv.o
       236          0          0          0          0        216   depilogue.o
        64         10          0          0          0         68   dfixul.o
        40          6          0          0          0         68   dflti.o
       208          6          0          0          0         88   dmul.o
        44          0          0          0          0         72   dscalb.o
       162          0          0          0          0         80   dsqrt.o
        40          0          0          0          0         60   f2d.o
       178          0          0          0          0        108   fadd.o
       124          0          0          0          0         72   fdiv.o
       130          0          0          0          0        144   fepilogue.o
        50          0          0          0          0         60   ffixi.o
        40          0          0          0          0         60   ffixui.o
        22          0          0          0          0         68   fflti.o
        14          0          0          0          0         68   ffltui.o
       122          0          0          0          0         72   fmul.o
        24          0          0          0          0         60   fscalb.o

    ----------------------------------------------------------------------
      7146        336        240          8          0       4136   Library Totals
        12          0          0          0          0          0   (incl. Padding)

    ----------------------------------------------------------------------

      Code (inc. data)   RO Data    RW Data    ZI Data      Debug   Library Name

      1922        178        240          0          0        844   m_ps.l
      2938        120          0          8          0       1364   mc_p.l
      2274         38          0          0          0       1928   mf_p.l

    ----------------------------------------------------------------------
      7146        336        240          8          0       4136   Library Totals

    ----------------------------------------------------------------------

==============================================================================


      Code (inc. data)   RO Data    RW Data    ZI Data      Debug   

     29004       1812       3700        136       1608     462773   Grand Totals
     29004       1812       3700        136       1608     462773   ELF Image Totals
     29004       1812       3700        136          0          0   ROM Totals

==============================================================================

    Total RO  Size (Code + RO Data)                32704 (  31.94kB)
    Total RW  Size (RW Data + ZI Data)              1744 (   1.70kB)
    Total ROM Size (Code + RO Data + RW Data)      32840 (  32.07kB)

==============================================================================

