<html>
<body>
<pre>
<h1>µVision Build Log</h1>
<h2>Tool Versions:</h2>
IDE-Version: ¦ÌVision V5.33.0.0
Copyright (C) 2020 ARM Ltd and ARM Germany GmbH. All rights reserved.
License Information: wu mingpu, 1, LIC=TIVNB-2Z0X5-CXXU6-DFSHL-SQ46K-0K0BB
 
Tool Versions:
Toolchain:       MDK-ARM Plus  Version: 5.33.0.0
Toolchain Path:  C:\Keil_v5\ARM\ARMCC\Bin
C Compiler:      Armcc.exe V5.06 update 7 (build 960)
Assembler:       Armasm.exe V5.06 update 7 (build 960)
Linker/Locator:  ArmLink.exe V5.06 update 7 (build 960)
Library Manager: ArmAr.exe V5.06 update 7 (build 960)
Hex Converter:   FromElf.exe V5.06 update 7 (build 960)
CPU DLL:         SARMCM3.DLL V5.33.0.0
Dialog DLL:      DARMCM1.DLL V1.19.4.0
Target DLL:      STLink\ST-LINKIII-KEIL_SWO.dll V3.0.8.0
Dialog DLL:      TARMCM1.DLL V1.14.3.0
 
<h2>Project:</h2>
C:\Users\renxinrui\Documents\Wmp\mcu\pro\FlyCon\MDK-ARM\MyflyCon.uvprojx
Project File Date:  08/10/2023

<h2>Output:</h2>
*** Using Compiler 'V5.06 update 7 (build 960)', folder: 'C:\Keil_v5\ARM\ARMCC\Bin'
Build target 'MyflyCon'
compiling control.c...
..\Core\control\control.h(4): warning:  #1295-D: Deprecated declaration ControlInit - give arg types
  void ControlInit();
..\Core\control\control.c: 1 warning, 0 errors
compiling led.c...
compiling motor.c...
compiling mpu6050.c...
compiling imu_view.c...
..\Core\Imu\imu_view.c(28): warning:  #223-D: function "printf" declared implicitly
      printf("%d,%d,%d\n",roll_,pitch_,yaw_);
..\Core\Imu\imu_view.c: 1 warning, 0 errors
compiling oled.c...
..\Core\oled\oled.c(240): warning:  #167-D: argument of type "char *" is incompatible with parameter of type "u8 *"
      OLED_ShowString(0,0,pitchbuffer);
..\Core\oled\oled.c(241): warning:  #167-D: argument of type "char *" is incompatible with parameter of type "u8 *"
      OLED_ShowString(0,2,rollbuffer);
..\Core\oled\oled.c(242): warning:  #167-D: argument of type "char *" is incompatible with parameter of type "u8 *"
      OLED_ShowString(0,4,yawbuffer);
..\Core\oled\oled.c: 3 warnings, 0 errors
compiling bmp280.c...
..\Core\HighSensor\bmp280.c(179): warning:  #223-D: function "printf" declared implicitly
          printf("Write spi reg error %d\r\n",ret);
..\Core\HighSensor\bmp280.c(185): warning:  #223-D: function "printf" declared implicitly
          printf("Write spi data error %d\r\n",ret);
..\Core\HighSensor\bmp280.c(197): warning:  #223-D: function "printf" declared implicitly
          printf("Read spi reg error %d\r\n",ret);
..\Core\HighSensor\bmp280.c(148): warning:  #177-D: function "i2c_reg_read"  was declared but never referenced
  static int8_t i2c_reg_read(uint8_t i2c_addr, uint8_t reg_addr, uint8_t *reg_data, uint16_t length)
..\Core\HighSensor\bmp280.c(159): warning:  #177-D: function "i2c_reg_write"  was declared but never referenced
  static int8_t i2c_reg_write(uint8_t i2c_addr, uint8_t reg_addr, uint8_t *reg_data, uint16_t length)
..\Core\HighSensor\bmp280.c: 5 warnings, 0 errors
compiling inv_mpu_dmp_motion_driver.c...
compiling gpio.c...
compiling i2c.c...
compiling spi.c...
compiling tim.c...
compiling usart.c...
compiling main.c...
..\Core\Control\control.h(4): warning:  #1295-D: Deprecated declaration ControlInit - give arg types
  void ControlInit();
../Core/Src/main.c(99): warning:  #177-D: variable "ucomp_data"  was declared but never referenced
      struct bmp280_uncomp_data ucomp_data;
../Core/Src/main.c(100): warning:  #177-D: variable "temp32"  was declared but never referenced
      int32_t temp32;
../Core/Src/main.c(101): warning:  #177-D: variable "pres32"  was declared but never referenced
      uint32_t pres32, pres64;
../Core/Src/main.c(101): warning:  #177-D: variable "pres64"  was declared but never referenced
      uint32_t pres32, pres64;
../Core/Src/main.c(103): warning:  #177-D: variable "pres"  was declared but never referenced
      double pres;
../Core/Src/main.c: 6 warnings, 0 errors
compiling PID.c...
compiling inv_mpu.c...
compiling stm32f0xx_it.c...
compiling stm32f0xx_hal_msp.c...
compiling stm32f0xx_hal_i2c_ex.c...
compiling stm32f0xx_hal_rcc_ex.c...
compiling stm32f0xx_hal.c...
compiling stm32f0xx_hal_rcc.c...
compiling stm32f0xx_hal_i2c.c...
compiling stm32f0xx_hal_cortex.c...
compiling stm32f0xx_hal_gpio.c...
compiling stm32f0xx_hal_pwr.c...
compiling stm32f0xx_hal_pwr_ex.c...
compiling stm32f0xx_hal_dma.c...
compiling stm32f0xx_hal_flash.c...
compiling stm32f0xx_hal_flash_ex.c...
compiling stm32f0xx_hal_spi_ex.c...
compiling stm32f0xx_hal_exti.c...
compiling stm32f0xx_hal_tim_ex.c...
compiling stm32f0xx_hal_uart_ex.c...
compiling stm32f0xx_hal_uart.c...
compiling stm32f0xx_hal_spi.c...
compiling system_stm32f0xx.c...
compiling stm32f0xx_hal_tim.c...
linking...
Program Size: Code=29004 RO-data=3700 RW-data=136 ZI-data=1608  
FromELF: creating hex file...
"MyflyCon\MyflyCon.axf" - 0 Error(s), 16 Warning(s).

<h2>Software Packages used:</h2>

Package Vendor: ARM
                http://www.keil.com/pack/ARM.CMSIS.5.7.0.pack
                ARM.CMSIS.5.7.0
                CMSIS (Cortex Microcontroller Software Interface Standard)
   * Component: CORE Version: 5.4.0

Package Vendor: Keil
                http://www.keil.com/pack/Keil.STM32F0xx_DFP.2.0.0.pack
                Keil.STM32F0xx_DFP.2.0.0
                STMicroelectronics STM32F0 Series Device Support, Drivers and Examples

<h2>Collection of Component include folders:</h2>
  .\RTE\_MyflyCon
  C:\Users\renxinrui\AppData\Local\Arm\Packs\ARM\CMSIS\5.7.0\CMSIS\Core\Include
  C:\Users\renxinrui\AppData\Local\Arm\Packs\Keil\STM32F0xx_DFP\2.0.0\Drivers\CMSIS\Device\ST\STM32F0xx\Include

<h2>Collection of Component Files used:</h2>

   * Component: ARM::CMSIS:CORE:5.4.0
      Include file:  CMSIS\Core\Include\tz_context.h
Build Time Elapsed:  00:00:13
</pre>
</body>
</html>
